Archive member included to satisfy reference by file (symbol)

/opt/Atollic_TrueSTUDIO_for_STM32_x86_64_9.3.0/ARMTools/bin/../lib/gcc/arm-atollic-eabi/6.3.1/../../../../arm-atollic-eabi/lib/armv7e-m/fpu/libstdc++_nano.a(pure.o)
                              src/main.o (__cxa_pure_virtual)
/opt/Atollic_TrueSTUDIO_for_STM32_x86_64_9.3.0/ARMTools/bin/../lib/gcc/arm-atollic-eabi/6.3.1/../../../../arm-atollic-eabi/lib/armv7e-m/fpu/libstdc++_nano.a(eh_terminate.o)
                              /opt/Atollic_TrueSTUDIO_for_STM32_x86_64_9.3.0/ARMTools/bin/../lib/gcc/arm-atollic-eabi/6.3.1/../../../../arm-atollic-eabi/lib/armv7e-m/fpu/libstdc++_nano.a(pure.o) (std::terminate())
/opt/Atollic_TrueSTUDIO_for_STM32_x86_64_9.3.0/ARMTools/bin/../lib/gcc/arm-atollic-eabi/6.3.1/../../../../arm-atollic-eabi/lib/armv7e-m/fpu/libstdc++_nano.a(eh_term_handler.o)
                              /opt/Atollic_TrueSTUDIO_for_STM32_x86_64_9.3.0/ARMTools/bin/../lib/gcc/arm-atollic-eabi/6.3.1/../../../../arm-atollic-eabi/lib/armv7e-m/fpu/libstdc++_nano.a(eh_terminate.o) (__cxxabiv1::__terminate_handler)
/opt/Atollic_TrueSTUDIO_for_STM32_x86_64_9.3.0/ARMTools/bin/../lib/gcc/arm-atollic-eabi/6.3.1/../../../../arm-atollic-eabi/lib/armv7e-m/fpu/libstdc++_nano.a(eh_unex_handler.o)
                              /opt/Atollic_TrueSTUDIO_for_STM32_x86_64_9.3.0/ARMTools/bin/../lib/gcc/arm-atollic-eabi/6.3.1/../../../../arm-atollic-eabi/lib/armv7e-m/fpu/libstdc++_nano.a(eh_terminate.o) (__cxxabiv1::__unexpected_handler)
/opt/Atollic_TrueSTUDIO_for_STM32_x86_64_9.3.0/ARMTools/bin/../lib/gcc/arm-atollic-eabi/6.3.1/../../../../arm-atollic-eabi/lib/armv7e-m/fpu/libc_nano.a(lib_a-abort.o)
                              /opt/Atollic_TrueSTUDIO_for_STM32_x86_64_9.3.0/ARMTools/bin/../lib/gcc/arm-atollic-eabi/6.3.1/../../../../arm-atollic-eabi/lib/armv7e-m/fpu/libstdc++_nano.a(eh_terminate.o) (abort)
/opt/Atollic_TrueSTUDIO_for_STM32_x86_64_9.3.0/ARMTools/bin/../lib/gcc/arm-atollic-eabi/6.3.1/../../../../arm-atollic-eabi/lib/armv7e-m/fpu/libc_nano.a(lib_a-init.o)
                              src/startup_stm32f40xx.o (__libc_init_array)
/opt/Atollic_TrueSTUDIO_for_STM32_x86_64_9.3.0/ARMTools/bin/../lib/gcc/arm-atollic-eabi/6.3.1/../../../../arm-atollic-eabi/lib/armv7e-m/fpu/libc_nano.a(lib_a-ldiv.o)
                              src/BIOS/utils.o (ldiv)
/opt/Atollic_TrueSTUDIO_for_STM32_x86_64_9.3.0/ARMTools/bin/../lib/gcc/arm-atollic-eabi/6.3.1/../../../../arm-atollic-eabi/lib/armv7e-m/fpu/libc_nano.a(lib_a-memcpy-stub.o)
                              src/BIOS/utils.o (memcpy)
/opt/Atollic_TrueSTUDIO_for_STM32_x86_64_9.3.0/ARMTools/bin/../lib/gcc/arm-atollic-eabi/6.3.1/../../../../arm-atollic-eabi/lib/armv7e-m/fpu/libc_nano.a(lib_a-realloc.o)
                              src/main.o (realloc)
/opt/Atollic_TrueSTUDIO_for_STM32_x86_64_9.3.0/ARMTools/bin/../lib/gcc/arm-atollic-eabi/6.3.1/../../../../arm-atollic-eabi/lib/armv7e-m/fpu/libc_nano.a(lib_a-reent.o)
                              src/syscalls.o (errno)
/opt/Atollic_TrueSTUDIO_for_STM32_x86_64_9.3.0/ARMTools/bin/../lib/gcc/arm-atollic-eabi/6.3.1/../../../../arm-atollic-eabi/lib/armv7e-m/fpu/libc_nano.a(lib_a-signal.o)
                              /opt/Atollic_TrueSTUDIO_for_STM32_x86_64_9.3.0/ARMTools/bin/../lib/gcc/arm-atollic-eabi/6.3.1/../../../../arm-atollic-eabi/lib/armv7e-m/fpu/libc_nano.a(lib_a-abort.o) (raise)
/opt/Atollic_TrueSTUDIO_for_STM32_x86_64_9.3.0/ARMTools/bin/../lib/gcc/arm-atollic-eabi/6.3.1/../../../../arm-atollic-eabi/lib/armv7e-m/fpu/libc_nano.a(lib_a-signalr.o)
                              /opt/Atollic_TrueSTUDIO_for_STM32_x86_64_9.3.0/ARMTools/bin/../lib/gcc/arm-atollic-eabi/6.3.1/../../../../arm-atollic-eabi/lib/armv7e-m/fpu/libc_nano.a(lib_a-signal.o) (_kill_r)
/opt/Atollic_TrueSTUDIO_for_STM32_x86_64_9.3.0/ARMTools/bin/../lib/gcc/arm-atollic-eabi/6.3.1/../../../../arm-atollic-eabi/lib/armv7e-m/fpu/libc_nano.a(lib_a-strlen.o)
                              src/main.o (strlen)
/opt/Atollic_TrueSTUDIO_for_STM32_x86_64_9.3.0/ARMTools/bin/../lib/gcc/arm-atollic-eabi/6.3.1/../../../../arm-atollic-eabi/lib/armv7e-m/fpu/libc_nano.a(lib_a-vsprintf.o)
                              src/ROS/hardwareserial.o (vsprintf)
/opt/Atollic_TrueSTUDIO_for_STM32_x86_64_9.3.0/ARMTools/bin/../lib/gcc/arm-atollic-eabi/6.3.1/../../../../arm-atollic-eabi/lib/armv7e-m/fpu/libc_nano.a(lib_a-impure.o)
                              /opt/Atollic_TrueSTUDIO_for_STM32_x86_64_9.3.0/ARMTools/bin/../lib/gcc/arm-atollic-eabi/6.3.1/../../../../arm-atollic-eabi/lib/armv7e-m/fpu/libc_nano.a(lib_a-realloc.o) (_impure_ptr)
/opt/Atollic_TrueSTUDIO_for_STM32_x86_64_9.3.0/ARMTools/bin/../lib/gcc/arm-atollic-eabi/6.3.1/../../../../arm-atollic-eabi/lib/armv7e-m/fpu/libc_nano.a(lib_a-nano-freer.o)
                              /opt/Atollic_TrueSTUDIO_for_STM32_x86_64_9.3.0/ARMTools/bin/../lib/gcc/arm-atollic-eabi/6.3.1/../../../../arm-atollic-eabi/lib/armv7e-m/fpu/libc_nano.a(lib_a-reent.o) (_free_r)
[...]
Memory Configuration

Name             Origin             Length             Attributes
FLASH            0x0000000008000000 0x0000000000100000 xr
RAM              0x0000000020000000 0x0000000000020000 xrw
MEMORY_B1        0x0000000060000000 0x0000000000000000 xr
CCMRAM           0x0000000010000000 0x0000000000010000 rw
*default*        0x0000000000000000 0xffffffffffffffff

Linker script and memory map

LOAD /opt/Atollic_TrueSTUDIO_for_STM32_x86_64_9.3.0/ARMTools/bin/../lib/gcc/arm-atollic-eabi/6.3.1/armv7e-m/fpu/crti.o
LOAD /opt/Atollic_TrueSTUDIO_for_STM32_x86_64_9.3.0/ARMTools/bin/../lib/gcc/arm-atollic-eabi/6.3.1/armv7e-m/fpu/crtbegin.o
LOAD Libraries/STM32F4xx_StdPeriph_Driver/src/misc.o
LOAD Libraries/STM32F4xx_StdPeriph_Driver/src/stm32f4xx_adc.o
LOAD Libraries/STM32F4xx_StdPeriph_Driver/src/stm32f4xx_can.o
LOAD Libraries/STM32F4xx_StdPeriph_Driver/src/stm32f4xx_crc.o
LOAD Libraries/STM32F4xx_StdPeriph_Driver/src/stm32f4xx_cryp.o
LOAD Libraries/STM32F4xx_StdPeriph_Driver/src/stm32f4xx_cryp_aes.o
LOAD Libraries/STM32F4xx_StdPeriph_Driver/src/stm32f4xx_cryp_des.o
LOAD Libraries/STM32F4xx_StdPeriph_Driver/src/stm32f4xx_cryp_tdes.o
LOAD Libraries/STM32F4xx_StdPeriph_Driver/src/stm32f4xx_dac.o
LOAD Libraries/STM32F4xx_StdPeriph_Driver/src/stm32f4xx_dbgmcu.o
LOAD Libraries/STM32F4xx_StdPeriph_Driver/src/stm32f4xx_dcmi.o
LOAD Libraries/STM32F4xx_StdPeriph_Driver/src/stm32f4xx_dma.o
LOAD Libraries/STM32F4xx_StdPeriph_Driver/src/stm32f4xx_exti.o
LOAD Libraries/STM32F4xx_StdPeriph_Driver/src/stm32f4xx_flash.o
LOAD Libraries/STM32F4xx_StdPeriph_Driver/src/stm32f4xx_fsmc.o
LOAD Libraries/STM32F4xx_StdPeriph_Driver/src/stm32f4xx_gpio.o
LOAD Libraries/STM32F4xx_StdPeriph_Driver/src/stm32f4xx_hash.o
LOAD Libraries/STM32F4xx_StdPeriph_Driver/src/stm32f4xx_hash_md5.o
LOAD Libraries/STM32F4xx_StdPeriph_Driver/src/stm32f4xx_hash_sha1.o
LOAD Libraries/STM32F4xx_StdPeriph_Driver/src/stm32f4xx_i2c.o
LOAD Libraries/STM32F4xx_StdPeriph_Driver/src/stm32f4xx_iwdg.o
LOAD Libraries/STM32F4xx_StdPeriph_Driver/src/stm32f4xx_pwr.o
LOAD Libraries/STM32F4xx_StdPeriph_Driver/src/stm32f4xx_rcc.o
LOAD Libraries/STM32F4xx_StdPeriph_Driver/src/stm32f4xx_rng.o
LOAD Libraries/STM32F4xx_StdPeriph_Driver/src/stm32f4xx_rtc.o
LOAD Libraries/STM32F4xx_StdPeriph_Driver/src/stm32f4xx_sdio.o
LOAD Libraries/STM32F4xx_StdPeriph_Driver/src/stm32f4xx_spi.o
LOAD Libraries/STM32F4xx_StdPeriph_Driver/src/stm32f4xx_syscfg.o
LOAD Libraries/STM32F4xx_StdPeriph_Driver/src/stm32f4xx_tim.o
LOAD Libraries/STM32F4xx_StdPeriph_Driver/src/stm32f4xx_usart.o
LOAD Libraries/STM32F4xx_StdPeriph_Driver/src/stm32f4xx_wwdg.o
LOAD src/ABT/ABT.o
LOAD src/ADC/adc.o
LOAD src/BIOS/bdc.o
LOAD src/BIOS/gpio.o
LOAD src/BIOS/multiplexer.o
LOAD src/BIOS/pwm.o
LOAD src/BIOS/qei.o
LOAD src/BIOS/shiftreg.o
LOAD src/BIOS/system.o
LOAD src/BIOS/timer.o
LOAD src/BIOS/uart.o
LOAD src/BIOS/uartdma.o
LOAD src/BIOS/utils.o
LOAD src/CAN/can.o
LOAD src/I2C/i2c.o
LOAD src/I2C/i2c1.o
LOAD src/I2C/i2c2.o
LOAD src/I2C/i2c3.o
LOAD src/IMU_SPI/IMU_SPI.o
LOAD src/KF/KF.o
LOAD src/MODN/MODN.o
LOAD src/PID/PID.o
LOAD src/RNS_interface.V2/RNS_interface.o
LOAD src/ROS/hardwareserial.o
LOAD src/ROS/millisecondtimer.o
LOAD src/SERVO/servo.o
LOAD src/adapter.o
LOAD src/common.o
LOAD src/interrupt.o
LOAD src/main.o
LOAD src/ros_lib/duration.o
LOAD src/ros_lib/time.o
LOAD src/startup_stm32f40xx.o
LOAD src/stm32f4xx_it.o
LOAD src/syscalls.o
LOAD src/system_stm32f4xx.o
LOAD src/tiny_printf.o
                0x0000000000001000                malloc_getpagesize_P = 0x1000
START GROUP
LOAD /opt/Atollic_TrueSTUDIO_for_STM32_x86_64_9.3.0/ARMTools/bin/../lib/gcc/arm-atollic-eabi/6.3.1/../../../../arm-atollic-eabi/lib/armv7e-m/fpu/libstdc++_nano.a
LOAD /opt/Atollic_TrueSTUDIO_for_STM32_x86_64_9.3.0/ARMTools/bin/../lib/gcc/arm-atollic-eabi/6.3.1/../../../../arm-atollic-eabi/lib/armv7e-m/fpu/libsupc++_nano.a
END GROUP
LOAD /opt/Atollic_TrueSTUDIO_for_STM32_x86_64_9.3.0/ARMTools/bin/../lib/gcc/arm-atollic-eabi/6.3.1/../../../../arm-atollic-eabi/lib/armv7e-m/fpu/libstdc++_nano.a
LOAD /opt/Atollic_TrueSTUDIO_for_STM32_x86_64_9.3.0/ARMTools/bin/../lib/gcc/arm-atollic-eabi/6.3.1/../../../../arm-atollic-eabi/lib/armv7e-m/fpu/libm.a
LOAD /opt/Atollic_TrueSTUDIO_for_STM32_x86_64_9.3.0/ARMTools/bin/../lib/gcc/arm-atollic-eabi/6.3.1/../../../../arm-atollic-eabi/lib/armv7e-m/fpu/libc_nano.a
START GROUP
LOAD /opt/Atollic_TrueSTUDIO_for_STM32_x86_64_9.3.0/ARMTools/bin/../lib/gcc/arm-atollic-eabi/6.3.1/armv7e-m/fpu/libgcc.a
LOAD /opt/Atollic_TrueSTUDIO_for_STM32_x86_64_9.3.0/ARMTools/bin/../lib/gcc/arm-atollic-eabi/6.3.1/../../../../arm-atollic-eabi/lib/armv7e-m/fpu/libc_nano.a
END GROUP
START GROUP
LOAD /opt/Atollic_TrueSTUDIO_for_STM32_x86_64_9.3.0/ARMTools/bin/../lib/gcc/arm-atollic-eabi/6.3.1/armv7e-m/fpu/libgcc.a
LOAD /opt/Atollic_TrueSTUDIO_for_STM32_x86_64_9.3.0/ARMTools/bin/../lib/gcc/arm-atollic-eabi/6.3.1/../../../../arm-atollic-eabi/lib/armv7e-m/fpu/libc_nano.a
LOAD /opt/Atollic_TrueSTUDIO_for_STM32_x86_64_9.3.0/ARMTools/bin/../lib/gcc/arm-atollic-eabi/6.3.1/../../../../arm-atollic-eabi/lib/armv7e-m/fpu/libnosys.a
END GROUP
START GROUP
LOAD /opt/Atollic_TrueSTUDIO_for_STM32_x86_64_9.3.0/ARMTools/bin/../lib/gcc/arm-atollic-eabi/6.3.1/armv7e-m/fpu/libgcc.a
LOAD /opt/Atollic_TrueSTUDIO_for_STM32_x86_64_9.3.0/ARMTools/bin/../lib/gcc/arm-atollic-eabi/6.3.1/../../../../arm-atollic-eabi/lib/armv7e-m/fpu/libc_nano.a
LOAD /opt/Atollic_TrueSTUDIO_for_STM32_x86_64_9.3.0/ARMTools/bin/../lib/gcc/arm-atollic-eabi/6.3.1/../../../../arm-atollic-eabi/lib/armv7e-m/fpu/libnosys.a
END GROUP
LOAD /opt/Atollic_TrueSTUDIO_for_STM32_x86_64_9.3.0/ARMTools/bin/../lib/gcc/arm-atollic-eabi/6.3.1/armv7e-m/fpu/crtend.o
LOAD /opt/Atollic_TrueSTUDIO_for_STM32_x86_64_9.3.0/ARMTools/bin/../lib/gcc/arm-atollic-eabi/6.3.1/armv7e-m/fpu/crtn.o
                0x0000000020020000                _estack = 0x20020000
                0x0000000000000000                _Min_Heap_Size = 0x0
                0x0000000000000400                _Min_Stack_Size = 0x400

.isr_vector     0x0000000008000000      0x188
                0x0000000008000000                . = ALIGN (0x4)
 *(.isr_vector)
 .isr_vector    0x0000000008000000      0x188 src/startup_stm32f40xx.o
                0x0000000008000000                g_pfnVectors
                0x0000000008000188                . = ALIGN (0x4)

.text           0x0000000008000188     0xb0d4
                0x0000000008000188                . = ALIGN (0x4)
 *(.text)
 .text          0x0000000008000188       0x40 /opt/Atollic_TrueSTUDIO_for_STM32_x86_64_9.3.0/ARMTools/bin/../lib/gcc/arm-atollic-eabi/6.3.1/armv7e-m/fpu/crtbegin.o
 .text          0x00000000080001c8       0x10 /opt/Atollic_TrueSTUDIO_for_STM32_x86_64_9.3.0/ARMTools/bin/../lib/gcc/arm-atollic-eabi/6.3.1/../../../../arm-atollic-eabi/lib/armv7e-m/fpu/libc_nano.a(lib_a-strlen.o)
                0x00000000080001c8                strlen
 *(.text*)
 .text.NVIC_PriorityGroupConfig
                0x00000000080001d8       0x28 Libraries/STM32F4xx_StdPeriph_Driver/src/misc.o
                0x00000000080001d8                NVIC_PriorityGroupConfig
 .text.NVIC_Init
                0x0000000008000200       0xc4 Libraries/STM32F4xx_StdPeriph_Driver/src/misc.o
                0x0000000008000200                NVIC_Init
 .text.CAN_Init
                0x00000000080002c4      0x1a2 Libraries/STM32F4xx_StdPeriph_Driver/src/stm32f4xx_can.o
                0x00000000080002c4                CAN_Init
 *fill*         0x0000000008000466        0x2 
 .text.CAN_FilterInit
                0x0000000008000468      0x178 Libraries/STM32F4xx_StdPeriph_Driver/src/stm32f4xx_can.o
                0x0000000008000468                CAN_FilterInit
 .text.CAN_SlaveStartBank
                0x00000000080005e0       0x60 Libraries/STM32F4xx_StdPeriph_Driver/src/stm32f4xx_can.o
                0x00000000080005e0                CAN_SlaveStartBank
 .text.CAN_Receive
                0x0000000008000640      0x17c Libraries/STM32F4xx_StdPeriph_Driver/src/stm32f4xx_can.o
                0x0000000008000640                CAN_Receive
 .text.CAN_ITConfig
                0x00000000080007bc       0x3c Libraries/STM32F4xx_StdPeriph_Driver/src/stm32f4xx_can.o
                0x00000000080007bc                CAN_ITConfig
 .text.CAN_ClearFlag
                0x00000000080007f8       0x74 Libraries/STM32F4xx_StdPeriph_Driver/src/stm32f4xx_can.o
                0x00000000080007f8                CAN_ClearFlag
 .text.CAN_GetITStatus
                0x000000000800086c      0x194 Libraries/STM32F4xx_StdPeriph_Driver/src/stm32f4xx_can.o
                0x000000000800086c                CAN_GetITStatus
 .text.CAN_ClearITPendingBit
                0x0000000008000a00       0xe0 Libraries/STM32F4xx_StdPeriph_Driver/src/stm32f4xx_can.o
                0x0000000008000a00                CAN_ClearITPendingBit
 .text.CheckITStatus
                0x0000000008000ae0       0x30 Libraries/STM32F4xx_StdPeriph_Driver/src/stm32f4xx_can.o
 .text.EXTI_GetITStatus
                0x0000000008000b10       0x48 Libraries/STM32F4xx_StdPeriph_Driver/src/stm32f4xx_exti.o
                0x0000000008000b10                EXTI_GetITStatus
 .text.EXTI_ClearITPendingBit
                0x0000000008000b58       0x20 Libraries/STM32F4xx_StdPeriph_Driver/src/stm32f4xx_exti.o
                0x0000000008000b58                EXTI_ClearITPendingBit
 .text.GPIO_Init
                0x0000000008000b78      0x11c Libraries/STM32F4xx_StdPeriph_Driver/src/stm32f4xx_gpio.o
                0x0000000008000b78                GPIO_Init
 .text.GPIO_ReadInputDataBit
                0x0000000008000c94       0x34 Libraries/STM32F4xx_StdPeriph_Driver/src/stm32f4xx_gpio.o
                0x0000000008000c94                GPIO_ReadInputDataBit
 .text.GPIO_WriteBit
                0x0000000008000cc8       0x30 Libraries/STM32F4xx_StdPeriph_Driver/src/stm32f4xx_gpio.o
                0x0000000008000cc8                GPIO_WriteBit
 .text.GPIO_PinAFConfig
                0x0000000008000cf8       0x92 Libraries/STM32F4xx_StdPeriph_Driver/src/stm32f4xx_gpio.o
                0x0000000008000cf8                GPIO_PinAFConfig
 *fill*         0x0000000008000d8a        0x2 
 .text.I2C_DeInit
                0x0000000008000d8c       0x74 Libraries/STM32F4xx_StdPeriph_Driver/src/stm32f4xx_i2c.o
                0x0000000008000d8c                I2C_DeInit
 .text.I2C_Init
                0x0000000008000e00      0x184 Libraries/STM32F4xx_StdPeriph_Driver/src/stm32f4xx_i2c.o
                0x0000000008000e00                I2C_Init
 .text.I2C_Cmd  0x0000000008000f84       0x40 Libraries/STM32F4xx_StdPeriph_Driver/src/stm32f4xx_i2c.o
                0x0000000008000f84                I2C_Cmd
 .text.I2C_GenerateSTOP
                0x0000000008000fc4       0x40 Libraries/STM32F4xx_StdPeriph_Driver/src/stm32f4xx_i2c.o
                0x0000000008000fc4                I2C_GenerateSTOP
 .text.I2C_Send7bitAddress
                0x0000000008001004       0x3c Libraries/STM32F4xx_StdPeriph_Driver/src/stm32f4xx_i2c.o
                0x0000000008001004                I2C_Send7bitAddress
 .text.I2C_AcknowledgeConfig
                0x0000000008001040       0x40 Libraries/STM32F4xx_StdPeriph_Driver/src/stm32f4xx_i2c.o
                0x0000000008001040                I2C_AcknowledgeConfig
 .text.I2C_SendData
                0x0000000008001080       0x20 Libraries/STM32F4xx_StdPeriph_Driver/src/stm32f4xx_i2c.o
                0x0000000008001080                I2C_SendData
 .text.I2C_ReceiveData
                0x00000000080010a0       0x1c Libraries/STM32F4xx_StdPeriph_Driver/src/stm32f4xx_i2c.o
                0x00000000080010a0                I2C_ReceiveData
 .text.I2C_ITConfig
                0x00000000080010bc       0x48 Libraries/STM32F4xx_StdPeriph_Driver/src/stm32f4xx_i2c.o
                0x00000000080010bc                I2C_ITConfig
 .text.I2C_CheckEvent
                0x0000000008001104       0x60 Libraries/STM32F4xx_StdPeriph_Driver/src/stm32f4xx_i2c.o
                0x0000000008001104                I2C_CheckEvent
 .text.I2C_GetLastEvent
                0x0000000008001164       0x44 Libraries/STM32F4xx_StdPeriph_Driver/src/stm32f4xx_i2c.o
                0x0000000008001164                I2C_GetLastEvent
 .text.I2C_GetFlagStatus
                0x00000000080011a8       0x66 Libraries/STM32F4xx_StdPeriph_Driver/src/stm32f4xx_i2c.o
                0x00000000080011a8                I2C_GetFlagStatus
 .text.I2C_ClearFlag
                0x000000000800120e       0x2e Libraries/STM32F4xx_StdPeriph_Driver/src/stm32f4xx_i2c.o
                0x000000000800120e                I2C_ClearFlag
 .text.RCC_GetClocksFreq
                0x000000000800123c      0x150 Libraries/STM32F4xx_StdPeriph_Driver/src/stm32f4xx_rcc.o
                0x000000000800123c                RCC_GetClocksFreq
 .text.RCC_AHB1PeriphClockCmd
                0x000000000800138c       0x40 Libraries/STM32F4xx_StdPeriph_Driver/src/stm32f4xx_rcc.o
                0x000000000800138c                RCC_AHB1PeriphClockCmd
 .text.RCC_APB1PeriphClockCmd
                0x00000000080013cc       0x40 Libraries/STM32F4xx_StdPeriph_Driver/src/stm32f4xx_rcc.o
                0x00000000080013cc                RCC_APB1PeriphClockCmd
 .text.RCC_APB2PeriphClockCmd
                0x000000000800140c       0x40 Libraries/STM32F4xx_StdPeriph_Driver/src/stm32f4xx_rcc.o
                0x000000000800140c                RCC_APB2PeriphClockCmd
 .text.RCC_APB1PeriphResetCmd
                0x000000000800144c       0x40 Libraries/STM32F4xx_StdPeriph_Driver/src/stm32f4xx_rcc.o
                0x000000000800144c                RCC_APB1PeriphResetCmd
 .text.TIM_TimeBaseInit
                0x000000000800148c       0xd8 Libraries/STM32F4xx_StdPeriph_Driver/src/stm32f4xx_tim.o
                0x000000000800148c                TIM_TimeBaseInit
 .text.TIM_ARRPreloadConfig
                0x0000000008001564       0x40 Libraries/STM32F4xx_StdPeriph_Driver/src/stm32f4xx_tim.o
                0x0000000008001564                TIM_ARRPreloadConfig
 .text.TIM_Cmd  0x00000000080015a4       0x40 Libraries/STM32F4xx_StdPeriph_Driver/src/stm32f4xx_tim.o
                0x00000000080015a4                TIM_Cmd
 .text.TIM_OC1Init
                0x00000000080015e4       0xf4 Libraries/STM32F4xx_StdPeriph_Driver/src/stm32f4xx_tim.o
                0x00000000080015e4                TIM_OC1Init
 .text.TIM_OC2Init
                0x00000000080016d8      0x110 Libraries/STM32F4xx_StdPeriph_Driver/src/stm32f4xx_tim.o
                0x00000000080016d8                TIM_OC2Init
 .text.TIM_OC3Init
                0x00000000080017e8      0x10c Libraries/STM32F4xx_StdPeriph_Driver/src/stm32f4xx_tim.o
                0x00000000080017e8                TIM_OC3Init
 .text.TIM_OC4Init
                0x00000000080018f4       0xd0 Libraries/STM32F4xx_StdPeriph_Driver/src/stm32f4xx_tim.o
                0x00000000080018f4                TIM_OC4Init
 .text.TIM_OC1PreloadConfig
                0x00000000080019c4       0x38 Libraries/STM32F4xx_StdPeriph_Driver/src/stm32f4xx_tim.o
                0x00000000080019c4                TIM_OC1PreloadConfig
 .text.TIM_OC2PreloadConfig
                0x00000000080019fc       0x3c Libraries/STM32F4xx_StdPeriph_Driver/src/stm32f4xx_tim.o
                0x00000000080019fc                TIM_OC2PreloadConfig
 .text.TIM_OC3PreloadConfig
                0x0000000008001a38       0x38 Libraries/STM32F4xx_StdPeriph_Driver/src/stm32f4xx_tim.o
                0x0000000008001a38                TIM_OC3PreloadConfig
 .text.TIM_OC4PreloadConfig
                0x0000000008001a70       0x3c Libraries/STM32F4xx_StdPeriph_Driver/src/stm32f4xx_tim.o
                0x0000000008001a70                TIM_OC4PreloadConfig
 .text.TIM_CtrlPWMOutputs
                0x0000000008001aac       0x4c Libraries/STM32F4xx_StdPeriph_Driver/src/stm32f4xx_tim.o
                0x0000000008001aac                TIM_CtrlPWMOutputs
 .text.TIM_ITConfig
                0x0000000008001af8       0x48 Libraries/STM32F4xx_StdPeriph_Driver/src/stm32f4xx_tim.o
                0x0000000008001af8                TIM_ITConfig
 .text.TIM_GetITStatus
                0x0000000008001b40       0x54 Libraries/STM32F4xx_StdPeriph_Driver/src/stm32f4xx_tim.o
                0x0000000008001b40                TIM_GetITStatus
 .text.TIM_ClearITPendingBit
                0x0000000008001b94       0x22 Libraries/STM32F4xx_StdPeriph_Driver/src/stm32f4xx_tim.o
                0x0000000008001b94                TIM_ClearITPendingBit
 .text.TIM_EncoderInterfaceConfig
                0x0000000008001bb6       0x98 Libraries/STM32F4xx_StdPeriph_Driver/src/stm32f4xx_tim.o
                0x0000000008001bb6                TIM_EncoderInterfaceConfig
 *fill*         0x0000000008001c4e        0x2 
 .text.USART_Init
                0x0000000008001c50      0x174 Libraries/STM32F4xx_StdPeriph_Driver/src/stm32f4xx_usart.o
                0x0000000008001c50                USART_Init
 .text.USART_Cmd
                0x0000000008001dc4       0x40 Libraries/STM32F4xx_StdPeriph_Driver/src/stm32f4xx_usart.o
                0x0000000008001dc4                USART_Cmd
 .text.USART_SendData
                0x0000000008001e04       0x24 Libraries/STM32F4xx_StdPeriph_Driver/src/stm32f4xx_usart.o
                0x0000000008001e04                USART_SendData
 .text.USART_ReceiveData
                0x0000000008001e28       0x20 Libraries/STM32F4xx_StdPeriph_Driver/src/stm32f4xx_usart.o
                0x0000000008001e28                USART_ReceiveData
 .text.USART_ITConfig
                0x0000000008001e48       0x90 Libraries/STM32F4xx_StdPeriph_Driver/src/stm32f4xx_usart.o
                0x0000000008001e48                USART_ITConfig
 .text.USART_GetFlagStatus
                0x0000000008001ed8       0x38 Libraries/STM32F4xx_StdPeriph_Driver/src/stm32f4xx_usart.o
                0x0000000008001ed8                USART_GetFlagStatus
 .text.USART_GetITStatus
                0x0000000008001f10       0xb6 Libraries/STM32F4xx_StdPeriph_Driver/src/stm32f4xx_usart.o
                0x0000000008001f10                USART_GetITStatus
 .text.USART_ClearITPendingBit
                0x0000000008001fc6       0x3a Libraries/STM32F4xx_StdPeriph_Driver/src/stm32f4xx_usart.o
                0x0000000008001fc6                USART_ClearITPendingBit
 .text.BDCInit  0x0000000008002000       0xca src/BIOS/bdc.o
                0x0000000008002000                BDCInit
 .text.WriteBDC
                0x00000000080020ca       0xee src/BIOS/bdc.o
                0x00000000080020ca                WriteBDC
 .text.GPIOPinsInit
                0x00000000080021b8      0x120 src/BIOS/gpio.o
                0x00000000080021b8                GPIOPinsInit
 .text.MUXInit  0x00000000080022d8       0xa8 src/BIOS/multiplexer.o
                0x00000000080022d8                MUXInit
 .text.MUXSelect
                0x0000000008002380       0xc4 src/BIOS/multiplexer.o
                0x0000000008002380                MUXSelect
 .text.MUXUpdate
                0x0000000008002444      0x174 src/BIOS/multiplexer.o
                0x0000000008002444                MUXUpdate
 .text.PWMTimeBaseInit
                0x00000000080025b8      0x154 src/BIOS/pwm.o
                0x00000000080025b8                PWMTimeBaseInit
 .text.PWMChannelConfig
                0x000000000800270c      0xffc src/BIOS/pwm.o
                0x000000000800270c                PWMChannelConfig
 .text.QEIInit  0x0000000008003708       0xd8 src/BIOS/qei.o
                0x0000000008003708                QEIInit
 .text.QEIDelay
                0x00000000080037e0       0x36 src/BIOS/qei.o
                0x00000000080037e0                QEIDelay
 *fill*         0x0000000008003816        0x2 
 .text.QEI1Init
                0x0000000008003818      0x32c src/BIOS/qei.o
                0x0000000008003818                QEI1Init
 .text.QEI2Init
                0x0000000008003b44      0x334 src/BIOS/qei.o
                0x0000000008003b44                QEI2Init
 .text.QEI3Init
                0x0000000008003e78      0x32c src/BIOS/qei.o
                0x0000000008003e78                QEI3Init
 .text.QEI4Init
                0x00000000080041a4      0x32c src/BIOS/qei.o
                0x00000000080041a4                QEI4Init
 .text.QEI5Init
                0x00000000080044d0      0x32c src/BIOS/qei.o
                0x00000000080044d0                QEI5Init
 .text.QEI6Init
                0x00000000080047fc      0x32c src/BIOS/qei.o
                0x00000000080047fc                QEI6Init
 .text.SHIFTREGInit
                0x0000000008004b28       0x8e src/BIOS/shiftreg.o
                0x0000000008004b28                SHIFTREGInit
 .text.SHIFTREGShift
                0x0000000008004bb6       0xce src/BIOS/shiftreg.o
                0x0000000008004bb6                SHIFTREGShift
 .text.NVIC_SetPriority
                0x0000000008004c84       0x54 src/BIOS/system.o
 .text.SysTick_Config
                0x0000000008004cd8       0x44 src/BIOS/system.o
 .text.BIOSInit
                0x0000000008004d1c       0x38 src/BIOS/system.o
                0x0000000008004d1c                BIOSInit
 .text.BIOSTimingDelay_Decrement
                0x0000000008004d54       0x24 src/BIOS/system.o
                0x0000000008004d54                BIOSTimingDelay_Decrement
 .text.BIOSTIMx_Init
                0x0000000008004d78      0x218 src/BIOS/timer.o
                0x0000000008004d78                BIOSTIMx_Init
 .text.UART2Init
                0x0000000008004f90      0x324 src/BIOS/uart.o
                0x0000000008004f90                UART2Init
 .text.UART3Init
                0x00000000080052b4      0x324 src/BIOS/uart.o
                0x00000000080052b4                UART3Init
 .text.UART4Init
                0x00000000080055d8      0x324 src/BIOS/uart.o
                0x00000000080055d8                UART4Init
 .text.UART5Init
                0x00000000080058fc      0x324 src/BIOS/uart.o
                0x00000000080058fc                UART5Init
 .text.CANx_Init
                0x0000000008005c20      0x69c src/CAN/can.o
                0x0000000008005c20                CANx_Init
 .text.I2C1_EV_IRQHandler
                0x00000000080062bc      0x2e4 src/I2C/i2c1.o
                0x00000000080062bc                I2C1_EV_IRQHandler
 .text.I2C1_ER_IRQHandler
                0x00000000080065a0       0xb8 src/I2C/i2c1.o
                0x00000000080065a0                I2C1_ER_IRQHandler
 .text.I2C2_EV_IRQHandler
                0x0000000008006658      0x2e4 src/I2C/i2c2.o
                0x0000000008006658                I2C2_EV_IRQHandler
 .text.I2C2_ER_IRQHandler
                0x000000000800693c       0xb8 src/I2C/i2c2.o
                0x000000000800693c                I2C2_ER_IRQHandler
 .text.I2C3_EV_IRQHandler
                0x00000000080069f4      0x2e4 src/I2C/i2c3.o
                0x00000000080069f4                I2C3_EV_IRQHandler
 .text.I2C3_ER_IRQHandler
                0x0000000008006cd8       0xc0 src/I2C/i2c3.o
                0x0000000008006cd8                I2C3_ER_IRQHandler
 .text.rb_init  0x0000000008006d98       0x36 src/ROS/hardwareserial.o
 .text.rb_full_count
                0x0000000008006dce       0x44 src/ROS/hardwareserial.o
 .text.rb_is_full
                0x0000000008006e12       0x3c src/ROS/hardwareserial.o
 .text.rb_insert
                0x0000000008006e4e       0x42 src/ROS/hardwareserial.o
 .text.rb_remove
                0x0000000008006e90       0x40 src/ROS/hardwareserial.o
 .text.rb_push_insert
                0x0000000008006ed0       0x46 src/ROS/hardwareserial.o
 *fill*         0x0000000008006f16        0x2 
 .text._ZN14HardwareSerial5beginEm
                0x0000000008006f18       0x60 src/ROS/hardwareserial.o
                0x0000000008006f18                HardwareSerial::begin(unsigned long)
 .text._ZN14HardwareSerial9availableEv
                0x0000000008006f78       0x54 src/ROS/hardwareserial.o
                0x0000000008006f78                HardwareSerial::available()
 .text._ZN14HardwareSerial4readEv
                0x0000000008006fcc       0x6c src/ROS/hardwareserial.o
                0x0000000008006fcc                HardwareSerial::read()
 .text._ZN14HardwareSerial5writeEh
                0x0000000008007038       0x58 src/ROS/hardwareserial.o
                0x0000000008007038                HardwareSerial::write(unsigned char)
 .text.USART2_IRQHandler
                0x0000000008007090       0x50 src/ROS/hardwareserial.o
                0x0000000008007090                USART2_IRQHandler
 .text.USART3_IRQHandler
                0x00000000080070e0       0x50 src/ROS/hardwareserial.o
                0x00000000080070e0                USART3_IRQHandler
 .text.millis   0x0000000008007130       0x18 src/ROS/millisecondtimer.o
                0x0000000008007130                millis
 .text.Initialize
                0x0000000008007148      0x56c src/adapter.o
                0x0000000008007148                Initialize
 .text.CAN1_RX0_IRQHandler
                0x00000000080076b4      0x12c src/adapter.o
                0x00000000080076b4                CAN1_RX0_IRQHandler
 .text.CAN2_RX1_IRQHandler
                0x00000000080077e0      0x12c src/adapter.o
                0x00000000080077e0                CAN2_RX1_IRQHandler
 .text.CAN_PROCESS
                0x000000000800790c       0x7c src/adapter.o
                0x000000000800790c                CAN_PROCESS
 .text.System_Start
                0x0000000008007988        0xe src/common.o
                0x0000000008007988                System_Start
 .text.System_Run
                0x0000000008007996        0xe src/common.o
                0x0000000008007996                System_Run
 .text.SysTick_Handler
                0x00000000080079a4       0x20 src/interrupt.o
                0x00000000080079a4                SysTick_Handler
 .text.TIM1_UP_TIM10_IRQHandler
                0x00000000080079c4       0x74 src/interrupt.o
                0x00000000080079c4                TIM1_UP_TIM10_IRQHandler
 .text.TIM2_IRQHandler
                0x0000000008007a38       0x24 src/interrupt.o
                0x0000000008007a38                TIM2_IRQHandler
 .text.TIM3_IRQHandler
                0x0000000008007a5c       0x24 src/interrupt.o
                0x0000000008007a5c                TIM3_IRQHandler
 .text.TIM4_IRQHandler
                0x0000000008007a80       0x58 src/interrupt.o
                0x0000000008007a80                TIM4_IRQHandler
 .text.TIM5_IRQHandler
                0x0000000008007ad8       0x24 src/interrupt.o
                0x0000000008007ad8                TIM5_IRQHandler
 .text.TIM7_IRQHandler
                0x0000000008007afc       0x24 src/interrupt.o
                0x0000000008007afc                TIM7_IRQHandler
 .text.TIM8_UP_TIM13_IRQHandler
                0x0000000008007b20       0x74 src/interrupt.o
                0x0000000008007b20                TIM8_UP_TIM13_IRQHandler
 .text.TIM1_BRK_TIM9_IRQHandler
                0x0000000008007b94       0x24 src/interrupt.o
                0x0000000008007b94                TIM1_BRK_TIM9_IRQHandler
 .text.TIM1_TRG_COM_TIM11_IRQHandler
                0x0000000008007bb8       0x24 src/interrupt.o
                0x0000000008007bb8                TIM1_TRG_COM_TIM11_IRQHandler
 .text.TIM8_BRK_TIM12_IRQHandler
                0x0000000008007bdc       0x24 src/interrupt.o
                0x0000000008007bdc                TIM8_BRK_TIM12_IRQHandler
 .text.TIM8_TRG_COM_TIM14_IRQHandler
                0x0000000008007c00       0x24 src/interrupt.o
                0x0000000008007c00                TIM8_TRG_COM_TIM14_IRQHandler
 .text.EXTI15_10_IRQHandler
                0x0000000008007c24       0x1e src/interrupt.o
                0x0000000008007c24                EXTI15_10_IRQHandler
 *fill*         0x0000000008007c42        0x2 
 .text._ZN3ros3MsgC2Ev
                0x0000000008007c44       0x20 src/main.o
                0x0000000008007c44                ros::Msg::Msg()
                0x0000000008007c44                ros::Msg::Msg()
 .text._ZN14rosserial_msgs3LogC2Ev
                0x0000000008007c64       0x34 src/main.o
                0x0000000008007c64                rosserial_msgs::Log::Log()
                0x0000000008007c64                rosserial_msgs::Log::Log()
 .text._ZNK14rosserial_msgs3Log9serializeEPh
                0x0000000008007c98       0x64 src/main.o
                0x0000000008007c98                rosserial_msgs::Log::serialize(unsigned char*) const
 .text._ZN14rosserial_msgs3Log11deserializeEPh
                0x0000000008007cfc       0x90 src/main.o
                0x0000000008007cfc                rosserial_msgs::Log::deserialize(unsigned char*)
 .text._ZN14rosserial_msgs3Log7getTypeEv
                0x0000000008007d8c       0x1c src/main.o
                0x0000000008007d8c                rosserial_msgs::Log::getType()
 .text._ZN14rosserial_msgs3Log6getMD5Ev
                0x0000000008007da8       0x1c src/main.o
                0x0000000008007da8                rosserial_msgs::Log::getMD5()
 .text._ZN14rosserial_msgs20RequestParamResponseC2Ev
                0x0000000008007dc4       0x48 src/main.o
                0x0000000008007dc4                rosserial_msgs::RequestParamResponse::RequestParamResponse()
                0x0000000008007dc4                rosserial_msgs::RequestParamResponse::RequestParamResponse()
 .text._ZNK14rosserial_msgs20RequestParamResponse9serializeEPh
                0x0000000008007e0c      0x222 src/main.o
                0x0000000008007e0c                rosserial_msgs::RequestParamResponse::serialize(unsigned char*) const
 .text._ZN14rosserial_msgs20RequestParamResponse11deserializeEPh
                0x000000000800802e      0x2e2 src/main.o
                0x000000000800802e                rosserial_msgs::RequestParamResponse::deserialize(unsigned char*)
 .text._ZN14rosserial_msgs20RequestParamResponse7getTypeEv
                0x0000000008008310       0x1c src/main.o
                0x0000000008008310                rosserial_msgs::RequestParamResponse::getType()
 .text._ZN14rosserial_msgs20RequestParamResponse6getMD5Ev
                0x000000000800832c       0x1c src/main.o
                0x000000000800832c                rosserial_msgs::RequestParamResponse::getMD5()
 .text._ZN14rosserial_msgs9TopicInfoC2Ev
                0x0000000008008348       0x48 src/main.o
                0x0000000008008348                rosserial_msgs::TopicInfo::TopicInfo()
                0x0000000008008348                rosserial_msgs::TopicInfo::TopicInfo()
 .text._ZNK14rosserial_msgs9TopicInfo9serializeEPh
                0x0000000008008390      0x136 src/main.o
                0x0000000008008390                rosserial_msgs::TopicInfo::serialize(unsigned char*) const
 .text._ZN14rosserial_msgs9TopicInfo11deserializeEPh
                0x00000000080084c6      0x1d0 src/main.o
                0x00000000080084c6                rosserial_msgs::TopicInfo::deserialize(unsigned char*)
 *fill*         0x0000000008008696        0x2 
 .text._ZN14rosserial_msgs9TopicInfo7getTypeEv
                0x0000000008008698       0x1c src/main.o
                0x0000000008008698                rosserial_msgs::TopicInfo::getType()
 .text._ZN14rosserial_msgs9TopicInfo6getMD5Ev
                0x00000000080086b4       0x1c src/main.o
                0x00000000080086b4                rosserial_msgs::TopicInfo::getMD5()
 .text._ZN3ros4TimeC2Ev
                0x00000000080086d0       0x22 src/main.o
                0x00000000080086d0                ros::Time::Time()
                0x00000000080086d0                ros::Time::Time()
 *fill*         0x00000000080086f2        0x2 
 .text._ZN8std_msgs4TimeC2Ev
                0x00000000080086f4       0x30 src/main.o
                0x00000000080086f4                std_msgs::Time::Time()
                0x00000000080086f4                std_msgs::Time::Time()
 .text._ZNK8std_msgs4Time9serializeEPh
                0x0000000008008724       0xb0 src/main.o
                0x0000000008008724                std_msgs::Time::serialize(unsigned char*) const
 .text._ZN8std_msgs4Time11deserializeEPh
                0x00000000080087d4       0xc8 src/main.o
                0x00000000080087d4                std_msgs::Time::deserialize(unsigned char*)
 .text._ZN8std_msgs4Time7getTypeEv
                0x000000000800889c       0x1c src/main.o
                0x000000000800889c                std_msgs::Time::getType()
 .text._ZN8std_msgs4Time6getMD5Ev
                0x00000000080088b8       0x1c src/main.o
                0x00000000080088b8                std_msgs::Time::getMD5()
 .text._ZN3ros9PublisherC2EPKcPNS_3MsgEi
                0x00000000080088d4       0x2e src/main.o
                0x00000000080088d4                ros::Publisher::Publisher(char const*, ros::Msg*, int)
                0x00000000080088d4                ros::Publisher::Publisher(char const*, ros::Msg*, int)
 .text._ZN3ros9Publisher7publishEPKNS_3MsgE
                0x0000000008008902       0x28 src/main.o
                0x0000000008008902                ros::Publisher::publish(ros::Msg const*)
 .text._ZN3ros9Publisher15getEndpointTypeEv
                0x000000000800892a       0x18 src/main.o
                0x000000000800892a                ros::Publisher::getEndpointType()
 .text._ZN14HardwareSerialC2E14Serial_TypeDef
                0x0000000008008942       0x20 src/main.o
                0x0000000008008942                HardwareSerial::HardwareSerial(Serial_TypeDef)
                0x0000000008008942                HardwareSerial::HardwareSerial(Serial_TypeDef)
 *fill*         0x0000000008008962        0x2 
 .text._ZN13STM32HardwareC2Ev
                0x0000000008008964       0x28 src/main.o
                0x0000000008008964                STM32Hardware::STM32Hardware()
                0x0000000008008964                STM32Hardware::STM32Hardware()
 .text._ZN13STM32Hardware7setBaudEl
                0x000000000800898c       0x1c src/main.o
                0x000000000800898c                STM32Hardware::setBaud(long)
 .text._ZN13STM32Hardware4initEv
                0x00000000080089a8       0x20 src/main.o
                0x00000000080089a8                STM32Hardware::init()
 .text._ZN13STM32Hardware4readEv
                0x00000000080089c8       0x3c src/main.o
                0x00000000080089c8                STM32Hardware::read()
 .text._ZN13STM32Hardware5writeEPhi
                0x0000000008008a04       0x3a src/main.o
                0x0000000008008a04                STM32Hardware::write(unsigned char*, int)
 .text._ZN13STM32Hardware4timeEv
                0x0000000008008a3e       0x16 src/main.o
                0x0000000008008a3e                STM32Hardware::time()
 .text._ZN8std_msgs6StringC2Ev
                0x0000000008008a54       0x30 src/main.o
                0x0000000008008a54                std_msgs::String::String()
                0x0000000008008a54                std_msgs::String::String()
 .text._ZNK8std_msgs6String9serializeEPh
                0x0000000008008a84       0x52 src/main.o
                0x0000000008008a84                std_msgs::String::serialize(unsigned char*) const
 .text._ZN8std_msgs6String11deserializeEPh
                0x0000000008008ad6       0x7e src/main.o
                0x0000000008008ad6                std_msgs::String::deserialize(unsigned char*)
 .text._ZN8std_msgs6String7getTypeEv
                0x0000000008008b54       0x1c src/main.o
                0x0000000008008b54                std_msgs::String::getType()
 .text._ZN8std_msgs6String6getMD5Ev
                0x0000000008008b70       0x1c src/main.o
                0x0000000008008b70                std_msgs::String::getMD5()
 .text._ZN11utmrbc_msgs3LEDC2Ev
                0x0000000008008b8c       0x30 src/main.o
                0x0000000008008b8c                utmrbc_msgs::LED::LED()
                0x0000000008008b8c                utmrbc_msgs::LED::LED()
 .text._ZNK11utmrbc_msgs3LED9serializeEPh
                0x0000000008008bbc       0x7a src/main.o
                0x0000000008008bbc                utmrbc_msgs::LED::serialize(unsigned char*) const
 .text._ZN11utmrbc_msgs3LED11deserializeEPh
                0x0000000008008c36       0x90 src/main.o
                0x0000000008008c36                utmrbc_msgs::LED::deserialize(unsigned char*)
 *fill*         0x0000000008008cc6        0x2 
 .text._ZN11utmrbc_msgs3LED7getTypeEv
                0x0000000008008cc8       0x1c src/main.o
                0x0000000008008cc8                utmrbc_msgs::LED::getType()
 .text._ZN11utmrbc_msgs3LED6getMD5Ev
                0x0000000008008ce4       0x1c src/main.o
                0x0000000008008ce4                utmrbc_msgs::LED::getMD5()
 .text._ZN11utmrbc_msgs8InputPinC2Ev
                0x0000000008008d00       0x30 src/main.o
                0x0000000008008d00                utmrbc_msgs::InputPin::InputPin()
                0x0000000008008d00                utmrbc_msgs::InputPin::InputPin()
 .text._ZNK11utmrbc_msgs8InputPin9serializeEPh
                0x0000000008008d30       0x7a src/main.o
                0x0000000008008d30                utmrbc_msgs::InputPin::serialize(unsigned char*) const
 .text._ZN11utmrbc_msgs8InputPin11deserializeEPh
                0x0000000008008daa       0x90 src/main.o
                0x0000000008008daa                utmrbc_msgs::InputPin::deserialize(unsigned char*)
 *fill*         0x0000000008008e3a        0x2 
 .text._ZN11utmrbc_msgs8InputPin7getTypeEv
                0x0000000008008e3c       0x1c src/main.o
                0x0000000008008e3c                utmrbc_msgs::InputPin::getType()
 .text._ZN11utmrbc_msgs8InputPin6getMD5Ev
                0x0000000008008e58       0x1c src/main.o
                0x0000000008008e58                utmrbc_msgs::InputPin::getMD5()
 .text._ZN11utmrbc_msgs3BDCC2Ev
                0x0000000008008e74       0x30 src/main.o
                0x0000000008008e74                utmrbc_msgs::BDC::BDC()
                0x0000000008008e74                utmrbc_msgs::BDC::BDC()
 .text._ZNK11utmrbc_msgs3BDC9serializeEPh
                0x0000000008008ea4       0xac src/main.o
                0x0000000008008ea4                utmrbc_msgs::BDC::serialize(unsigned char*) const
 .text._ZN11utmrbc_msgs3BDC11deserializeEPh
                0x0000000008008f50       0xc4 src/main.o
                0x0000000008008f50                utmrbc_msgs::BDC::deserialize(unsigned char*)
 .text._ZN11utmrbc_msgs3BDC7getTypeEv
                0x0000000008009014       0x1c src/main.o
                0x0000000008009014                utmrbc_msgs::BDC::getType()
 .text._ZN11utmrbc_msgs3BDC6getMD5Ev
                0x0000000008009030       0x1c src/main.o
                0x0000000008009030                utmrbc_msgs::BDC::getMD5()
 .text._ZN11utmrbc_msgs4HSPMC2Ev
                0x000000000800904c       0x30 src/main.o
                0x000000000800904c                utmrbc_msgs::HSPM::HSPM()
                0x000000000800904c                utmrbc_msgs::HSPM::HSPM()
 .text._ZNK11utmrbc_msgs4HSPM9serializeEPh
                0x000000000800907c       0x7a src/main.o
                0x000000000800907c                utmrbc_msgs::HSPM::serialize(unsigned char*) const
 .text._ZN11utmrbc_msgs4HSPM11deserializeEPh
                0x00000000080090f6       0x90 src/main.o
                0x00000000080090f6                utmrbc_msgs::HSPM::deserialize(unsigned char*)
 *fill*         0x0000000008009186        0x2 
 .text._ZN11utmrbc_msgs4HSPM7getTypeEv
                0x0000000008009188       0x1c src/main.o
                0x0000000008009188                utmrbc_msgs::HSPM::getType()
 .text._ZN11utmrbc_msgs4HSPM6getMD5Ev
                0x00000000080091a4       0x1c src/main.o
                0x00000000080091a4                utmrbc_msgs::HSPM::getMD5()
 .text.main     0x00000000080091c0       0x44 src/main.o
                0x00000000080091c0                main
 .text.TIM6_DAC_IRQHandler
                0x0000000008009204       0x68 src/main.o
                0x0000000008009204                TIM6_DAC_IRQHandler
 .text._Z8ROS_Initv
                0x000000000800926c       0x70 src/main.o
                0x000000000800926c                ROS_Init()
 .text._Z10ROS_Updatev
                0x00000000080092dc       0x20 src/main.o
                0x00000000080092dc                ROS_Update()
 .text._Z11LEDCallbackRKN11utmrbc_msgs3LEDE
                0x00000000080092fc       0xa0 src/main.o
                0x00000000080092fc                LEDCallback(utmrbc_msgs::LED const&)
 .text._Z11BDCCallbackRKN11utmrbc_msgs3BDCE
                0x000000000800939c       0xe8 src/main.o
                0x000000000800939c                BDCCallback(utmrbc_msgs::BDC const&)
 .text._Z12HSPMCallbackRKN11utmrbc_msgs4HSPME
                0x0000000008009484      0x21c src/main.o
                0x0000000008009484                HSPMCallback(utmrbc_msgs::HSPM const&)
 .text._Z15publishInputPinv
                0x00000000080096a0      0x33c src/main.o
                0x00000000080096a0                publishInputPin()
 .text._Z10updateTimev
                0x00000000080099dc       0x3c src/main.o
                0x00000000080099dc                updateTime()
 .text._ZN3ros3Msg8varToArrIPhmEEvT_T0_
                0x0000000008009a18       0x3c src/main.o
                0x0000000008009a18                void ros::Msg::varToArr<unsigned char*, unsigned long>(unsigned char*, unsigned long)
 .text._ZN3ros3Msg8arrToVarImPhEEvRT_T0_
                0x0000000008009a54       0x4a src/main.o
                0x0000000008009a54                void ros::Msg::arrToVar<unsigned long, unsigned char*>(unsigned long&, unsigned char*)
 *fill*         0x0000000008009a9e        0x2 
 .text._ZN3ros15NodeHandleBase_C2Ev
                0x0000000008009aa0       0x20 src/main.o
                0x0000000008009aa0                ros::NodeHandleBase_::NodeHandleBase_()
                0x0000000008009aa0                ros::NodeHandleBase_::NodeHandleBase_()
 .text._ZN3ros11NodeHandle_I13STM32HardwareLi25ELi25ELi1024ELi1024EEC2Ev
                0x0000000008009ac0       0xfc src/main.o
                0x0000000008009ac0                ros::NodeHandle_<STM32Hardware, 25, 25, 1024, 1024>::NodeHandle_()
                0x0000000008009ac0                ros::NodeHandle_<STM32Hardware, 25, 25, 1024, 1024>::NodeHandle_()
 .text._ZN3ros11Subscriber_C2Ev
                0x0000000008009bbc       0x20 src/main.o
                0x0000000008009bbc                ros::Subscriber_::Subscriber_()
                0x0000000008009bbc                ros::Subscriber_::Subscriber_()
 .text._ZN3ros10SubscriberIN11utmrbc_msgs3LEDEvEC2EPKcPFvRKS2_Ei
                0x0000000008009bdc       0x48 src/main.o
                0x0000000008009bdc                ros::Subscriber<utmrbc_msgs::LED, void>::Subscriber(char const*, void (*)(utmrbc_msgs::LED const&), int)
                0x0000000008009bdc                ros::Subscriber<utmrbc_msgs::LED, void>::Subscriber(char const*, void (*)(utmrbc_msgs::LED const&), int)
 .text._ZN3ros10SubscriberIN11utmrbc_msgs3BDCEvEC2EPKcPFvRKS2_Ei
                0x0000000008009c24       0x48 src/main.o
                0x0000000008009c24                ros::Subscriber<utmrbc_msgs::BDC, void>::Subscriber(char const*, void (*)(utmrbc_msgs::BDC const&), int)
                0x0000000008009c24                ros::Subscriber<utmrbc_msgs::BDC, void>::Subscriber(char const*, void (*)(utmrbc_msgs::BDC const&), int)
 .text._ZN3ros10SubscriberIN11utmrbc_msgs4HSPMEvEC2EPKcPFvRKS2_Ei
                0x0000000008009c6c       0x48 src/main.o
                0x0000000008009c6c                ros::Subscriber<utmrbc_msgs::HSPM, void>::Subscriber(char const*, void (*)(utmrbc_msgs::HSPM const&), int)
                0x0000000008009c6c                ros::Subscriber<utmrbc_msgs::HSPM, void>::Subscriber(char const*, void (*)(utmrbc_msgs::HSPM const&), int)
 .text._ZN3ros11NodeHandle_I13STM32HardwareLi25ELi25ELi1024ELi1024EE8spinOnceEv
                0x0000000008009cb4      0x3ac src/main.o
                0x0000000008009cb4                ros::NodeHandle_<STM32Hardware, 25, 25, 1024, 1024>::spinOnce()
 .text._ZN3ros11NodeHandle_I13STM32HardwareLi25ELi25ELi1024ELi1024EE8initNodeEv
                0x000000000800a060       0x3a src/main.o
                0x000000000800a060                ros::NodeHandle_<STM32Hardware, 25, 25, 1024, 1024>::initNode()
 .text._ZN3ros11NodeHandle_I13STM32HardwareLi25ELi25ELi1024ELi1024EE11getHardwareEv
                0x000000000800a09a       0x18 src/main.o
                0x000000000800a09a                ros::NodeHandle_<STM32Hardware, 25, 25, 1024, 1024>::getHardware()
 .text._ZN3ros11NodeHandle_I13STM32HardwareLi25ELi25ELi1024ELi1024EE9subscribeINS_10SubscriberIN11utmrbc_msgs3LEDEvEEEEbRT_
                0x000000000800a0b2       0x56 src/main.o
                0x000000000800a0b2                bool ros::NodeHandle_<STM32Hardware, 25, 25, 1024, 1024>::subscribe<ros::Subscriber<utmrbc_msgs::LED, void> >(ros::Subscriber<utmrbc_msgs::LED, void>&)
 .text._ZN3ros11NodeHandle_I13STM32HardwareLi25ELi25ELi1024ELi1024EE9subscribeINS_10SubscriberIN11utmrbc_msgs3BDCEvEEEEbRT_
                0x000000000800a108       0x56 src/main.o
                0x000000000800a108                bool ros::NodeHandle_<STM32Hardware, 25, 25, 1024, 1024>::subscribe<ros::Subscriber<utmrbc_msgs::BDC, void> >(ros::Subscriber<utmrbc_msgs::BDC, void>&)
 .text._ZN3ros11NodeHandle_I13STM32HardwareLi25ELi25ELi1024ELi1024EE9subscribeINS_10SubscriberIN11utmrbc_msgs4HSPMEvEEEEbRT_
                0x000000000800a15e       0x56 src/main.o
                0x000000000800a15e                bool ros::NodeHandle_<STM32Hardware, 25, 25, 1024, 1024>::subscribe<ros::Subscriber<utmrbc_msgs::HSPM, void> >(ros::Subscriber<utmrbc_msgs::HSPM, void>&)
 .text._ZN3ros11NodeHandle_I13STM32HardwareLi25ELi25ELi1024ELi1024EE9advertiseERNS_9PublisherE
                0x000000000800a1b4       0x60 src/main.o
                0x000000000800a1b4                ros::NodeHandle_<STM32Hardware, 25, 25, 1024, 1024>::advertise(ros::Publisher&)
 .text._ZN3ros11NodeHandle_I13STM32HardwareLi25ELi25ELi1024ELi1024EE3nowEv
                0x000000000800a214       0x74 src/main.o
                0x000000000800a214                ros::NodeHandle_<STM32Hardware, 25, 25, 1024, 1024>::now()
 .text._ZN3ros11NodeHandle_I13STM32HardwareLi25ELi25ELi1024ELi1024EE15requestSyncTimeEv
                0x000000000800a288       0x3a src/main.o
                0x000000000800a288                ros::NodeHandle_<STM32Hardware, 25, 25, 1024, 1024>::requestSyncTime()
 .text._ZN3ros11NodeHandle_I13STM32HardwareLi25ELi25ELi1024ELi1024EE15negotiateTopicsEv
                0x000000000800a2c2      0x1be src/main.o
                0x000000000800a2c2                ros::NodeHandle_<STM32Hardware, 25, 25, 1024, 1024>::negotiateTopics()
 .text._ZN3ros11NodeHandle_I13STM32HardwareLi25ELi25ELi1024ELi1024EE8syncTimeEPh
                0x000000000800a480       0x94 src/main.o
                0x000000000800a480                ros::NodeHandle_<STM32Hardware, 25, 25, 1024, 1024>::syncTime(unsigned char*)
 .text._ZN3ros11NodeHandle_I13STM32HardwareLi25ELi25ELi1024ELi1024EE7publishEiPKNS_3MsgE
                0x000000000800a514      0x124 src/main.o
                0x000000000800a514                ros::NodeHandle_<STM32Hardware, 25, 25, 1024, 1024>::publish(int, ros::Msg const*)
 .text._ZN3ros11NodeHandle_I13STM32HardwareLi25ELi25ELi1024ELi1024EE6setNowERNS_4TimeE
                0x000000000800a638       0x7c src/main.o
                0x000000000800a638                ros::NodeHandle_<STM32Hardware, 25, 25, 1024, 1024>::setNow(ros::Time&)
 .text._ZN3ros11NodeHandle_I13STM32HardwareLi25ELi25ELi1024ELi1024EE8logerrorEPKc
                0x000000000800a6b4       0x1c src/main.o
                0x000000000800a6b4                ros::NodeHandle_<STM32Hardware, 25, 25, 1024, 1024>::logerror(char const*)
 .text._ZN3ros11NodeHandle_I13STM32HardwareLi25ELi25ELi1024ELi1024EE3logEcPKc
                0x000000000800a6d0       0x38 src/main.o
                0x000000000800a6d0                ros::NodeHandle_<STM32Hardware, 25, 25, 1024, 1024>::log(char, char const*)
 .text._Z41__static_initialization_and_destruction_0ii
                0x000000000800a708       0xc8 src/main.o
 .text._ZN3ros10SubscriberIN11utmrbc_msgs4HSPMEvE8callbackEPh
                0x000000000800a7d0       0x2a src/main.o
                0x000000000800a7d0                ros::Subscriber<utmrbc_msgs::HSPM, void>::callback(unsigned char*)
 .text._ZN3ros10SubscriberIN11utmrbc_msgs4HSPMEvE15getEndpointTypeEv
                0x000000000800a7fa       0x18 src/main.o
                0x000000000800a7fa                ros::Subscriber<utmrbc_msgs::HSPM, void>::getEndpointType()
 .text._ZN3ros10SubscriberIN11utmrbc_msgs4HSPMEvE10getMsgTypeEv
                0x000000000800a812       0x1c src/main.o
                0x000000000800a812                ros::Subscriber<utmrbc_msgs::HSPM, void>::getMsgType()
 .text._ZN3ros10SubscriberIN11utmrbc_msgs4HSPMEvE9getMsgMD5Ev
                0x000000000800a82e       0x1c src/main.o
                0x000000000800a82e                ros::Subscriber<utmrbc_msgs::HSPM, void>::getMsgMD5()
 .text._ZN3ros10SubscriberIN11utmrbc_msgs3BDCEvE8callbackEPh
                0x000000000800a84a       0x2a src/main.o
                0x000000000800a84a                ros::Subscriber<utmrbc_msgs::BDC, void>::callback(unsigned char*)
 .text._ZN3ros10SubscriberIN11utmrbc_msgs3BDCEvE15getEndpointTypeEv
                0x000000000800a874       0x18 src/main.o
                0x000000000800a874                ros::Subscriber<utmrbc_msgs::BDC, void>::getEndpointType()
 .text._ZN3ros10SubscriberIN11utmrbc_msgs3BDCEvE10getMsgTypeEv
                0x000000000800a88c       0x1c src/main.o
                0x000000000800a88c                ros::Subscriber<utmrbc_msgs::BDC, void>::getMsgType()
 .text._ZN3ros10SubscriberIN11utmrbc_msgs3BDCEvE9getMsgMD5Ev
                0x000000000800a8a8       0x1c src/main.o
                0x000000000800a8a8                ros::Subscriber<utmrbc_msgs::BDC, void>::getMsgMD5()
 .text._ZN3ros10SubscriberIN11utmrbc_msgs3LEDEvE8callbackEPh
                0x000000000800a8c4       0x2a src/main.o
                0x000000000800a8c4                ros::Subscriber<utmrbc_msgs::LED, void>::callback(unsigned char*)
 .text._ZN3ros10SubscriberIN11utmrbc_msgs3LEDEvE15getEndpointTypeEv
                0x000000000800a8ee       0x18 src/main.o
                0x000000000800a8ee                ros::Subscriber<utmrbc_msgs::LED, void>::getEndpointType()
 .text._ZN3ros10SubscriberIN11utmrbc_msgs3LEDEvE10getMsgTypeEv
                0x000000000800a906       0x1c src/main.o
                0x000000000800a906                ros::Subscriber<utmrbc_msgs::LED, void>::getMsgType()
 .text._ZN3ros10SubscriberIN11utmrbc_msgs3LEDEvE9getMsgMD5Ev
                0x000000000800a922       0x1c src/main.o
                0x000000000800a922                ros::Subscriber<utmrbc_msgs::LED, void>::getMsgMD5()
 .text._ZN3ros11NodeHandle_I13STM32HardwareLi25ELi25ELi1024ELi1024EE9connectedEv
                0x000000000800a93e       0x1a src/main.o
                0x000000000800a93e                ros::NodeHandle_<STM32Hardware, 25, 25, 1024, 1024>::connected()
 .text._GLOBAL__sub_I_BIOSTimingDelay
                0x000000000800a958       0x10 src/main.o
 .text._ZN3ros16normalizeSecNSecERmS0_
                0x000000000800a968       0x58 src/ros_lib/time.o
                0x000000000800a968                ros::normalizeSecNSec(unsigned long&, unsigned long&)
 .text.Reset_Handler
                0x000000000800a9c0       0x50 src/startup_stm32f40xx.o
                0x000000000800a9c0                Reset_Handler
 .text.Default_Handler
                0x000000000800aa10        0x2 src/startup_stm32f40xx.o
                0x000000000800aa10                RTC_Alarm_IRQHandler
                0x000000000800aa10                HASH_RNG_IRQHandler
                0x000000000800aa10                EXTI2_IRQHandler
                0x000000000800aa10                TIM8_CC_IRQHandler
                0x000000000800aa10                TIM1_CC_IRQHandler
                0x000000000800aa10                DMA2_Stream5_IRQHandler
                0x000000000800aa10                DMA1_Stream5_IRQHandler
                0x000000000800aa10                PVD_IRQHandler
                0x000000000800aa10                SDIO_IRQHandler
                0x000000000800aa10                TAMP_STAMP_IRQHandler
                0x000000000800aa10                EXTI3_IRQHandler
                0x000000000800aa10                EXTI0_IRQHandler
                0x000000000800aa10                DMA1_Stream2_IRQHandler
                0x000000000800aa10                FPU_IRQHandler
                0x000000000800aa10                OTG_HS_WKUP_IRQHandler
                0x000000000800aa10                CAN2_SCE_IRQHandler
                0x000000000800aa10                DMA2_Stream2_IRQHandler
                0x000000000800aa10                SPI1_IRQHandler
                0x000000000800aa10                DCMI_IRQHandler
                0x000000000800aa10                CAN2_RX0_IRQHandler
                0x000000000800aa10                DMA2_Stream3_IRQHandler
                0x000000000800aa10                USART6_IRQHandler
                0x000000000800aa10                CRYP_IRQHandler
                0x000000000800aa10                CAN1_RX1_IRQHandler
                0x000000000800aa10                UART5_IRQHandler
                0x000000000800aa10                DMA2_Stream0_IRQHandler
                0x000000000800aa10                DMA1_Stream6_IRQHandler
                0x000000000800aa10                DMA1_Stream1_IRQHandler
                0x000000000800aa10                UART4_IRQHandler
                0x000000000800aa10                RCC_IRQHandler
                0x000000000800aa10                Default_Handler
                0x000000000800aa10                ADC_IRQHandler
                0x000000000800aa10                DMA1_Stream7_IRQHandler
                0x000000000800aa10                CAN2_TX_IRQHandler
                0x000000000800aa10                DMA2_Stream7_IRQHandler
                0x000000000800aa10                EXTI9_5_IRQHandler
                0x000000000800aa10                RTC_WKUP_IRQHandler
                0x000000000800aa10                ETH_WKUP_IRQHandler
                0x000000000800aa10                SPI2_IRQHandler
                0x000000000800aa10                OTG_HS_EP1_IN_IRQHandler
                0x000000000800aa10                DMA1_Stream0_IRQHandler
                0x000000000800aa10                CAN1_TX_IRQHandler
                0x000000000800aa10                EXTI4_IRQHandler
                0x000000000800aa10                FSMC_IRQHandler
                0x000000000800aa10                ETH_IRQHandler
                0x000000000800aa10                OTG_HS_EP1_OUT_IRQHandler
                0x000000000800aa10                WWDG_IRQHandler
                0x000000000800aa10                OTG_FS_WKUP_IRQHandler
                0x000000000800aa10                OTG_HS_IRQHandler
                0x000000000800aa10                EXTI1_IRQHandler
                0x000000000800aa10                DMA2_Stream1_IRQHandler
                0x000000000800aa10                CAN1_SCE_IRQHandler
                0x000000000800aa10                FLASH_IRQHandler
                0x000000000800aa10                DMA2_Stream4_IRQHandler
                0x000000000800aa10                USART1_IRQHandler
                0x000000000800aa10                OTG_FS_IRQHandler
                0x000000000800aa10                SPI3_IRQHandler
                0x000000000800aa10                DMA1_Stream4_IRQHandler
                0x000000000800aa10                DMA2_Stream6_IRQHandler
                0x000000000800aa10                DMA1_Stream3_IRQHandler
 .text.NMI_Handler
                0x000000000800aa12        0xe src/stm32f4xx_it.o
                0x000000000800aa12                NMI_Handler
 .text.HardFault_Handler
                0x000000000800aa20        0x6 src/stm32f4xx_it.o
                0x000000000800aa20                HardFault_Handler
 .text.MemManage_Handler
                0x000000000800aa26        0x6 src/stm32f4xx_it.o
                0x000000000800aa26                MemManage_Handler
 .text.BusFault_Handler
                0x000000000800aa2c        0x6 src/stm32f4xx_it.o
                0x000000000800aa2c                BusFault_Handler
 .text.UsageFault_Handler
                0x000000000800aa32        0x6 src/stm32f4xx_it.o
                0x000000000800aa32                UsageFault_Handler
 .text.SVC_Handler
                0x000000000800aa38        0xe src/stm32f4xx_it.o
                0x000000000800aa38                SVC_Handler
 .text.DebugMon_Handler
                0x000000000800aa46        0xe src/stm32f4xx_it.o
                0x000000000800aa46                DebugMon_Handler
 .text.PendSV_Handler
                0x000000000800aa54        0xe src/stm32f4xx_it.o
                0x000000000800aa54                PendSV_Handler
 *fill*         0x000000000800aa62        0x2 
 .text._getpid  0x000000000800aa64       0x1c src/syscalls.o
                0x000000000800aa64                _getpid
 .text._kill    0x000000000800aa80       0x24 src/syscalls.o
                0x000000000800aa80                _kill
 .text._exit    0x000000000800aaa4        0xa src/syscalls.o
                0x000000000800aaa4                _exit
 *fill*         0x000000000800aaae        0x2 
 .text._sbrk    0x000000000800aab0       0x40 src/syscalls.o
                0x000000000800aab0                _sbrk
 .text.SystemInit
                0x000000000800aaf0       0x6c src/system_stm32f4xx.o
                0x000000000800aaf0                SystemInit
 .text.SystemCoreClockUpdate
                0x000000000800ab5c       0xf8 src/system_stm32f4xx.o
                0x000000000800ab5c                SystemCoreClockUpdate
 .text.SetSysClock
                0x000000000800ac54       0xf8 src/system_stm32f4xx.o
 .text.ts_itoa  0x000000000800ad4c       0x92 src/tiny_printf.o
                0x000000000800ad4c                ts_itoa
 .text.ts_formatstring
                0x000000000800adde      0x12e src/tiny_printf.o
                0x000000000800adde                ts_formatstring
 .text.siprintf
                0x000000000800af0c       0x2c src/tiny_printf.o
                0x000000000800af0c                sprintf
                0x000000000800af0c                siprintf
 .text.__cxa_pure_virtual
                0x000000000800af38        0x6 /opt/Atollic_TrueSTUDIO_for_STM32_x86_64_9.3.0/ARMTools/bin/../lib/gcc/arm-atollic-eabi/6.3.1/../../../../arm-atollic-eabi/lib/armv7e-m/fpu/libstdc++_nano.a(pure.o)
                0x000000000800af38                __cxa_pure_virtual
 .text._ZN10__cxxabiv111__terminateEPFvvE
                0x000000000800af3e        0x8 /opt/Atollic_TrueSTUDIO_for_STM32_x86_64_9.3.0/ARMTools/bin/../lib/gcc/arm-atollic-eabi/6.3.1/../../../../arm-atollic-eabi/lib/armv7e-m/fpu/libstdc++_nano.a(eh_terminate.o)
                0x000000000800af3e                __cxxabiv1::__terminate(void (*)())
 *fill*         0x000000000800af46        0x2 
 .text._ZSt13get_terminatev
                0x000000000800af48       0x10 /opt/Atollic_TrueSTUDIO_for_STM32_x86_64_9.3.0/ARMTools/bin/../lib/gcc/arm-atollic-eabi/6.3.1/../../../../arm-atollic-eabi/lib/armv7e-m/fpu/libstdc++_nano.a(eh_terminate.o)
                0x000000000800af48                std::get_terminate()
 .text._ZSt9terminatev
                0x000000000800af58        0xa /opt/Atollic_TrueSTUDIO_for_STM32_x86_64_9.3.0/ARMTools/bin/../lib/gcc/arm-atollic-eabi/6.3.1/../../../../arm-atollic-eabi/lib/armv7e-m/fpu/libstdc++_nano.a(eh_terminate.o)
                0x000000000800af58                std::terminate()
 .text.abort    0x000000000800af62        0xe /opt/Atollic_TrueSTUDIO_for_STM32_x86_64_9.3.0/ARMTools/bin/../lib/gcc/arm-atollic-eabi/6.3.1/../../../../arm-atollic-eabi/lib/armv7e-m/fpu/libc_nano.a(lib_a-abort.o)
                0x000000000800af62                abort
 .text.__libc_init_array
                0x000000000800af70       0x48 /opt/Atollic_TrueSTUDIO_for_STM32_x86_64_9.3.0/ARMTools/bin/../lib/gcc/arm-atollic-eabi/6.3.1/../../../../arm-atollic-eabi/lib/armv7e-m/fpu/libc_nano.a(lib_a-init.o)
                0x000000000800af70                __libc_init_array
 .text.memcpy   0x000000000800afb8       0x16 /opt/Atollic_TrueSTUDIO_for_STM32_x86_64_9.3.0/ARMTools/bin/../lib/gcc/arm-atollic-eabi/6.3.1/../../../../arm-atollic-eabi/lib/armv7e-m/fpu/libc_nano.a(lib_a-memcpy-stub.o)
                0x000000000800afb8                memcpy
 *fill*         0x000000000800afce        0x2 
 .text.realloc  0x000000000800afd0       0x10 /opt/Atollic_TrueSTUDIO_for_STM32_x86_64_9.3.0/ARMTools/bin/../lib/gcc/arm-atollic-eabi/6.3.1/../../../../arm-atollic-eabi/lib/armv7e-m/fpu/libc_nano.a(lib_a-realloc.o)
                0x000000000800afd0                realloc
 .text._raise_r
                0x000000000800afe0       0x50 /opt/Atollic_TrueSTUDIO_for_STM32_x86_64_9.3.0/ARMTools/bin/../lib/gcc/arm-atollic-eabi/6.3.1/../../../../arm-atollic-eabi/lib/armv7e-m/fpu/libc_nano.a(lib_a-signal.o)
                0x000000000800afe0                _raise_r
 .text.raise    0x000000000800b030       0x10 /opt/Atollic_TrueSTUDIO_for_STM32_x86_64_9.3.0/ARMTools/bin/../lib/gcc/arm-atollic-eabi/6.3.1/../../../../arm-atollic-eabi/lib/armv7e-m/fpu/libc_nano.a(lib_a-signal.o)
                0x000000000800b030                raise
 .text._kill_r  0x000000000800b040       0x24 /opt/Atollic_TrueSTUDIO_for_STM32_x86_64_9.3.0/ARMTools/bin/../lib/gcc/arm-atollic-eabi/6.3.1/../../../../arm-atollic-eabi/lib/armv7e-m/fpu/libc_nano.a(lib_a-signalr.o)
                0x000000000800b040                _kill_r
 .text._getpid_r
                0x000000000800b064        0x4 /opt/Atollic_TrueSTUDIO_for_STM32_x86_64_9.3.0/ARMTools/bin/../lib/gcc/arm-atollic-eabi/6.3.1/../../../../arm-atollic-eabi/lib/armv7e-m/fpu/libc_nano.a(lib_a-signalr.o)
                0x000000000800b064                _getpid_r
 .text._free_r  0x000000000800b068       0x9c /opt/Atollic_TrueSTUDIO_for_STM32_x86_64_9.3.0/ARMTools/bin/../lib/gcc/arm-atollic-eabi/6.3.1/../../../../arm-atollic-eabi/lib/armv7e-m/fpu/libc_nano.a(lib_a-nano-freer.o)
                0x000000000800b068                _free_r
 .text._malloc_r
                0x000000000800b104       0xbc /opt/Atollic_TrueSTUDIO_for_STM32_x86_64_9.3.0/ARMTools/bin/../lib/gcc/arm-atollic-eabi/6.3.1/../../../../arm-atollic-eabi/lib/armv7e-m/fpu/libc_nano.a(lib_a-nano-mallocr.o)
                0x000000000800b104                _malloc_r
 .text._realloc_r
                0x000000000800b1c0       0x4c /opt/Atollic_TrueSTUDIO_for_STM32_x86_64_9.3.0/ARMTools/bin/../lib/gcc/arm-atollic-eabi/6.3.1/../../../../arm-atollic-eabi/lib/armv7e-m/fpu/libc_nano.a(lib_a-nano-reallocr.o)
                0x000000000800b1c0                _realloc_r
 .text._sbrk_r  0x000000000800b20c       0x20 /opt/Atollic_TrueSTUDIO_for_STM32_x86_64_9.3.0/ARMTools/bin/../lib/gcc/arm-atollic-eabi/6.3.1/../../../../arm-atollic-eabi/lib/armv7e-m/fpu/libc_nano.a(lib_a-sbrkr.o)
                0x000000000800b20c                _sbrk_r
 .text.__malloc_lock
                0x000000000800b22c        0x2 /opt/Atollic_TrueSTUDIO_for_STM32_x86_64_9.3.0/ARMTools/bin/../lib/gcc/arm-atollic-eabi/6.3.1/../../../../arm-atollic-eabi/lib/armv7e-m/fpu/libc_nano.a(lib_a-mlock.o)
                0x000000000800b22c                __malloc_lock
 .text.__malloc_unlock
                0x000000000800b22e        0x2 /opt/Atollic_TrueSTUDIO_for_STM32_x86_64_9.3.0/ARMTools/bin/../lib/gcc/arm-atollic-eabi/6.3.1/../../../../arm-atollic-eabi/lib/armv7e-m/fpu/libc_nano.a(lib_a-mlock.o)
                0x000000000800b22e                __malloc_unlock
 .text._malloc_usable_size_r
                0x000000000800b230       0x12 /opt/Atollic_TrueSTUDIO_for_STM32_x86_64_9.3.0/ARMTools/bin/../lib/gcc/arm-atollic-eabi/6.3.1/../../../../arm-atollic-eabi/lib/armv7e-m/fpu/libc_nano.a(lib_a-nano-msizer.o)
                0x000000000800b230                _malloc_usable_size_r
 *(.glue_7)
 .glue_7        0x000000000800b242        0x0 linker stubs
 *(.glue_7t)
 .glue_7t       0x000000000800b242        0x0 linker stubs
 *(.eh_frame)
 *fill*         0x000000000800b242        0x2 
 .eh_frame      0x000000000800b244        0x0 /opt/Atollic_TrueSTUDIO_for_STM32_x86_64_9.3.0/ARMTools/bin/../lib/gcc/arm-atollic-eabi/6.3.1/armv7e-m/fpu/crtbegin.o
 *(.init)
 .init          0x000000000800b244        0x4 /opt/Atollic_TrueSTUDIO_for_STM32_x86_64_9.3.0/ARMTools/bin/../lib/gcc/arm-atollic-eabi/6.3.1/armv7e-m/fpu/crti.o
                0x000000000800b244                _init
 .init          0x000000000800b248        0x8 /opt/Atollic_TrueSTUDIO_for_STM32_x86_64_9.3.0/ARMTools/bin/../lib/gcc/arm-atollic-eabi/6.3.1/armv7e-m/fpu/crtn.o
 *(.fini)
 .fini          0x000000000800b250        0x4 /opt/Atollic_TrueSTUDIO_for_STM32_x86_64_9.3.0/ARMTools/bin/../lib/gcc/arm-atollic-eabi/6.3.1/armv7e-m/fpu/crti.o
                0x000000000800b250                _fini
 .fini          0x000000000800b254        0x8 /opt/Atollic_TrueSTUDIO_for_STM32_x86_64_9.3.0/ARMTools/bin/../lib/gcc/arm-atollic-eabi/6.3.1/armv7e-m/fpu/crtn.o
                0x000000000800b25c                . = ALIGN (0x4)
                0x000000000800b25c                _etext = .

.vfp11_veneer   0x000000000800b25c        0x0
 .vfp11_veneer  0x000000000800b25c        0x0 linker stubs

.v4_bx          0x000000000800b25c        0x0
 .v4_bx         0x000000000800b25c        0x0 linker stubs

.iplt           0x000000000800b25c        0x0
 .iplt          0x000000000800b25c        0x0 /opt/Atollic_TrueSTUDIO_for_STM32_x86_64_9.3.0/ARMTools/bin/../lib/gcc/arm-atollic-eabi/6.3.1/armv7e-m/fpu/crtbegin.o

.rodata         0x000000000800b25c      0x410
                0x000000000800b25c                . = ALIGN (0x4)
 *(.rodata)
 .rodata        0x000000000800b25c      0x27b src/main.o
 *(.rodata*)
 *fill*         0x000000000800b4d7        0x1 
 .rodata._ZN14rosserial_msgsL12REQUESTPARAME
                0x000000000800b4d8       0x1c src/main.o
 .rodata._ZTVN3ros10SubscriberIN11utmrbc_msgs4HSPMEvEE
                0x000000000800b4f4       0x18 src/main.o
                0x000000000800b4f4                vtable for ros::Subscriber<utmrbc_msgs::HSPM, void>
 .rodata._ZTVN3ros10SubscriberIN11utmrbc_msgs3BDCEvEE
                0x000000000800b50c       0x18 src/main.o
                0x000000000800b50c                vtable for ros::Subscriber<utmrbc_msgs::BDC, void>
 .rodata._ZTVN3ros10SubscriberIN11utmrbc_msgs3LEDEvEE
                0x000000000800b524       0x18 src/main.o
                0x000000000800b524                vtable for ros::Subscriber<utmrbc_msgs::LED, void>
 .rodata._ZTVN3ros11NodeHandle_I13STM32HardwareLi25ELi25ELi1024ELi1024EEE
                0x000000000800b53c       0x14 src/main.o
                0x000000000800b53c                vtable for ros::NodeHandle_<STM32Hardware, 25, 25, 1024, 1024>
 .rodata._ZTVN11utmrbc_msgs4HSPME
                0x000000000800b550       0x18 src/main.o
                0x000000000800b550                vtable for utmrbc_msgs::HSPM
 .rodata._ZTVN11utmrbc_msgs3BDCE
                0x000000000800b568       0x18 src/main.o
                0x000000000800b568                vtable for utmrbc_msgs::BDC
 .rodata._ZTVN11utmrbc_msgs8InputPinE
                0x000000000800b580       0x18 src/main.o
                0x000000000800b580                vtable for utmrbc_msgs::InputPin
 .rodata._ZTVN11utmrbc_msgs3LEDE
                0x000000000800b598       0x18 src/main.o
                0x000000000800b598                vtable for utmrbc_msgs::LED
 .rodata._ZTVN8std_msgs6StringE
                0x000000000800b5b0       0x18 src/main.o
                0x000000000800b5b0                vtable for std_msgs::String
 .rodata._ZTVN3ros11Subscriber_E
                0x000000000800b5c8       0x18 src/main.o
                0x000000000800b5c8                vtable for ros::Subscriber_
 .rodata._ZTVN3ros15NodeHandleBase_E
                0x000000000800b5e0       0x14 src/main.o
                0x000000000800b5e0                vtable for ros::NodeHandleBase_
 .rodata._ZTVN8std_msgs4TimeE
                0x000000000800b5f4       0x18 src/main.o
                0x000000000800b5f4                vtable for std_msgs::Time
 .rodata._ZTVN14rosserial_msgs9TopicInfoE
                0x000000000800b60c       0x18 src/main.o
                0x000000000800b60c                vtable for rosserial_msgs::TopicInfo
 .rodata._ZTVN14rosserial_msgs20RequestParamResponseE
                0x000000000800b624       0x18 src/main.o
                0x000000000800b624                vtable for rosserial_msgs::RequestParamResponse
 .rodata._ZTVN14rosserial_msgs3LogE
                0x000000000800b63c       0x18 src/main.o
                0x000000000800b63c                vtable for rosserial_msgs::Log
 .rodata._ZTVN3ros3MsgE
                0x000000000800b654       0x18 src/main.o
                0x000000000800b654                vtable for ros::Msg
                0x000000000800b66c                . = ALIGN (0x4)

.rel.dyn        0x000000000800b66c        0x0
 .rel.iplt      0x000000000800b66c        0x0 /opt/Atollic_TrueSTUDIO_for_STM32_x86_64_9.3.0/ARMTools/bin/../lib/gcc/arm-atollic-eabi/6.3.1/armv7e-m/fpu/crtbegin.o

.ARM.extab
 *(.ARM.extab* .gnu.linkonce.armextab.*)

.ARM            0x000000000800b66c        0x0
                0x000000000800b66c                __exidx_start = .
 *(.ARM.exidx*)
                0x000000000800b66c                __exidx_end = .

.preinit_array  0x000000000800b66c        0x0
                0x000000000800b66c                PROVIDE (__preinit_array_start, .)
 *(.preinit_array*)
                0x000000000800b66c                PROVIDE (__preinit_array_end, .)

.init_array     0x000000000800b66c        0x8
                0x000000000800b66c                PROVIDE (__init_array_start, .)
 *(SORT(.init_array.*))
 *(.init_array*)
 .init_array    0x000000000800b66c        0x4 /opt/Atollic_TrueSTUDIO_for_STM32_x86_64_9.3.0/ARMTools/bin/../lib/gcc/arm-atollic-eabi/6.3.1/armv7e-m/fpu/crtbegin.o
 .init_array    0x000000000800b670        0x4 src/main.o
                0x000000000800b674                PROVIDE (__init_array_end, .)

.fini_array     0x000000000800b674        0x4
                [!provide]                        PROVIDE (__fini_array_start, .)
 *(SORT(.fini_array.*))
 *(.fini_array*)
 .fini_array    0x000000000800b674        0x4 /opt/Atollic_TrueSTUDIO_for_STM32_x86_64_9.3.0/ARMTools/bin/../lib/gcc/arm-atollic-eabi/6.3.1/armv7e-m/fpu/crtbegin.o
                [!provide]                        PROVIDE (__fini_array_end, .)
                0x000000000800b678                _sidata = LOADADDR (.data)

.data           0x0000000020000000       0x98 load address 0x000000000800b678
                0x0000000020000000                . = ALIGN (0x4)
                0x0000000020000000                _sdata = .
 *(.data)
 *(.data*)
 .data.APBAHBPrescTable
                0x0000000020000000       0x10 Libraries/STM32F4xx_StdPeriph_Driver/src/stm32f4xx_rcc.o
 .data.SERIAL_USART
                0x0000000020000010        0xc src/ROS/hardwareserial.o
                0x0000000020000010                SERIAL_USART
 .data.SystemCoreClock
                0x000000002000001c        0x4 src/system_stm32f4xx.o
                0x000000002000001c                SystemCoreClock
 .data.AHBPrescTable
                0x0000000020000020       0x10 src/system_stm32f4xx.o
                0x0000000020000020                AHBPrescTable
 .data._ZN10__cxxabiv119__terminate_handlerE
                0x0000000020000030        0x4 /opt/Atollic_TrueSTUDIO_for_STM32_x86_64_9.3.0/ARMTools/bin/../lib/gcc/arm-atollic-eabi/6.3.1/../../../../arm-atollic-eabi/lib/armv7e-m/fpu/libstdc++_nano.a(eh_term_handler.o)
                0x0000000020000030                __cxxabiv1::__terminate_handler
 .data._impure_ptr
                0x0000000020000034        0x4 /opt/Atollic_TrueSTUDIO_for_STM32_x86_64_9.3.0/ARMTools/bin/../lib/gcc/arm-atollic-eabi/6.3.1/../../../../arm-atollic-eabi/lib/armv7e-m/fpu/libc_nano.a(lib_a-impure.o)
                0x0000000020000034                _impure_ptr
 .data.impure_data
                0x0000000020000038       0x60 /opt/Atollic_TrueSTUDIO_for_STM32_x86_64_9.3.0/ARMTools/bin/../lib/gcc/arm-atollic-eabi/6.3.1/../../../../arm-atollic-eabi/lib/armv7e-m/fpu/libc_nano.a(lib_a-impure.o)
                0x0000000020000098                . = ALIGN (0x4)
                0x0000000020000098                _edata = .
                0x000000000800b710                _siccmram = LOADADDR (.ccmram)

.igot.plt       0x0000000020000098        0x0 load address 0x000000000800b710
 .igot.plt      0x0000000020000098        0x0 /opt/Atollic_TrueSTUDIO_for_STM32_x86_64_9.3.0/ARMTools/bin/../lib/gcc/arm-atollic-eabi/6.3.1/armv7e-m/fpu/crtbegin.o

.ccmram         0x0000000010000000        0x0 load address 0x000000000800b710
                0x0000000010000000                . = ALIGN (0x4)
                0x0000000010000000                _sccmram = .
 *(.ccmram)
 *(.ccmram*)
                0x0000000010000000                . = ALIGN (0x4)
                0x0000000010000000                _eccmram = .
                0x0000000010000000                . = ALIGN (0x4)

.bss            0x0000000020000098     0x1e58
                0x0000000020000098                _sbss = .
                0x0000000020000098                __bss_start__ = _sbss
 *(.bss)
 .bss           0x0000000020000098       0x1c /opt/Atollic_TrueSTUDIO_for_STM32_x86_64_9.3.0/ARMTools/bin/../lib/gcc/arm-atollic-eabi/6.3.1/armv7e-m/fpu/crtbegin.o
 *(.bss*)
 .bss._ZL5rxbuf
                0x00000000200000b4      0x400 src/ROS/hardwareserial.o
 .bss._ZL8rb1_recv
                0x00000000200004b4        0xc src/ROS/hardwareserial.o
 .bss._ZL8rb2_recv
                0x00000000200004c0        0xc src/ROS/hardwareserial.o
 .bss._ZL8rb3_recv
                0x00000000200004cc        0xc src/ROS/hardwareserial.o
 .bss.buf2_flag
                0x00000000200004d8        0x1 src/adapter.o
                0x00000000200004d8                buf2_flag
 *fill*         0x00000000200004d9        0x3 
 .bss.BIOSTimingDelay
                0x00000000200004dc        0x4 src/main.o
                0x00000000200004dc                BIOSTimingDelay
 .bss.BIOS_RCC_Clocks
                0x00000000200004e0       0x10 src/main.o
                0x00000000200004e0                BIOS_RCC_Clocks
 .bss.BIOS_GPIO_InitStructure
                0x00000000200004f0        0x8 src/main.o
                0x00000000200004f0                BIOS_GPIO_InitStructure
 .bss.BIOS_USART_InitStructure
                0x00000000200004f8       0x10 src/main.o
                0x00000000200004f8                BIOS_USART_InitStructure
 .bss.BIOS_TIM_TimeBaseStructure
                0x0000000020000508        0xc src/main.o
                0x0000000020000508                BIOS_TIM_TimeBaseStructure
 .bss.BIOS_NVIC_InitStructure
                0x0000000020000514        0x4 src/main.o
                0x0000000020000514                BIOS_NVIC_InitStructure
 .bss.BIOS_UART_NVIC_InitStructure
                0x0000000020000518        0x4 src/main.o
                0x0000000020000518                BIOS_UART_NVIC_InitStructure
 .bss.BIOS_QEI1_TIM_TimeBaseStructure
                0x000000002000051c        0xc src/main.o
                0x000000002000051c                BIOS_QEI1_TIM_TimeBaseStructure
 .bss.BIOS_QEI1_NVIC_InitStructure
                0x0000000020000528        0x4 src/main.o
                0x0000000020000528                BIOS_QEI1_NVIC_InitStructure
 .bss.BIOS_QEI2_TIM_TimeBaseStructure
                0x000000002000052c        0xc src/main.o
                0x000000002000052c                BIOS_QEI2_TIM_TimeBaseStructure
 .bss.BIOS_QEI2_NVIC_InitStructure
                0x0000000020000538        0x4 src/main.o
                0x0000000020000538                BIOS_QEI2_NVIC_InitStructure
 .bss.BIOS_QEI3_TIM_TimeBaseStructure
                0x000000002000053c        0xc src/main.o
                0x000000002000053c                BIOS_QEI3_TIM_TimeBaseStructure
 .bss.BIOS_QEI3_NVIC_InitStructure
                0x0000000020000548        0x4 src/main.o
                0x0000000020000548                BIOS_QEI3_NVIC_InitStructure
 .bss.BIOS_QEI4_TIM_TimeBaseStructure
                0x000000002000054c        0xc src/main.o
                0x000000002000054c                BIOS_QEI4_TIM_TimeBaseStructure
 .bss.BIOS_QEI4_NVIC_InitStructure
                0x0000000020000558        0x4 src/main.o
                0x0000000020000558                BIOS_QEI4_NVIC_InitStructure
 .bss.BIOS_QEI5_TIM_TimeBaseStructure
                0x000000002000055c        0xc src/main.o
                0x000000002000055c                BIOS_QEI5_TIM_TimeBaseStructure
 .bss.BIOS_QEI5_NVIC_InitStructure
                0x0000000020000568        0x4 src/main.o
                0x0000000020000568                BIOS_QEI5_NVIC_InitStructure
 .bss.BIOS_QEI6_TIM_TimeBaseStructure
                0x000000002000056c        0xc src/main.o
                0x000000002000056c                BIOS_QEI6_TIM_TimeBaseStructure
 .bss.BIOS_QEI6_NVIC_InitStructure
                0x0000000020000578        0x4 src/main.o
                0x0000000020000578                BIOS_QEI6_NVIC_InitStructure
 .bss.CAN_InitStruct
                0x000000002000057c        0xc src/main.o
                0x000000002000057c                CAN_InitStruct
 .bss.CAN_FilterInitStruct
                0x0000000020000588        0xe src/main.o
                0x0000000020000588                CAN_FilterInitStruct
 *fill*         0x0000000020000596        0x2 
 .bss.CAN_NVIC_InitStructure
                0x0000000020000598        0x4 src/main.o
                0x0000000020000598                CAN_NVIC_InitStructure
 .bss.CAN1_RxMessage
                0x000000002000059c       0x14 src/main.o
                0x000000002000059c                CAN1_RxMessage
 .bss.CAN2_RxMessage
                0x00000000200005b0       0x14 src/main.o
                0x00000000200005b0                CAN2_RxMessage
 .bss.I2C1_InitStructure
                0x00000000200005c4       0x10 src/main.o
                0x00000000200005c4                I2C1_InitStructure
 .bss.I2C2_InitStructure
                0x00000000200005d4       0x10 src/main.o
                0x00000000200005d4                I2C2_InitStructure
 .bss.I2C3_InitStructure
                0x00000000200005e4       0x10 src/main.o
                0x00000000200005e4                I2C3_InitStructure
 .bss.srcvhandlerI2C1
                0x00000000200005f4        0x4 src/main.o
                0x00000000200005f4                srcvhandlerI2C1
 .bss.srcvhandlerI2C2
                0x00000000200005f8        0x4 src/main.o
                0x00000000200005f8                srcvhandlerI2C2
 .bss.srcvhandlerI2C3
                0x00000000200005fc        0x4 src/main.o
                0x00000000200005fc                srcvhandlerI2C3
 .bss.mrcvhandlerI2C1
                0x0000000020000600        0x4 src/main.o
                0x0000000020000600                mrcvhandlerI2C1
 .bss.mrcvhandlerI2C2
                0x0000000020000604        0x4 src/main.o
                0x0000000020000604                mrcvhandlerI2C2
 .bss.mrcvhandlerI2C3
                0x0000000020000608        0x4 src/main.o
                0x0000000020000608                mrcvhandlerI2C3
 .bss.stranshandlerI2C1
                0x000000002000060c        0x4 src/main.o
                0x000000002000060c                stranshandlerI2C1
 .bss.stranshandlerI2C2
                0x0000000020000610        0x4 src/main.o
                0x0000000020000610                stranshandlerI2C2
 .bss.stranshandlerI2C3
                0x0000000020000614        0x4 src/main.o
                0x0000000020000614                stranshandlerI2C3
 .bss.I2C1rxlen
                0x0000000020000618        0x1 src/main.o
                0x0000000020000618                I2C1rxlen
 .bss.I2C1txlen
                0x0000000020000619        0x1 src/main.o
                0x0000000020000619                I2C1txlen
 .bss.I2C1slaveadress
                0x000000002000061a        0x1 src/main.o
                0x000000002000061a                I2C1slaveadress
 .bss.I2C1_direction
                0x000000002000061b        0x1 src/main.o
                0x000000002000061b                I2C1_direction
 .bss.I2C2rxlen
                0x000000002000061c        0x1 src/main.o
                0x000000002000061c                I2C2rxlen
 .bss.I2C2txlen
                0x000000002000061d        0x1 src/main.o
                0x000000002000061d                I2C2txlen
 .bss.I2C2slaveadress
                0x000000002000061e        0x1 src/main.o
                0x000000002000061e                I2C2slaveadress
 .bss.I2C2_direction
                0x000000002000061f        0x1 src/main.o
                0x000000002000061f                I2C2_direction
 .bss.I2C3rxlen
                0x0000000020000620        0x1 src/main.o
                0x0000000020000620                I2C3rxlen
 .bss.I2C3txlen
                0x0000000020000621        0x1 src/main.o
                0x0000000020000621                I2C3txlen
 .bss.I2C3slaveadress
                0x0000000020000622        0x1 src/main.o
                0x0000000020000622                I2C3slaveadress
 .bss.I2C3_direction
                0x0000000020000623        0x1 src/main.o
                0x0000000020000623                I2C3_direction
 .bss.I2C1_Master_Flag
                0x0000000020000624        0x1 src/main.o
                0x0000000020000624                I2C1_Master_Flag
 .bss.I2C2_Master_Flag
                0x0000000020000625        0x1 src/main.o
                0x0000000020000625                I2C2_Master_Flag
 .bss.I2C3_Master_Flag
                0x0000000020000626        0x1 src/main.o
                0x0000000020000626                I2C3_Master_Flag
 *fill*         0x0000000020000627        0x1 
 .bss.I2C1_master_snd_buf
                0x0000000020000628      0x100 src/main.o
                0x0000000020000628                I2C1_master_snd_buf
 .bss.I2C1_master_rcv_buf
                0x0000000020000728      0x100 src/main.o
                0x0000000020000728                I2C1_master_rcv_buf
 .bss.I2C1_slave_snd_buf
                0x0000000020000828      0x100 src/main.o
                0x0000000020000828                I2C1_slave_snd_buf
 .bss.I2C1_slave_rcv_buf
                0x0000000020000928      0x100 src/main.o
                0x0000000020000928                I2C1_slave_rcv_buf
 .bss.I2C1_Txlength
                0x0000000020000a28        0x1 src/main.o
                0x0000000020000a28                I2C1_Txlength
 .bss.I2C1_Rxlength
                0x0000000020000a29        0x1 src/main.o
                0x0000000020000a29                I2C1_Rxlength
 *fill*         0x0000000020000a2a        0x2 
 .bss.I2C2_master_snd_buf
                0x0000000020000a2c      0x100 src/main.o
                0x0000000020000a2c                I2C2_master_snd_buf
 .bss.I2C2_master_rcv_buf
                0x0000000020000b2c      0x100 src/main.o
                0x0000000020000b2c                I2C2_master_rcv_buf
 .bss.I2C2_slave_snd_buf
                0x0000000020000c2c      0x100 src/main.o
                0x0000000020000c2c                I2C2_slave_snd_buf
 .bss.I2C2_slave_rcv_buf
                0x0000000020000d2c      0x100 src/main.o
                0x0000000020000d2c                I2C2_slave_rcv_buf
 .bss.I2C2_Txlength
                0x0000000020000e2c        0x1 src/main.o
                0x0000000020000e2c                I2C2_Txlength
 .bss.I2C2_Rxlength
                0x0000000020000e2d        0x1 src/main.o
                0x0000000020000e2d                I2C2_Rxlength
 *fill*         0x0000000020000e2e        0x2 
 .bss.I2C3_master_snd_buf
                0x0000000020000e30      0x100 src/main.o
                0x0000000020000e30                I2C3_master_snd_buf
 .bss.I2C3_master_rcv_buf
                0x0000000020000f30      0x100 src/main.o
                0x0000000020000f30                I2C3_master_rcv_buf
 .bss.I2C3_slave_snd_buf
                0x0000000020001030      0x100 src/main.o
                0x0000000020001030                I2C3_slave_snd_buf
 .bss.I2C3_slave_rcv_buf
                0x0000000020001130      0x100 src/main.o
                0x0000000020001130                I2C3_slave_rcv_buf
 .bss.I2C3_Txlength
                0x0000000020001230        0x1 src/main.o
                0x0000000020001230                I2C3_Txlength
 .bss.I2C3_Rxlength
                0x0000000020001231        0x1 src/main.o
                0x0000000020001231                I2C3_Rxlength
 *fill*         0x0000000020001232        0x2 
 .bss.MUX       0x0000000020001234       0x28 src/main.o
                0x0000000020001234                MUX
 .bss.SR        0x000000002000125c       0x30 src/main.o
                0x000000002000125c                SR
 .bss.rns       0x000000002000128c       0x5c src/main.o
                0x000000002000128c                rns
 .bss.BDC1      0x00000000200012e8       0x20 src/main.o
                0x00000000200012e8                BDC1
 .bss.BDC2      0x0000000020001308       0x20 src/main.o
                0x0000000020001308                BDC2
 .bss.BDC3      0x0000000020001328       0x20 src/main.o
                0x0000000020001328                BDC3
 .bss.BDC4      0x0000000020001348       0x20 src/main.o
                0x0000000020001348                BDC4
 .bss.BDC5      0x0000000020001368       0x20 src/main.o
                0x0000000020001368                BDC5
 .bss.BDC6      0x0000000020001388       0x20 src/main.o
                0x0000000020001388                BDC6
 .bss.BDC7      0x00000000200013a8       0x20 src/main.o
                0x00000000200013a8                BDC7
 .bss.BDC8      0x00000000200013c8       0x20 src/main.o
                0x00000000200013c8                BDC8
 .bss.insData_receive
                0x00000000200013e8        0x2 src/main.o
                0x00000000200013e8                insData_receive
 *fill*         0x00000000200013ea        0x2 
 .bss.buf1_receive
                0x00000000200013ec        0x8 src/main.o
                0x00000000200013ec                buf1_receive
 .bss.buf2_receive
                0x00000000200013f4        0x8 src/main.o
                0x00000000200013f4                buf2_receive
 .bss.Serial    0x00000000200013fc        0x1 src/main.o
                0x00000000200013fc                Serial
 *fill*         0x00000000200013fd        0x3 
 .bss.t         0x0000000020001400        0x4 src/main.o
                0x0000000020001400                t
 .bss.prev_update_time
                0x0000000020001404        0x4 src/main.o
                0x0000000020001404                prev_update_time
 .bss.nh        0x0000000020001408      0x934 src/main.o
                0x0000000020001408                nh
 .bss.current_time
                0x0000000020001d3c        0x8 src/main.o
                0x0000000020001d3c                current_time
 .bss.current_offset
                0x0000000020001d44        0x4 src/main.o
                0x0000000020001d44                current_offset
 .bss.led_sub   0x0000000020001d48       0x20 src/main.o
                0x0000000020001d48                led_sub
 .bss.bdc_sub   0x0000000020001d68       0x20 src/main.o
                0x0000000020001d68                bdc_sub
 .bss.hspm_sub  0x0000000020001d88       0x20 src/main.o
                0x0000000020001d88                hspm_sub
 .bss.buffer    0x0000000020001da8       0xc8 src/main.o
                0x0000000020001da8                buffer
 .bss.info_msg  0x0000000020001e70        0x8 src/main.o
                0x0000000020001e70                info_msg
 .bss.info_pub  0x0000000020001e78       0x14 src/main.o
                0x0000000020001e78                info_pub
 .bss.ip_msg    0x0000000020001e8c        0xc src/main.o
                0x0000000020001e8c                ip_msg
 .bss.ip_pub    0x0000000020001e98       0x14 src/main.o
                0x0000000020001e98                ip_pub
 .bss.heap_end.7012
                0x0000000020001eac        0x4 src/syscalls.o
 .bss.__malloc_free_list
                0x0000000020001eb0        0x4 /opt/Atollic_TrueSTUDIO_for_STM32_x86_64_9.3.0/ARMTools/bin/../lib/gcc/arm-atollic-eabi/6.3.1/../../../../arm-atollic-eabi/lib/armv7e-m/fpu/libc_nano.a(lib_a-nano-mallocr.o)
                0x0000000020001eb0                __malloc_free_list
 .bss.__malloc_sbrk_start
                0x0000000020001eb4        0x4 /opt/Atollic_TrueSTUDIO_for_STM32_x86_64_9.3.0/ARMTools/bin/../lib/gcc/arm-atollic-eabi/6.3.1/../../../../arm-atollic-eabi/lib/armv7e-m/fpu/libc_nano.a(lib_a-nano-mallocr.o)
                0x0000000020001eb4                __malloc_sbrk_start
 *(COMMON)
 COMMON         0x0000000020001eb8       0x30 src/BIOS/qei.o
                0x0000000020001eb8                BIOS_QEI3
                0x0000000020001ebc                BIOS_QEI1
                0x0000000020001ec0                BIOS_QEI2
                0x0000000020001ec4                qei
                0x0000000020001edc                BIOS_QEI5
                0x0000000020001ee0                BIOS_QEI4
                0x0000000020001ee4                BIOS_QEI6
 COMMON         0x0000000020001ee8        0x4 src/ROS/millisecondtimer.o
                0x0000000020001ee8                _counter
 COMMON         0x0000000020001eec        0x4 /opt/Atollic_TrueSTUDIO_for_STM32_x86_64_9.3.0/ARMTools/bin/../lib/gcc/arm-atollic-eabi/6.3.1/../../../../arm-atollic-eabi/lib/armv7e-m/fpu/libc_nano.a(lib_a-reent.o)
                0x0000000020001eec                errno
                0x0000000020001ef0                . = ALIGN (0x4)
                0x0000000020001ef0                _ebss = .
                0x0000000020001ef0                __bss_end__ = _ebss

._user_heap_stack
                0x0000000020001ef0      0x400
                0x0000000020001ef0                . = ALIGN (0x4)
                0x0000000020001ef0                PROVIDE (end, .)
                [!provide]                        PROVIDE (_end, .)
                0x0000000020001ef0                . = (. + _Min_Heap_Size)
                0x00000000200022f0                . = (. + _Min_Stack_Size)
 *fill*         0x0000000020001ef0      0x400 
                0x00000000200022f0                . = ALIGN (0x4)

.memory_b1_text
 *(.mb1text)
 *(.mb1text*)
 *(.mb1rodata)
 *(.mb1rodata*)

/DISCARD/
 libc.a(*)
 libm.a(*)
 libgcc.a(*)

.ARM.attributes
                0x0000000000000000       0x30
 *(.ARM.attributes)
 .ARM.attributes
                0x0000000000000000       0x22 /opt/Atollic_TrueSTUDIO_for_STM32_x86_64_9.3.0/ARMTools/bin/../lib/gcc/arm-atollic-eabi/6.3.1/armv7e-m/fpu/crti.o
 .ARM.attributes
                0x0000000000000022       0x34 /opt/Atollic_TrueSTUDIO_for_STM32_x86_64_9.3.0/ARMTools/bin/../lib/gcc/arm-atollic-eabi/6.3.1/armv7e-m/fpu/crtbegin.o
 .ARM.attributes
                0x0000000000000056       0x39 Libraries/STM32F4xx_StdPeriph_Driver/src/misc.o
 .ARM.attributes
                0x000000000000008f       0x39 Libraries/STM32F4xx_StdPeriph_Driver/src/stm32f4xx_can.o
 .ARM.attributes
                0x00000000000000c8       0x39 Libraries/STM32F4xx_StdPeriph_Driver/src/stm32f4xx_exti.o
 .ARM.attributes
                0x0000000000000101       0x39 Libraries/STM32F4xx_StdPeriph_Driver/src/stm32f4xx_gpio.o
 .ARM.attributes
                0x000000000000013a       0x39 Libraries/STM32F4xx_StdPeriph_Driver/src/stm32f4xx_i2c.o
 .ARM.attributes
                0x0000000000000173       0x39 Libraries/STM32F4xx_StdPeriph_Driver/src/stm32f4xx_rcc.o
 .ARM.attributes
                0x00000000000001ac       0x39 Libraries/STM32F4xx_StdPeriph_Driver/src/stm32f4xx_tim.o
 .ARM.attributes
                0x00000000000001e5       0x39 Libraries/STM32F4xx_StdPeriph_Driver/src/stm32f4xx_usart.o
 .ARM.attributes
                0x000000000000021e       0x39 src/BIOS/bdc.o
 .ARM.attributes
                0x0000000000000257       0x39 src/BIOS/gpio.o
 .ARM.attributes
                0x0000000000000290       0x39 src/BIOS/multiplexer.o
 .ARM.attributes
                0x00000000000002c9       0x39 src/BIOS/pwm.o
 .ARM.attributes
                0x0000000000000302       0x39 src/BIOS/qei.o
 .ARM.attributes
                0x000000000000033b       0x39 src/BIOS/shiftreg.o
 .ARM.attributes
                0x0000000000000374       0x39 src/BIOS/system.o
 .ARM.attributes
                0x00000000000003ad       0x39 src/BIOS/timer.o
 .ARM.attributes
                0x00000000000003e6       0x39 src/BIOS/uart.o
 .ARM.attributes
                0x000000000000041f       0x39 src/CAN/can.o
 .ARM.attributes
                0x0000000000000458       0x39 src/I2C/i2c1.o
 .ARM.attributes
                0x0000000000000491       0x39 src/I2C/i2c2.o
 .ARM.attributes
                0x00000000000004ca       0x39 src/I2C/i2c3.o
 .ARM.attributes
                0x0000000000000503       0x39 src/ROS/hardwareserial.o
 .ARM.attributes
                0x000000000000053c       0x39 src/ROS/millisecondtimer.o
 .ARM.attributes
                0x0000000000000575       0x39 src/adapter.o
 .ARM.attributes
                0x00000000000005ae       0x39 src/common.o
 .ARM.attributes
                0x00000000000005e7       0x39 src/interrupt.o
 .ARM.attributes
                0x0000000000000620       0x39 src/main.o
 .ARM.attributes
                0x0000000000000659       0x39 src/ros_lib/time.o
 .ARM.attributes
                0x0000000000000692       0x21 src/startup_stm32f40xx.o
 .ARM.attributes
                0x00000000000006b3       0x39 src/stm32f4xx_it.o
 .ARM.attributes
                0x00000000000006ec       0x39 src/syscalls.o
 .ARM.attributes
                0x0000000000000725       0x39 src/system_stm32f4xx.o
 .ARM.attributes
                0x000000000000075e       0x39 src/tiny_printf.o
 .ARM.attributes