BTD_USR.c:44:6:USBH_USR_Init	8	static
BTD_USR.c:55:6:USBH_USR_DeviceAttached	8	static
BTD_USR.c:67:6:USBH_USR_UnrecoveredError	8	static
BTD_USR.c:80:6:USBH_USR_DeviceDisconnected	8	static
BTD_USR.c:91:6:USBH_USR_ResetDevice	4	static
BTD_USR.c:103:6:USBH_USR_DeviceSpeedDetected	16	static
BTD_USR.c:134:6:USBH_USR_Device_DescAvailable	24	static
BTD_USR.c:160:6:USBH_USR_DeviceAddressAssigned	4	static
BTD_USR.c:172:6:USBH_USR_Configuration_DescAvailable	40	static
BTD_USR.c:208:6:USBH_USR_Manufacturer_String	16	static
BTD_USR.c:221:6:USBH_USR_Product_String	16	static
BTD_USR.c:234:6:USBH_USR_SerialNum_String	16	static
BTD_USR.c:249:6:USBH_USR_EnumerationDone	8	static
BTD_USR.c:262:6:USBH_USR_DeviceNotSupported	24	static
BTD_USR.c:275:17:USBH_USR_UserInput	16	static
BTD_USR.c:288:6:USBH_USR_OverCurrentDetected	16	static
BTD_USR.c:301:5:USBH_USR_BTD_Application	4	static
BTD_USR.c:315:6:USBH_USR_DeInit	4	static
