PS3BT.c:8:6:PS3BTInit	24	static
PS3BT.c:46:6:PS3BTgetButtonPress	16	static
PS3BT.c:50:6:PS3BTgetButtonClick	24	static
PS3BT.c:57:9:PS3BTgetAnalogButton	16	static
PS3BT.c:61:9:PS3BTgetAnalogHat	16	static
PS3BT.c:65:9:PS3BTgetSensor	16	static
PS3BT.c:82:7:PS3BTgetAngle	40	static
PS3BT.c:111:7:PS3BTget9DOFValues	24	static
PS3BT.c:142:6:PS3BTgetStatus	16	static
PS3BT.c:146:10:PS3BTgetLastMessageTime	16	static
PS3BT.c:154:6:Reset	24	static
PS3BT.c:183:6:Disconnect	24	static
PS3BT.c:192:6:ACLData	32	static
PS3BT.c:377:6:L2CAP_task	32	static
PS3BT.c:473:6:Run	24	static
PS3BT.c:543:6:HID_Command	40	static
PS3BT.c:550:6:PS3BTsetAllOff	16	static
PS3BT.c:561:6:PS3BTsetRumbleOff	88	static
PS3BT.c:571:6:PS3BTsetRumbleOn	32	static
PS3BT.c:580:6:setRumbleOn	88	static
PS3BT.c:590:6:PS3BTsetLedRaw	16	static
PS3BT.c:595:6:PS3BTsetAllLedOff	16	static
PS3BT.c:599:6:PS3BTsetLedOff	16	static
PS3BT.c:604:6:PS3BTsetLedOn	16	static
PS3BT.c:613:6:PS3BTsetLedToggle	16	static
PS3BT.c:618:6:enable_sixaxis	24	static
PS3BT.c:632:6:HIDMove_Command	32	static
PS3BT.c:640:6:PS3BTmoveSetBulb	16	static
PS3BT.c:649:6:moveSetBulb	16	static
PS3BT.c:653:6:PS3BTmoveSetRumble	16	static
PS3BT.c:666:6:onInit	16	static
