PS4BT.c:47:6:PS4BTInit	16	static
PS4BT.c:69:6:PS4BTReset	24	static
PS4BT.c:101:6:PS4BTdisconnect	24	static
PS4BT.c:111:6:PS4BTACLData	32	static
PS4BT.c:309:6:PS4BTL2CAP_task	32	static
PS4BT.c:435:6:PS4BTRun	40	static
PS4BT.c:478:6:setProtocol	32	static
PS4BT.c:490:6:setLeds	32	static
PS4BT.c:499:6:ParseBTHIDData	32	static
PS4BT.c:539:6:checkDpad	16	static
PS4BT.c:554:6:OnInit	24	static
PS4BT.c:582:6:sendOutputReport	104	static
PS4BT.c:609:6:PS4_enable_sixaxis	32	static
PS4BT.c:619:6:PS4BTgetButtonPress	16	static
PS4BT.c:628:6:PS4BTgetButtonClick	24	static
PS4BT.c:635:9:PS4BTgetAnalogButton	16	static
PS4BT.c:643:9:PS4BTgetAnalogHat	16	static
PS4BT.c:647:10:PS4BTgetX	16	static
PS4BT.c:651:10:PS4BTgetY	16	static
PS4BT.c:655:6:PS4BTisTouching	16	static
PS4BT.c:659:9:PS4BTgetTouchCounter	16	static
PS4BT.c:663:7:PS4BTgetAngle	16	static
PS4BT.c:670:9:PS4BTgetSensor	16	static
PS4BT.c:689:9:PS4BTgetBatteryLevel	16	static
PS4BT.c:694:6:PS4BTgetUsbStatus	16	static
PS4BT.c:698:6:PS4BTgetAudioStatus	16	static
PS4BT.c:702:6:PS4BTgetMicStatus	16	static
PS4BT.c:707:6:PS4BTsetAllOff	16	static
PS4BT.c:713:6:PS4BTsetRumbleOff	16	static
PS4BT.c:717:6:PS4BTsetRumbleMode	16	static
PS4BT.c:724:6:PS4BTsetRumbleOn	16	static
PS4BT.c:730:6:PS4BTsetLedOff	16	static
PS4BT.c:734:6:PS4BTsetLed	16	static
PS4BT.c:741:6:PS4BTsetLedColour	16	static
PS4BT.c:746:6:PS4BTsetLedFlash	16	static
