usbh_btd_core.c:39:20:USBH_BTD_InterfaceInit	48	static
usbh_btd_core.c:163:13:USBH_BTD_InterfaceDeInit	24	static
usbh_btd_core.c:191:20:USBH_BTD_ClassRequest	24	static
usbh_btd_core.c:200:20:USBH_BTD_Handle	24	static
usbh_btd_core.c:257:6:InitializeBTD	16	static
usbh_btd_core.c:270:6:disconnect	16	static
usbh_btd_core.c:276:8:registerBluetoothService	24	static
usbh_btd_core.c:289:6:pairWithHID	4	static
usbh_btd_core.c:295:6:checkHciHandle	16	static
usbh_btd_core.c:299:6:HCI_event_task	40	static
usbh_btd_core.c:566:6:HCI_task	16	static
usbh_btd_core.c:871:6:ACL_event_task	24	static
usbh_btd_core.c:944:6:HCI_Command	24	static
usbh_btd_core.c:962:6:hci_reset	8	static
usbh_btd_core.c:972:6:hci_write_scan_enable	8	static
usbh_btd_core.c:988:6:hci_write_scan_disable	8	static
usbh_btd_core.c:998:6:hci_read_bdaddr	8	static
usbh_btd_core.c:1009:6:hci_read_local_version_information	8	static
usbh_btd_core.c:1020:6:hci_accept_connection	8	static
usbh_btd_core.c:1038:6:hci_remote_name	8	static
usbh_btd_core.c:1059:6:hci_set_local_name	32	static
usbh_btd_core.c:1073:6:hci_inquiry	8	static
usbh_btd_core.c:1089:6:hci_inquiry_cancel	8	static
usbh_btd_core.c:1097:6:hci_connect_last_discovered	8	static
usbh_btd_core.c:1101:6:hci_connect	16	static
usbh_btd_core.c:1125:6:hci_pin_code_request_reply	24	static
usbh_btd_core.c:1149:6:hci_pin_code_negative_request_reply	8	static
usbh_btd_core.c:1164:6:hci_link_key_request_negative_reply	8	static
usbh_btd_core.c:1179:6:hci_authentication_request	8	static
usbh_btd_core.c:1190:6:hci_disconnect	16	static
usbh_btd_core.c:1204:6:hci_write_class_of_device	8	static
usbh_btd_core.c:1243:6:L2CAP_Command	56	dynamic
usbh_btd_core.c:1264:6:l2cap_connection_request	32	static
usbh_btd_core.c:1278:6:l2cap_connection_response	32	static
usbh_btd_core.c:1296:6:l2cap_config_request	24	static
usbh_btd_core.c:1314:6:l2cap_config_response	24	static
usbh_btd_core.c:1334:6:l2cap_disconnection_request	32	static
usbh_btd_core.c:1348:6:l2cap_disconnection_response	32	static
usbh_btd_core.c:1362:6:l2cap_information_response	32	static
usbh_btd_core.c:1381:6:setBdaddr	32	static
