Archive member included to satisfy reference by file (symbol)

/opt/Atollic_TrueSTUDIO_for_STM32_x86_64_9.3.0/ARMTools/bin/../lib/gcc/arm-atollic-eabi/6.3.1/../../../../arm-atollic-eabi/lib/armv7e-m/fpu/libstdc++_nano.a(pure.o)
                              src/main.o (__cxa_pure_virtual)
/opt/Atollic_TrueSTUDIO_for_STM32_x86_64_9.3.0/ARMTools/bin/../lib/gcc/arm-atollic-eabi/6.3.1/../../../../arm-atollic-eabi/lib/armv7e-m/fpu/libstdc++_nano.a(eh_terminate.o)
                              /opt/Atollic_TrueSTUDIO_for_STM32_x86_64_9.3.0/ARMTools/bin/../lib/gcc/arm-atollic-eabi/6.3.1/../../../../arm-atollic-eabi/lib/armv7e-m/fpu/libstdc++_nano.a(pure.o) (std::terminate())
/opt/Atollic_TrueSTUDIO_for_STM32_x86_64_9.3.0/ARMTools/bin/../lib/gcc/arm-atollic-eabi/6.3.1/../../../../arm-atollic-eabi/lib/armv7e-m/fpu/libstdc++_nano.a(eh_term_handler.o)
                              /opt/Atollic_TrueSTUDIO_for_STM32_x86_64_9.3.0/ARMTools/bin/../lib/gcc/arm-atollic-eabi/6.3.1/../../../../arm-atollic-eabi/lib/armv7e-m/fpu/libstdc++_nano.a(eh_terminate.o) (__cxxabiv1::__terminate_handler)
/opt/Atollic_TrueSTUDIO_for_STM32_x86_64_9.3.0/ARMTools/bin/../lib/gcc/arm-atollic-eabi/6.3.1/../../../../arm-atollic-eabi/lib/armv7e-m/fpu/libstdc++_nano.a(eh_unex_handler.o)
                              /opt/Atollic_TrueSTUDIO_for_STM32_x86_64_9.3.0/ARMTools/bin/../lib/gcc/arm-atollic-eabi/6.3.1/../../../../arm-atollic-eabi/lib/armv7e-m/fpu/libstdc++_nano.a(eh_terminate.o) (__cxxabiv1::__unexpected_handler)
/opt/Atollic_TrueSTUDIO_for_STM32_x86_64_9.3.0/ARMTools/bin/../lib/gcc/arm-atollic-eabi/6.3.1/../../../../arm-atollic-eabi/lib/armv7e-m/fpu/libm.a(lib_a-s_cos.o)
                              src/main.o (cos)
/opt/Atollic_TrueSTUDIO_for_STM32_x86_64_9.3.0/ARMTools/bin/../lib/gcc/arm-atollic-eabi/6.3.1/../../../../arm-atollic-eabi/lib/armv7e-m/fpu/libm.a(lib_a-s_sin.o)
                              src/main.o (sin)
/opt/Atollic_TrueSTUDIO_for_STM32_x86_64_9.3.0/ARMTools/bin/../lib/gcc/arm-atollic-eabi/6.3.1/../../../../arm-atollic-eabi/lib/armv7e-m/fpu/libm.a(lib_a-w_pow.o)
                              src/tiny_printf.o (pow)
/opt/Atollic_TrueSTUDIO_for_STM32_x86_64_9.3.0/ARMTools/bin/../lib/gcc/arm-atollic-eabi/6.3.1/../../../../arm-atollic-eabi/lib/armv7e-m/fpu/libm.a(lib_a-wf_atan2.o)
                              src/STM32_USB_HOST_Library/Class/BTD/src/PS3BT.o (atan2f)
/opt/Atollic_TrueSTUDIO_for_STM32_x86_64_9.3.0/ARMTools/bin/../lib/gcc/arm-atollic-eabi/6.3.1/../../../../arm-atollic-eabi/lib/armv7e-m/fpu/libm.a(lib_a-e_pow.o)
                              /opt/Atollic_TrueSTUDIO_for_STM32_x86_64_9.3.0/ARMTools/bin/../lib/gcc/arm-atollic-eabi/6.3.1/../../../../arm-atollic-eabi/lib/armv7e-m/fpu/libm.a(lib_a-w_pow.o) (__ieee754_pow)
/opt/Atollic_TrueSTUDIO_for_STM32_x86_64_9.3.0/ARMTools/bin/../lib/gcc/arm-atollic-eabi/6.3.1/../../../../arm-atollic-eabi/lib/armv7e-m/fpu/libm.a(lib_a-e_rem_pio2.o)
                              /opt/Atollic_TrueSTUDIO_for_STM32_x86_64_9.3.0/ARMTools/bin/../lib/gcc/arm-atollic-eabi/6.3.1/../../../../arm-atollic-eabi/lib/armv7e-m/fpu/libm.a(lib_a-s_cos.o) (__ieee754_rem_pio2)
/opt/Atollic_TrueSTUDIO_for_STM32_x86_64_9.3.0/ARMTools/bin/../lib/gcc/arm-atollic-eabi/6.3.1/../../../../arm-atollic-eabi/lib/armv7e-m/fpu/libm.a(lib_a-e_sqrt.o)
                              /opt/Atollic_TrueSTUDIO_for_STM32_x86_64_9.3.0/ARMTools/bin/../lib/gcc/arm-atollic-eabi/6.3.1/../../../../arm-atollic-eabi/lib/armv7e-m/fpu/libm.a(lib_a-e_pow.o) (__ieee754_sqrt)
/opt/Atollic_TrueSTUDIO_for_STM32_x86_64_9.3.0/ARMTools/bin/../lib/gcc/arm-atollic-eabi/6.3.1/../../../../arm-atollic-eabi/lib/armv7e-m/fpu/libm.a(lib_a-ef_atan2.o)
                              /opt/Atollic_TrueSTUDIO_for_STM32_x86_64_9.3.0/ARMTools/bin/../lib/gcc/arm-atollic-eabi/6.3.1/../../../../arm-atollic-eabi/lib/armv7e-m/fpu/libm.a(lib_a-wf_atan2.o) (__ieee754_atan2f)
/opt/Atollic_TrueSTUDIO_for_STM32_x86_64_9.3.0/ARMTools/bin/../lib/gcc/arm-atollic-eabi/6.3.1/../../../../arm-atollic-eabi/lib/armv7e-m/fpu/libm.a(lib_a-k_cos.o)
                              /opt/Atollic_TrueSTUDIO_for_STM32_x86_64_9.3.0/ARMTools/bin/../lib/gcc/arm-atollic-eabi/6.3.1/../../../../arm-atollic-eabi/lib/armv7e-m/fpu/libm.a(lib_a-s_cos.o) (__kernel_cos)
/opt/Atollic_TrueSTUDIO_for_STM32_x86_64_9.3.0/ARMTools/bin/../lib/gcc/arm-atollic-eabi/6.3.1/../../../../arm-atollic-eabi/lib/armv7e-m/fpu/libm.a(lib_a-k_rem_pio2.o)
                              /opt/Atollic_TrueSTUDIO_for_STM32_x86_64_9.3.0/ARMTools/bin/../lib/gcc/arm-atollic-eabi/6.3.1/../../../../arm-atollic-eabi/lib/armv7e-m/fpu/libm.a(lib_a-e_rem_pio2.o) (__kernel_rem_pio2)
/opt/Atollic_TrueSTUDIO_for_STM32_x86_64_9.3.0/ARMTools/bin/../lib/gcc/arm-atollic-eabi/6.3.1/../../../../arm-atollic-eabi/lib/armv7e-m/fpu/libm.a(lib_a-k_sin.o)
[...]
Memory Configuration

Name             Origin             Length             Attributes
FLASH            0x0000000008000000 0x0000000000100000 xr
RAM              0x0000000020000000 0x0000000000020000 xrw
MEMORY_B1        0x0000000060000000 0x0000000000000000 xr
CCMRAM           0x0000000010000000 0x0000000000010000 rw
*default*        0x0000000000000000 0xffffffffffffffff

Linker script and memory map

LOAD /opt/Atollic_TrueSTUDIO_for_STM32_x86_64_9.3.0/ARMTools/bin/../lib/gcc/arm-atollic-eabi/6.3.1/armv7e-m/fpu/crti.o
LOAD /opt/Atollic_TrueSTUDIO_for_STM32_x86_64_9.3.0/ARMTools/bin/../lib/gcc/arm-atollic-eabi/6.3.1/armv7e-m/fpu/crtbegin.o
LOAD Libraries/STM32F4xx_StdPeriph_Driver/src/misc.o
LOAD Libraries/STM32F4xx_StdPeriph_Driver/src/stm32f4xx_adc.o
LOAD Libraries/STM32F4xx_StdPeriph_Driver/src/stm32f4xx_can.o
LOAD Libraries/STM32F4xx_StdPeriph_Driver/src/stm32f4xx_crc.o
LOAD Libraries/STM32F4xx_StdPeriph_Driver/src/stm32f4xx_cryp.o
LOAD Libraries/STM32F4xx_StdPeriph_Driver/src/stm32f4xx_cryp_aes.o
LOAD Libraries/STM32F4xx_StdPeriph_Driver/src/stm32f4xx_cryp_des.o
LOAD Libraries/STM32F4xx_StdPeriph_Driver/src/stm32f4xx_cryp_tdes.o
LOAD Libraries/STM32F4xx_StdPeriph_Driver/src/stm32f4xx_dac.o
LOAD Libraries/STM32F4xx_StdPeriph_Driver/src/stm32f4xx_dbgmcu.o
LOAD Libraries/STM32F4xx_StdPeriph_Driver/src/stm32f4xx_dcmi.o
LOAD Libraries/STM32F4xx_StdPeriph_Driver/src/stm32f4xx_dma.o
LOAD Libraries/STM32F4xx_StdPeriph_Driver/src/stm32f4xx_exti.o
LOAD Libraries/STM32F4xx_StdPeriph_Driver/src/stm32f4xx_flash.o
LOAD Libraries/STM32F4xx_StdPeriph_Driver/src/stm32f4xx_fsmc.o
LOAD Libraries/STM32F4xx_StdPeriph_Driver/src/stm32f4xx_gpio.o
LOAD Libraries/STM32F4xx_StdPeriph_Driver/src/stm32f4xx_hash.o
LOAD Libraries/STM32F4xx_StdPeriph_Driver/src/stm32f4xx_hash_md5.o
LOAD Libraries/STM32F4xx_StdPeriph_Driver/src/stm32f4xx_hash_sha1.o
LOAD Libraries/STM32F4xx_StdPeriph_Driver/src/stm32f4xx_i2c.o
LOAD Libraries/STM32F4xx_StdPeriph_Driver/src/stm32f4xx_iwdg.o
LOAD Libraries/STM32F4xx_StdPeriph_Driver/src/stm32f4xx_pwr.o
LOAD Libraries/STM32F4xx_StdPeriph_Driver/src/stm32f4xx_rcc.o
LOAD Libraries/STM32F4xx_StdPeriph_Driver/src/stm32f4xx_rng.o
LOAD Libraries/STM32F4xx_StdPeriph_Driver/src/stm32f4xx_rtc.o
LOAD Libraries/STM32F4xx_StdPeriph_Driver/src/stm32f4xx_sdio.o
LOAD Libraries/STM32F4xx_StdPeriph_Driver/src/stm32f4xx_spi.o
LOAD Libraries/STM32F4xx_StdPeriph_Driver/src/stm32f4xx_syscfg.o
LOAD Libraries/STM32F4xx_StdPeriph_Driver/src/stm32f4xx_tim.o
LOAD Libraries/STM32F4xx_StdPeriph_Driver/src/stm32f4xx_usart.o
LOAD Libraries/STM32F4xx_StdPeriph_Driver/src/stm32f4xx_wwdg.o
LOAD src/ABT/ABT.o
LOAD src/BIOS/bdc.o
LOAD src/BIOS/gpio.o
LOAD src/BIOS/multiplexer.o
LOAD src/BIOS/pwm.o
LOAD src/BIOS/qei.o
LOAD src/BIOS/shiftreg.o
LOAD src/BIOS/system.o
LOAD src/BIOS/timer.o
LOAD src/BIOS/uart.o
LOAD src/BIOS/uartdma.o
LOAD src/BIOS/utils.o
LOAD src/CAN/can.o
LOAD src/IMU_SPI/IMU_SPI.o
LOAD src/KF/KF.o
LOAD src/MODN/MODN.o
LOAD src/PID/PID.o
LOAD src/ROS/hardwareserial.o
LOAD src/ROS/millisecondtimer.o
LOAD src/STM32_USB_HOST_Library/Class/BTD/src/BTD_USR.o
LOAD src/STM32_USB_HOST_Library/Class/BTD/src/PS3BT.o
LOAD src/STM32_USB_HOST_Library/Class/BTD/src/PS3Enums.o
LOAD src/STM32_USB_HOST_Library/Class/BTD/src/PS4BT.o
LOAD src/STM32_USB_HOST_Library/Class/BTD/src/SPP.o
LOAD src/STM32_USB_HOST_Library/Class/BTD/src/usbh_btd_core.o
LOAD src/STM32_USB_HOST_Library/Core/src/usb_bsp.o
LOAD src/STM32_USB_HOST_Library/Core/src/usbh_core.o
LOAD src/STM32_USB_HOST_Library/Core/src/usbh_hcs.o
LOAD src/STM32_USB_HOST_Library/Core/src/usbh_ioreq.o
LOAD src/STM32_USB_HOST_Library/Core/src/usbh_stdreq.o
LOAD src/STM32_USB_OTG_Driver/src/usb_core.o
LOAD src/STM32_USB_OTG_Driver/src/usb_hcd.o
LOAD src/STM32_USB_OTG_Driver/src/usb_hcd_int.o
LOAD src/application.o
LOAD src/common.o
LOAD src/include.o
LOAD src/interrupt.o
LOAD src/main.o
LOAD src/ros_lib/duration.o
LOAD src/ros_lib/time.o
LOAD src/startup_stm32f40xx.o
LOAD src/state.o
LOAD src/stm32f4xx_it.o
LOAD src/syscalls.o
LOAD src/system.o
LOAD src/system_stm32f4xx.o
LOAD src/tiny_printf.o
                0x0000000000001000                malloc_getpagesize_P = 0x1000
START GROUP
LOAD /opt/Atollic_TrueSTUDIO_for_STM32_x86_64_9.3.0/ARMTools/bin/../lib/gcc/arm-atollic-eabi/6.3.1/../../../../arm-atollic-eabi/lib/armv7e-m/fpu/libstdc++_nano.a
LOAD /opt/Atollic_TrueSTUDIO_for_STM32_x86_64_9.3.0/ARMTools/bin/../lib/gcc/arm-atollic-eabi/6.3.1/../../../../arm-atollic-eabi/lib/armv7e-m/fpu/libsupc++_nano.a
END GROUP
LOAD /opt/Atollic_TrueSTUDIO_for_STM32_x86_64_9.3.0/ARMTools/bin/../lib/gcc/arm-atollic-eabi/6.3.1/../../../../arm-atollic-eabi/lib/armv7e-m/fpu/libstdc++_nano.a
LOAD /opt/Atollic_TrueSTUDIO_for_STM32_x86_64_9.3.0/ARMTools/bin/../lib/gcc/arm-atollic-eabi/6.3.1/../../../../arm-atollic-eabi/lib/armv7e-m/fpu/libm.a
LOAD /opt/Atollic_TrueSTUDIO_for_STM32_x86_64_9.3.0/ARMTools/bin/../lib/gcc/arm-atollic-eabi/6.3.1/../../../../arm-atollic-eabi/lib/armv7e-m/fpu/libc_nano.a
START GROUP
LOAD /opt/Atollic_TrueSTUDIO_for_STM32_x86_64_9.3.0/ARMTools/bin/../lib/gcc/arm-atollic-eabi/6.3.1/armv7e-m/fpu/libgcc.a
LOAD /opt/Atollic_TrueSTUDIO_for_STM32_x86_64_9.3.0/ARMTools/bin/../lib/gcc/arm-atollic-eabi/6.3.1/../../../../arm-atollic-eabi/lib/armv7e-m/fpu/libc_nano.a
END GROUP
START GROUP
LOAD /opt/Atollic_TrueSTUDIO_for_STM32_x86_64_9.3.0/ARMTools/bin/../lib/gcc/arm-atollic-eabi/6.3.1/armv7e-m/fpu/libgcc.a
LOAD /opt/Atollic_TrueSTUDIO_for_STM32_x86_64_9.3.0/ARMTools/bin/../lib/gcc/arm-atollic-eabi/6.3.1/../../../../arm-atollic-eabi/lib/armv7e-m/fpu/libc_nano.a
LOAD /opt/Atollic_TrueSTUDIO_for_STM32_x86_64_9.3.0/ARMTools/bin/../lib/gcc/arm-atollic-eabi/6.3.1/../../../../arm-atollic-eabi/lib/armv7e-m/fpu/libnosys.a
END GROUP
START GROUP
LOAD /opt/Atollic_TrueSTUDIO_for_STM32_x86_64_9.3.0/ARMTools/bin/../lib/gcc/arm-atollic-eabi/6.3.1/armv7e-m/fpu/libgcc.a
LOAD /opt/Atollic_TrueSTUDIO_for_STM32_x86_64_9.3.0/ARMTools/bin/../lib/gcc/arm-atollic-eabi/6.3.1/../../../../arm-atollic-eabi/lib/armv7e-m/fpu/libc_nano.a
LOAD /opt/Atollic_TrueSTUDIO_for_STM32_x86_64_9.3.0/ARMTools/bin/../lib/gcc/arm-atollic-eabi/6.3.1/../../../../arm-atollic-eabi/lib/armv7e-m/fpu/libnosys.a
END GROUP
LOAD /opt/Atollic_TrueSTUDIO_for_STM32_x86_64_9.3.0/ARMTools/bin/../lib/gcc/arm-atollic-eabi/6.3.1/armv7e-m/fpu/crtend.o
LOAD /opt/Atollic_TrueSTUDIO_for_STM32_x86_64_9.3.0/ARMTools/bin/../lib/gcc/arm-atollic-eabi/6.3.1/armv7e-m/fpu/crtn.o
                0x0000000020020000                _estack = 0x20020000
                0x0000000000000000                _Min_Heap_Size = 0x0
                0x0000000000000400                _Min_Stack_Size = 0x400

.isr_vector     0x0000000008000000      0x188
                0x0000000008000000                . = ALIGN (0x4)
 *(.isr_vector)
 .isr_vector    0x0000000008000000      0x188 src/startup_stm32f40xx.o
                0x0000000008000000                g_pfnVectors
                0x0000000008000188                . = ALIGN (0x4)

.text           0x0000000008000190     0xf720
                0x0000000008000190                . = ALIGN (0x4)
 *(.text)
 .text          0x0000000008000190       0x40 /opt/Atollic_TrueSTUDIO_for_STM32_x86_64_9.3.0/ARMTools/bin/../lib/gcc/arm-atollic-eabi/6.3.1/armv7e-m/fpu/crtbegin.o
 .text          0x00000000080001d0       0x10 /opt/Atollic_TrueSTUDIO_for_STM32_x86_64_9.3.0/ARMTools/bin/../lib/gcc/arm-atollic-eabi/6.3.1/../../../../arm-atollic-eabi/lib/armv7e-m/fpu/libc_nano.a(lib_a-strlen.o)
                0x00000000080001d0                strlen
 .text          0x00000000080001e0       0xa0 /opt/Atollic_TrueSTUDIO_for_STM32_x86_64_9.3.0/ARMTools/bin/../lib/gcc/arm-atollic-eabi/6.3.1/../../../../arm-atollic-eabi/lib/armv7e-m/fpu/libc_nano.a(lib_a-memchr.o)
                0x00000000080001e0                memchr
 .text          0x0000000008000280      0x370 /opt/Atollic_TrueSTUDIO_for_STM32_x86_64_9.3.0/ARMTools/bin/../lib/gcc/arm-atollic-eabi/6.3.1/armv7e-m/fpu/libgcc.a(_arm_addsubdf3.o)
                0x0000000008000280                __aeabi_drsub
                0x0000000008000288                __aeabi_dsub
                0x0000000008000288                __subdf3
                0x000000000800028c                __adddf3
                0x000000000800028c                __aeabi_dadd
                0x0000000008000504                __aeabi_ui2d
                0x0000000008000504                __floatunsidf
                0x0000000008000524                __floatsidf
                0x0000000008000524                __aeabi_i2d
                0x0000000008000548                __extendsfdf2
                0x0000000008000548                __aeabi_f2d
                0x0000000008000584                __aeabi_ul2d
                0x0000000008000584                __floatundidf
                0x0000000008000594                __floatdidf
                0x0000000008000594                __aeabi_l2d
 .text          0x00000000080005f0      0x424 /opt/Atollic_TrueSTUDIO_for_STM32_x86_64_9.3.0/ARMTools/bin/../lib/gcc/arm-atollic-eabi/6.3.1/armv7e-m/fpu/libgcc.a(_arm_muldivdf3.o)
                0x00000000080005f0                __aeabi_dmul
                0x00000000080005f0                __muldf3
                0x0000000008000844                __aeabi_ddiv
                0x0000000008000844                __divdf3
 .text          0x0000000008000a14      0x110 /opt/Atollic_TrueSTUDIO_for_STM32_x86_64_9.3.0/ARMTools/bin/../lib/gcc/arm-atollic-eabi/6.3.1/armv7e-m/fpu/libgcc.a(_arm_cmpdf2.o)
                0x0000000008000a14                __gtdf2
                0x0000000008000a14                __gedf2
                0x0000000008000a1c                __ltdf2
                0x0000000008000a1c                __ledf2
                0x0000000008000a24                __cmpdf2
                0x0000000008000a24                __eqdf2
                0x0000000008000a24                __nedf2
                0x0000000008000aa0                __aeabi_cdrcmple
                0x0000000008000ab0                __aeabi_cdcmple
                0x0000000008000ab0                __aeabi_cdcmpeq
                0x0000000008000ac0                __aeabi_dcmpeq
                0x0000000008000ad4                __aeabi_dcmplt
                0x0000000008000ae8                __aeabi_dcmple
                0x0000000008000afc                __aeabi_dcmpge
                0x0000000008000b10                __aeabi_dcmpgt
 .text          0x0000000008000b24       0x2c /opt/Atollic_TrueSTUDIO_for_STM32_x86_64_9.3.0/ARMTools/bin/../lib/gcc/arm-atollic-eabi/6.3.1/armv7e-m/fpu/libgcc.a(_arm_unorddf2.o)
                0x0000000008000b24                __aeabi_dcmpun
                0x0000000008000b24                __unorddf2
 .text          0x0000000008000b50       0x50 /opt/Atollic_TrueSTUDIO_for_STM32_x86_64_9.3.0/ARMTools/bin/../lib/gcc/arm-atollic-eabi/6.3.1/armv7e-m/fpu/libgcc.a(_arm_fixdfsi.o)
                0x0000000008000b50                __fixdfsi
                0x0000000008000b50                __aeabi_d2iz
 .text          0x0000000008000ba0       0xa0 /opt/Atollic_TrueSTUDIO_for_STM32_x86_64_9.3.0/ARMTools/bin/../lib/gcc/arm-atollic-eabi/6.3.1/armv7e-m/fpu/libgcc.a(_arm_truncdfsf2.o)
                0x0000000008000ba0                __aeabi_d2f
                0x0000000008000ba0                __truncdfsf2
 *(.text*)
 .text.NVIC_PriorityGroupConfig
                0x0000000008000c40       0x28 Libraries/STM32F4xx_StdPeriph_Driver/src/misc.o
                0x0000000008000c40                NVIC_PriorityGroupConfig
 .text.NVIC_Init
                0x0000000008000c68       0xc4 Libraries/STM32F4xx_StdPeriph_Driver/src/misc.o
                0x0000000008000c68                NVIC_Init
 .text.GPIO_Init
                0x0000000008000d2c      0x11c Libraries/STM32F4xx_StdPeriph_Driver/src/stm32f4xx_gpio.o
                0x0000000008000d2c                GPIO_Init
 .text.GPIO_WriteBit
                0x0000000008000e48       0x30 Libraries/STM32F4xx_StdPeriph_Driver/src/stm32f4xx_gpio.o
                0x0000000008000e48                GPIO_WriteBit
 .text.GPIO_PinAFConfig
                0x0000000008000e78       0x92 Libraries/STM32F4xx_StdPeriph_Driver/src/stm32f4xx_gpio.o
                0x0000000008000e78                GPIO_PinAFConfig
 *fill*         0x0000000008000f0a        0x2 
 .text.RCC_GetClocksFreq
                0x0000000008000f0c      0x150 Libraries/STM32F4xx_StdPeriph_Driver/src/stm32f4xx_rcc.o
                0x0000000008000f0c                RCC_GetClocksFreq
 .text.RCC_AHB1PeriphClockCmd
                0x000000000800105c       0x40 Libraries/STM32F4xx_StdPeriph_Driver/src/stm32f4xx_rcc.o
                0x000000000800105c                RCC_AHB1PeriphClockCmd
 .text.RCC_APB1PeriphClockCmd
                0x000000000800109c       0x40 Libraries/STM32F4xx_StdPeriph_Driver/src/stm32f4xx_rcc.o
                0x000000000800109c                RCC_APB1PeriphClockCmd
 .text.RCC_APB2PeriphClockCmd
                0x00000000080010dc       0x40 Libraries/STM32F4xx_StdPeriph_Driver/src/stm32f4xx_rcc.o
                0x00000000080010dc                RCC_APB2PeriphClockCmd
 .text.TIM_TimeBaseInit
                0x000000000800111c       0xd8 Libraries/STM32F4xx_StdPeriph_Driver/src/stm32f4xx_tim.o
                0x000000000800111c                TIM_TimeBaseInit
 .text.TIM_ARRPreloadConfig
                0x00000000080011f4       0x40 Libraries/STM32F4xx_StdPeriph_Driver/src/stm32f4xx_tim.o
                0x00000000080011f4                TIM_ARRPreloadConfig
 .text.TIM_Cmd  0x0000000008001234       0x40 Libraries/STM32F4xx_StdPeriph_Driver/src/stm32f4xx_tim.o
                0x0000000008001234                TIM_Cmd
 .text.TIM_OC1Init
                0x0000000008001274       0xf4 Libraries/STM32F4xx_StdPeriph_Driver/src/stm32f4xx_tim.o
                0x0000000008001274                TIM_OC1Init
 .text.TIM_OC2Init
                0x0000000008001368      0x110 Libraries/STM32F4xx_StdPeriph_Driver/src/stm32f4xx_tim.o
                0x0000000008001368                TIM_OC2Init
 .text.TIM_OC3Init
                0x0000000008001478      0x10c Libraries/STM32F4xx_StdPeriph_Driver/src/stm32f4xx_tim.o
                0x0000000008001478                TIM_OC3Init
 .text.TIM_OC4Init
                0x0000000008001584       0xd0 Libraries/STM32F4xx_StdPeriph_Driver/src/stm32f4xx_tim.o
                0x0000000008001584                TIM_OC4Init
 .text.TIM_OC1PreloadConfig
                0x0000000008001654       0x38 Libraries/STM32F4xx_StdPeriph_Driver/src/stm32f4xx_tim.o
                0x0000000008001654                TIM_OC1PreloadConfig
 .text.TIM_OC2PreloadConfig
                0x000000000800168c       0x3c Libraries/STM32F4xx_StdPeriph_Driver/src/stm32f4xx_tim.o
                0x000000000800168c                TIM_OC2PreloadConfig
 .text.TIM_OC3PreloadConfig
                0x00000000080016c8       0x38 Libraries/STM32F4xx_StdPeriph_Driver/src/stm32f4xx_tim.o
                0x00000000080016c8                TIM_OC3PreloadConfig
 .text.TIM_OC4PreloadConfig
                0x0000000008001700       0x3c Libraries/STM32F4xx_StdPeriph_Driver/src/stm32f4xx_tim.o
                0x0000000008001700                TIM_OC4PreloadConfig
 .text.TIM_CtrlPWMOutputs
                0x000000000800173c       0x4c Libraries/STM32F4xx_StdPeriph_Driver/src/stm32f4xx_tim.o
                0x000000000800173c                TIM_CtrlPWMOutputs
 .text.TIM_ITConfig
                0x0000000008001788       0x48 Libraries/STM32F4xx_StdPeriph_Driver/src/stm32f4xx_tim.o
                0x0000000008001788                TIM_ITConfig
 .text.TIM_GetITStatus
                0x00000000080017d0       0x54 Libraries/STM32F4xx_StdPeriph_Driver/src/stm32f4xx_tim.o
                0x00000000080017d0                TIM_GetITStatus
 .text.TIM_ClearITPendingBit
                0x0000000008001824       0x22 Libraries/STM32F4xx_StdPeriph_Driver/src/stm32f4xx_tim.o
                0x0000000008001824                TIM_ClearITPendingBit
 .text.TIM_EncoderInterfaceConfig
                0x0000000008001846       0x98 Libraries/STM32F4xx_StdPeriph_Driver/src/stm32f4xx_tim.o
                0x0000000008001846                TIM_EncoderInterfaceConfig
 *fill*         0x00000000080018de        0x2 
 .text.USART_Init
                0x00000000080018e0      0x174 Libraries/STM32F4xx_StdPeriph_Driver/src/stm32f4xx_usart.o
                0x00000000080018e0                USART_Init
 .text.USART_Cmd
                0x0000000008001a54       0x40 Libraries/STM32F4xx_StdPeriph_Driver/src/stm32f4xx_usart.o
                0x0000000008001a54                USART_Cmd
 .text.USART_SendData
                0x0000000008001a94       0x24 Libraries/STM32F4xx_StdPeriph_Driver/src/stm32f4xx_usart.o
                0x0000000008001a94                USART_SendData
 .text.USART_ReceiveData
                0x0000000008001ab8       0x20 Libraries/STM32F4xx_StdPeriph_Driver/src/stm32f4xx_usart.o
                0x0000000008001ab8                USART_ReceiveData
 .text.USART_ITConfig
                0x0000000008001ad8       0x90 Libraries/STM32F4xx_StdPeriph_Driver/src/stm32f4xx_usart.o
                0x0000000008001ad8                USART_ITConfig
 .text.USART_GetFlagStatus
                0x0000000008001b68       0x38 Libraries/STM32F4xx_StdPeriph_Driver/src/stm32f4xx_usart.o
                0x0000000008001b68                USART_GetFlagStatus
 .text.USART_GetITStatus
                0x0000000008001ba0       0xb6 Libraries/STM32F4xx_StdPeriph_Driver/src/stm32f4xx_usart.o
                0x0000000008001ba0                USART_GetITStatus
 .text.USART_ClearITPendingBit
                0x0000000008001c56       0x3a Libraries/STM32F4xx_StdPeriph_Driver/src/stm32f4xx_usart.o
                0x0000000008001c56                USART_ClearITPendingBit
 .text.ABTInit  0x0000000008001c90       0x5a src/ABT/ABT.o
                0x0000000008001c90                ABTInit
 .text.ABTEstimateInit
                0x0000000008001cea       0x32 src/ABT/ABT.o
                0x0000000008001cea                ABTEstimateInit
 .text.ABT      0x0000000008001d1c      0x1a8 src/ABT/ABT.o
                0x0000000008001d1c                ABT
 .text.GPIOPinsInit
                0x0000000008001ec4      0x120 src/BIOS/gpio.o
                0x0000000008001ec4                GPIOPinsInit
 .text.PWMTimeBaseInit
                0x0000000008001fe4      0x154 src/BIOS/pwm.o
                0x0000000008001fe4                PWMTimeBaseInit
 .text.PWMChannelConfig
                0x0000000008002138      0xffc src/BIOS/pwm.o
                0x0000000008002138                PWMChannelConfig
 .text.QEIInit  0x0000000008003134       0xd8 src/BIOS/qei.o
                0x0000000008003134                QEIInit
 .text.QEIWrite
                0x000000000800320c       0xd0 src/BIOS/qei.o
                0x000000000800320c                QEIWrite
 .text.QEIReset
                0x00000000080032dc       0xc0 src/BIOS/qei.o
                0x00000000080032dc                QEIReset
 .text.QEISwap  0x000000000800339c      0x164 src/BIOS/qei.o
                0x000000000800339c                QEISwap
 .text.QEIDelay
                0x0000000008003500       0x36 src/BIOS/qei.o
                0x0000000008003500                QEIDelay
 *fill*         0x0000000008003536        0x2 
 .text.QEIRead  0x0000000008003538       0xdc src/BIOS/qei.o
                0x0000000008003538                QEIRead
 .text.QEI1Init
                0x0000000008003614      0x32c src/BIOS/qei.o
                0x0000000008003614                QEI1Init
 .text.QEI2Init
                0x0000000008003940      0x334 src/BIOS/qei.o
                0x0000000008003940                QEI2Init
 .text.QEI3Init
                0x0000000008003c74      0x32c src/BIOS/qei.o
                0x0000000008003c74                QEI3Init
 .text.QEI4Init
                0x0000000008003fa0      0x32c src/BIOS/qei.o
                0x0000000008003fa0                QEI4Init
 .text.QEI5Init
                0x00000000080042cc      0x32c src/BIOS/qei.o
                0x00000000080042cc                QEI5Init
 .text.QEI6Init
                0x00000000080045f8      0x32c src/BIOS/qei.o
                0x00000000080045f8                QEI6Init
 .text.SHIFTREGInit
                0x0000000008004924       0x8e src/BIOS/shiftreg.o
                0x0000000008004924                SHIFTREGInit
 .text.SHIFTREGShift
                0x00000000080049b2       0xce src/BIOS/shiftreg.o
                0x00000000080049b2                SHIFTREGShift
 .text.NVIC_SetPriority
                0x0000000008004a80       0x54 src/BIOS/system.o
 .text.SysTick_Config
                0x0000000008004ad4       0x44 src/BIOS/system.o
 .text.BIOSInit
                0x0000000008004b18       0x38 src/BIOS/system.o
                0x0000000008004b18                BIOSInit
 .text.BIOSTIMx_Init
                0x0000000008004b50      0x218 src/BIOS/timer.o
                0x0000000008004b50                BIOSTIMx_Init
 .text.UART2Init
                0x0000000008004d68      0x324 src/BIOS/uart.o
                0x0000000008004d68                UART2Init
 .text.UART5Init
                0x000000000800508c      0x324 src/BIOS/uart.o
                0x000000000800508c                UART5Init
 .text.ReadUART
                0x00000000080053b0       0x2a src/BIOS/uart.o
                0x00000000080053b0                ReadUART
 .text.MODNRobotBaseInit
                0x00000000080053da       0x34 src/MODN/MODN.o
                0x00000000080053da                MODNRobotBaseInit
 .text.MODNRobotVelInit
                0x000000000800540e       0x2c src/MODN/MODN.o
                0x000000000800540e                MODNRobotVelInit
 .text.MODNWheelVelInit
                0x000000000800543a       0x32 src/MODN/MODN.o
                0x000000000800543a                MODNWheelVelInit
 *fill*         0x000000000800546c        0x4 
 .text.MODN     0x0000000008005470      0x520 src/MODN/MODN.o
                0x0000000008005470                MODN
 .text.PIDSourceInit
                0x0000000008005990       0x24 src/PID/PID.o
                0x0000000008005990                PIDSourceInit
 .text.PIDGainInit
                0x00000000080059b4       0x66 src/PID/PID.o
                0x00000000080059b4                PIDGainInit
 .text.PIDGainSet
                0x0000000008005a1a       0x2e src/PID/PID.o
                0x0000000008005a1a                PIDGainSet
 .text.PIDCoeffCalc
                0x0000000008005a48      0x274 src/PID/PID.o
                0x0000000008005a48                PIDCoeffCalc
 .text.PIDDelayInit
                0x0000000008005cbc       0x3c src/PID/PID.o
                0x0000000008005cbc                PIDDelayInit
 .text.PID      0x0000000008005cf8      0x1c2 src/PID/PID.o
                0x0000000008005cf8                PID
 .text.rb_init  0x0000000008005eba       0x36 src/ROS/hardwareserial.o
 .text.rb_full_count
                0x0000000008005ef0       0x44 src/ROS/hardwareserial.o
 .text.rb_is_full
                0x0000000008005f34       0x3c src/ROS/hardwareserial.o
 .text.rb_insert
                0x0000000008005f70       0x42 src/ROS/hardwareserial.o
 .text.rb_remove
                0x0000000008005fb2       0x40 src/ROS/hardwareserial.o
 .text.rb_push_insert
                0x0000000008005ff2       0x46 src/ROS/hardwareserial.o
 .text._ZN14HardwareSerial5beginEm
                0x0000000008006038       0x60 src/ROS/hardwareserial.o
                0x0000000008006038                HardwareSerial::begin(unsigned long)
 .text._ZN14HardwareSerial9availableEv
                0x0000000008006098       0x54 src/ROS/hardwareserial.o
                0x0000000008006098                HardwareSerial::available()
 .text._ZN14HardwareSerial4readEv
                0x00000000080060ec       0x6c src/ROS/hardwareserial.o
                0x00000000080060ec                HardwareSerial::read()
 .text._ZN14HardwareSerial5writeEh
                0x0000000008006158       0x58 src/ROS/hardwareserial.o
                0x0000000008006158                HardwareSerial::write(unsigned char)
 .text.USART2_IRQHandler
                0x00000000080061b0       0x50 src/ROS/hardwareserial.o
                0x00000000080061b0                USART2_IRQHandler
 .text.USART3_IRQHandler
                0x0000000008006200       0x50 src/ROS/hardwareserial.o
                0x0000000008006200                USART3_IRQHandler
 .text.UART4_IRQHandler
                0x0000000008006250       0x50 src/ROS/hardwareserial.o
                0x0000000008006250                UART4_IRQHandler
 .text.SysTick_Handler
                0x00000000080062a0       0x1c src/ROS/millisecondtimer.o
                0x00000000080062a0                SysTick_Handler
 .text.millis   0x00000000080062bc       0x18 src/ROS/millisecondtimer.o
                0x00000000080062bc                millis
 .text.APPResetPos
                0x00000000080062d4       0xf8 src/application.o
                0x00000000080062d4                APPResetPos
 .text.APPApply
                0x00000000080063cc      0x2f4 src/application.o
                0x00000000080063cc                APPApply
 .text.APPStart
                0x00000000080066c0      0x1a8 src/application.o
                0x00000000080066c0                APPStart
 .text.APPStop  0x0000000008006868      0x124 src/application.o
                0x0000000008006868                APPStop
 .text.Initialize
                0x000000000800698c      0x238 src/common.o
                0x000000000800698c                Initialize
 .text.wheel_config
                0x0000000008006bc4      0x244 src/common.o
                0x0000000008006bc4                wheel_config
 .text.button   0x0000000008006e08      0x178 src/common.o
                0x0000000008006e08                button
 .text.TIM1_UP_TIM10_IRQHandler
                0x0000000008006f80       0x58 src/interrupt.o
                0x0000000008006f80                TIM1_UP_TIM10_IRQHandler
 .text.TIM2_IRQHandler
                0x0000000008006fd8       0x58 src/interrupt.o
                0x0000000008006fd8                TIM2_IRQHandler
 .text.TIM3_IRQHandler
                0x0000000008007030       0x58 src/interrupt.o
                0x0000000008007030                TIM3_IRQHandler
 .text.TIM4_IRQHandler
                0x0000000008007088       0x58 src/interrupt.o
                0x0000000008007088                TIM4_IRQHandler
 .text.TIM5_IRQHandler
                0x00000000080070e0       0x58 src/interrupt.o
                0x00000000080070e0                TIM5_IRQHandler
 .text.TIM8_UP_TIM13_IRQHandler
                0x0000000008007138       0x58 src/interrupt.o
                0x0000000008007138                TIM8_UP_TIM13_IRQHandler
 .text.TIM7_IRQHandler
                0x0000000008007190       0x30 src/interrupt.o
                0x0000000008007190                TIM7_IRQHandler
 .text.TIM8_TRG_COM_TIM14_IRQHandler
                0x00000000080071c0       0x24 src/interrupt.o
                0x00000000080071c0                TIM8_TRG_COM_TIM14_IRQHandler
 .text.UART5_IRQHandler
                0x00000000080071e4      0x144 src/interrupt.o
                0x00000000080071e4                UART5_IRQHandler
 .text._ZN3ros3Msg19serializeAvrFloat64EPhf
                0x0000000008007328       0xd8 src/main.o
                0x0000000008007328                ros::Msg::serializeAvrFloat64(unsigned char*, float)
 .text._ZN3ros3Msg21deserializeAvrFloat64EPKhPf
                0x0000000008007400       0xc0 src/main.o
                0x0000000008007400                ros::Msg::deserializeAvrFloat64(unsigned char const*, float*)
 .text._ZN3ros3MsgC2Ev
                0x00000000080074c0       0x20 src/main.o
                0x00000000080074c0                ros::Msg::Msg()
                0x00000000080074c0                ros::Msg::Msg()
 .text._ZN14rosserial_msgs3LogC2Ev
                0x00000000080074e0       0x34 src/main.o
                0x00000000080074e0                rosserial_msgs::Log::Log()
                0x00000000080074e0                rosserial_msgs::Log::Log()
 .text._ZNK14rosserial_msgs3Log9serializeEPh
                0x0000000008007514       0x64 src/main.o
                0x0000000008007514                rosserial_msgs::Log::serialize(unsigned char*) const
 .text._ZN14rosserial_msgs3Log11deserializeEPh
                0x0000000008007578       0x90 src/main.o
                0x0000000008007578                rosserial_msgs::Log::deserialize(unsigned char*)
 .text._ZN14rosserial_msgs3Log7getTypeEv
                0x0000000008007608       0x1c src/main.o
                0x0000000008007608                rosserial_msgs::Log::getType()
 .text._ZN14rosserial_msgs3Log6getMD5Ev
                0x0000000008007624       0x1c src/main.o
                0x0000000008007624                rosserial_msgs::Log::getMD5()
 .text._ZN14rosserial_msgs19RequestParamRequestC2Ev
                0x0000000008007640       0x30 src/main.o
                0x0000000008007640                rosserial_msgs::RequestParamRequest::RequestParamRequest()
                0x0000000008007640                rosserial_msgs::RequestParamRequest::RequestParamRequest()
 .text._ZNK14rosserial_msgs19RequestParamRequest9serializeEPh
                0x0000000008007670       0x52 src/main.o
                0x0000000008007670                rosserial_msgs::RequestParamRequest::serialize(unsigned char*) const
 .text._ZN14rosserial_msgs19RequestParamRequest11deserializeEPh
                0x00000000080076c2       0x7e src/main.o
                0x00000000080076c2                rosserial_msgs::RequestParamRequest::deserialize(unsigned char*)
 .text._ZN14rosserial_msgs19RequestParamRequest7getTypeEv
                0x0000000008007740       0x1c src/main.o
                0x0000000008007740                rosserial_msgs::RequestParamRequest::getType()
 .text._ZN14rosserial_msgs19RequestParamRequest6getMD5Ev
                0x000000000800775c       0x1c src/main.o
                0x000000000800775c                rosserial_msgs::RequestParamRequest::getMD5()
 .text._ZN14rosserial_msgs20RequestParamResponseC2Ev
                0x0000000008007778       0x48 src/main.o
                0x0000000008007778                rosserial_msgs::RequestParamResponse::RequestParamResponse()
                0x0000000008007778                rosserial_msgs::RequestParamResponse::RequestParamResponse()
 .text._ZNK14rosserial_msgs20RequestParamResponse9serializeEPh
                0x00000000080077c0      0x222 src/main.o
                0x00000000080077c0                rosserial_msgs::RequestParamResponse::serialize(unsigned char*) const
 .text._ZN14rosserial_msgs20RequestParamResponse11deserializeEPh
                0x00000000080079e2      0x2e2 src/main.o
                0x00000000080079e2                rosserial_msgs::RequestParamResponse::deserialize(unsigned char*)
 .text._ZN14rosserial_msgs20RequestParamResponse7getTypeEv
                0x0000000008007cc4       0x1c src/main.o
                0x0000000008007cc4                rosserial_msgs::RequestParamResponse::getType()
 .text._ZN14rosserial_msgs20RequestParamResponse6getMD5Ev
                0x0000000008007ce0       0x1c src/main.o
                0x0000000008007ce0                rosserial_msgs::RequestParamResponse::getMD5()
 .text._ZN14rosserial_msgs9TopicInfoC2Ev
                0x0000000008007cfc       0x48 src/main.o
                0x0000000008007cfc                rosserial_msgs::TopicInfo::TopicInfo()
                0x0000000008007cfc                rosserial_msgs::TopicInfo::TopicInfo()
 .text._ZNK14rosserial_msgs9TopicInfo9serializeEPh
                0x0000000008007d44      0x136 src/main.o
                0x0000000008007d44                rosserial_msgs::TopicInfo::serialize(unsigned char*) const
 .text._ZN14rosserial_msgs9TopicInfo11deserializeEPh
                0x0000000008007e7a      0x1d0 src/main.o
                0x0000000008007e7a                rosserial_msgs::TopicInfo::deserialize(unsigned char*)
 *fill*         0x000000000800804a        0x2 
 .text._ZN14rosserial_msgs9TopicInfo7getTypeEv
                0x000000000800804c       0x1c src/main.o
                0x000000000800804c                rosserial_msgs::TopicInfo::getType()
 .text._ZN14rosserial_msgs9TopicInfo6getMD5Ev
                0x0000000008008068       0x1c src/main.o
                0x0000000008008068                rosserial_msgs::TopicInfo::getMD5()
 .text._ZN3ros4TimeC2Ev
                0x0000000008008084       0x22 src/main.o
                0x0000000008008084                ros::Time::Time()
                0x0000000008008084                ros::Time::Time()
 *fill*         0x00000000080080a6        0x2 
 .text._ZN8std_msgs4TimeC2Ev
                0x00000000080080a8       0x30 src/main.o
                0x00000000080080a8                std_msgs::Time::Time()
                0x00000000080080a8                std_msgs::Time::Time()
 .text._ZNK8std_msgs4Time9serializeEPh
                0x00000000080080d8       0xb0 src/main.o
                0x00000000080080d8                std_msgs::Time::serialize(unsigned char*) const
 .text._ZN8std_msgs4Time11deserializeEPh
                0x0000000008008188       0xc8 src/main.o
                0x0000000008008188                std_msgs::Time::deserialize(unsigned char*)
 .text._ZN8std_msgs4Time7getTypeEv
                0x0000000008008250       0x1c src/main.o
                0x0000000008008250                std_msgs::Time::getType()
 .text._ZN8std_msgs4Time6getMD5Ev
                0x000000000800826c       0x1c src/main.o
                0x000000000800826c                std_msgs::Time::getMD5()
 .text._ZN3ros9PublisherC2EPKcPNS_3MsgEi
                0x0000000008008288       0x2e src/main.o
                0x0000000008008288                ros::Publisher::Publisher(char const*, ros::Msg*, int)
                0x0000000008008288                ros::Publisher::Publisher(char const*, ros::Msg*, int)
 .text._ZN3ros9Publisher7publishEPKNS_3MsgE
                0x00000000080082b6       0x28 src/main.o
                0x00000000080082b6                ros::Publisher::publish(ros::Msg const*)
 .text._ZN3ros9Publisher15getEndpointTypeEv
                0x00000000080082de       0x18 src/main.o
                0x00000000080082de                ros::Publisher::getEndpointType()
 .text._ZN14HardwareSerialC2E14Serial_TypeDef
                0x00000000080082f6       0x20 src/main.o
                0x00000000080082f6                HardwareSerial::HardwareSerial(Serial_TypeDef)
                0x00000000080082f6                HardwareSerial::HardwareSerial(Serial_TypeDef)
 *fill*         0x0000000008008316        0x2 
 .text._ZN13STM32HardwareC2Ev
                0x0000000008008318       0x28 src/main.o
                0x0000000008008318                STM32Hardware::STM32Hardware()
                0x0000000008008318                STM32Hardware::STM32Hardware()
 .text._ZN13STM32Hardware7setBaudEl
                0x0000000008008340       0x1c src/main.o
                0x0000000008008340                STM32Hardware::setBaud(long)
 .text._ZN13STM32Hardware4initEv
                0x000000000800835c       0x20 src/main.o
                0x000000000800835c                STM32Hardware::init()
 .text._ZN13STM32Hardware4readEv
                0x000000000800837c       0x3c src/main.o
                0x000000000800837c                STM32Hardware::read()
 .text._ZN13STM32Hardware5writeEPhi
                0x00000000080083b8       0x3a src/main.o
                0x00000000080083b8                STM32Hardware::write(unsigned char*, int)
 .text._ZN13STM32Hardware4timeEv
                0x00000000080083f2       0x16 src/main.o
                0x00000000080083f2                STM32Hardware::time()
 .text._ZN8std_msgs6StringC2Ev
                0x0000000008008408       0x30 src/main.o
                0x0000000008008408                std_msgs::String::String()
                0x0000000008008408                std_msgs::String::String()
 .text._ZNK8std_msgs6String9serializeEPh
                0x0000000008008438       0x52 src/main.o
                0x0000000008008438                std_msgs::String::serialize(unsigned char*) const
 .text._ZN8std_msgs6String11deserializeEPh
                0x000000000800848a       0x7e src/main.o
                0x000000000800848a                std_msgs::String::deserialize(unsigned char*)
 .text._ZN8std_msgs6String7getTypeEv
                0x0000000008008508       0x1c src/main.o
                0x0000000008008508                std_msgs::String::getType()
 .text._ZN8std_msgs6String6getMD5Ev
                0x0000000008008524       0x1c src/main.o
                0x0000000008008524                std_msgs::String::getMD5()
 .text._ZN13geometry_msgs7Vector3C2Ev
                0x0000000008008540       0x3c src/main.o
                0x0000000008008540                geometry_msgs::Vector3::Vector3()
                0x0000000008008540                geometry_msgs::Vector3::Vector3()
 .text._ZNK13geometry_msgs7Vector39serializeEPh
                0x000000000800857c       0x72 src/main.o
                0x000000000800857c                geometry_msgs::Vector3::serialize(unsigned char*) const
 .text._ZN13geometry_msgs7Vector311deserializeEPh
                0x00000000080085ee       0x66 src/main.o
                0x00000000080085ee                geometry_msgs::Vector3::deserialize(unsigned char*)
 .text._ZN13geometry_msgs7Vector37getTypeEv
                0x0000000008008654       0x1c src/main.o
                0x0000000008008654                geometry_msgs::Vector3::getType()
 .text._ZN13geometry_msgs7Vector36getMD5Ev
                0x0000000008008670       0x1c src/main.o
                0x0000000008008670                geometry_msgs::Vector3::getMD5()
 .text._ZN13geometry_msgs5TwistC2Ev
                0x000000000800868c       0x38 src/main.o
                0x000000000800868c                geometry_msgs::Twist::Twist()
                0x000000000800868c                geometry_msgs::Twist::Twist()
 .text._ZNK13geometry_msgs5Twist9serializeEPh
                0x00000000080086c4       0x4a src/main.o
                0x00000000080086c4                geometry_msgs::Twist::serialize(unsigned char*) const
 .text._ZN13geometry_msgs5Twist11deserializeEPh
                0x000000000800870e       0x4a src/main.o
                0x000000000800870e                geometry_msgs::Twist::deserialize(unsigned char*)
 .text._ZN13geometry_msgs5Twist7getTypeEv
                0x0000000008008758       0x1c src/main.o
                0x0000000008008758                geometry_msgs::Twist::getType()
 .text._ZN13geometry_msgs5Twist6getMD5Ev
                0x0000000008008774       0x1c src/main.o
                0x0000000008008774                geometry_msgs::Twist::getMD5()
 .text._ZN13geometry_msgs5PointC2Ev
                0x0000000008008790       0x3c src/main.o
                0x0000000008008790                geometry_msgs::Point::Point()
                0x0000000008008790                geometry_msgs::Point::Point()
 .text._ZNK13geometry_msgs5Point9serializeEPh
                0x00000000080087cc       0x72 src/main.o
                0x00000000080087cc                geometry_msgs::Point::serialize(unsigned char*) const
 .text._ZN13geometry_msgs5Point11deserializeEPh
                0x000000000800883e       0x66 src/main.o
                0x000000000800883e                geometry_msgs::Point::deserialize(unsigned char*)
 .text._ZN13geometry_msgs5Point7getTypeEv
                0x00000000080088a4       0x1c src/main.o
                0x00000000080088a4                geometry_msgs::Point::getType()
 .text._ZN13geometry_msgs5Point6getMD5Ev
                0x00000000080088c0       0x1c src/main.o
                0x00000000080088c0                geometry_msgs::Point::getMD5()
 .text._ZN13geometry_msgs10QuaternionC2Ev
                0x00000000080088dc       0x44 src/main.o
                0x00000000080088dc                geometry_msgs::Quaternion::Quaternion()
                0x00000000080088dc                geometry_msgs::Quaternion::Quaternion()
 .text._ZNK13geometry_msgs10Quaternion9serializeEPh
                0x0000000008008920       0x90 src/main.o
                0x0000000008008920                geometry_msgs::Quaternion::serialize(unsigned char*) const
 .text._ZN13geometry_msgs10Quaternion11deserializeEPh
                0x00000000080089b0       0x80 src/main.o
                0x00000000080089b0                geometry_msgs::Quaternion::deserialize(unsigned char*)
 .text._ZN13geometry_msgs10Quaternion7getTypeEv
                0x0000000008008a30       0x1c src/main.o
                0x0000000008008a30                geometry_msgs::Quaternion::getType()
 .text._ZN13geometry_msgs10Quaternion6getMD5Ev
                0x0000000008008a4c       0x1c src/main.o
                0x0000000008008a4c                geometry_msgs::Quaternion::getMD5()
 .text._ZN13geometry_msgs4PoseC2Ev
                0x0000000008008a68       0x38 src/main.o
                0x0000000008008a68                geometry_msgs::Pose::Pose()
                0x0000000008008a68                geometry_msgs::Pose::Pose()
 .text._ZNK13geometry_msgs4Pose9serializeEPh
                0x0000000008008aa0       0x4a src/main.o
                0x0000000008008aa0                geometry_msgs::Pose::serialize(unsigned char*) const
 .text._ZN13geometry_msgs4Pose11deserializeEPh
                0x0000000008008aea       0x4a src/main.o
                0x0000000008008aea                geometry_msgs::Pose::deserialize(unsigned char*)
 .text._ZN13geometry_msgs4Pose7getTypeEv
                0x0000000008008b34       0x1c src/main.o
                0x0000000008008b34                geometry_msgs::Pose::getType()
 .text._ZN13geometry_msgs4Pose6getMD5Ev
                0x0000000008008b50       0x1c src/main.o
                0x0000000008008b50                geometry_msgs::Pose::getMD5()
 .text._ZN13geometry_msgs18PoseWithCovarianceC2Ev
                0x0000000008008b6c       0x48 src/main.o
                0x0000000008008b6c                geometry_msgs::PoseWithCovariance::PoseWithCovariance()
                0x0000000008008b6c                geometry_msgs::PoseWithCovariance::PoseWithCovariance()
 .text._ZNK13geometry_msgs18PoseWithCovariance9serializeEPh
                0x0000000008008bb4       0x6a src/main.o
                0x0000000008008bb4                geometry_msgs::PoseWithCovariance::serialize(unsigned char*) const
 .text._ZN13geometry_msgs18PoseWithCovariance11deserializeEPh
                0x0000000008008c1e       0x62 src/main.o
                0x0000000008008c1e                geometry_msgs::PoseWithCovariance::deserialize(unsigned char*)
 .text._ZN13geometry_msgs18PoseWithCovariance7getTypeEv
                0x0000000008008c80       0x1c src/main.o
                0x0000000008008c80                geometry_msgs::PoseWithCovariance::getType()
 .text._ZN13geometry_msgs18PoseWithCovariance6getMD5Ev
                0x0000000008008c9c       0x1c src/main.o
                0x0000000008008c9c                geometry_msgs::PoseWithCovariance::getMD5()
 .text._ZN13geometry_msgs19TwistWithCovarianceC2Ev
                0x0000000008008cb8       0x48 src/main.o
                0x0000000008008cb8                geometry_msgs::TwistWithCovariance::TwistWithCovariance()
                0x0000000008008cb8                geometry_msgs::TwistWithCovariance::TwistWithCovariance()
 .text._ZNK13geometry_msgs19TwistWithCovariance9serializeEPh
                0x0000000008008d00       0x68 src/main.o
                0x0000000008008d00                geometry_msgs::TwistWithCovariance::serialize(unsigned char*) const
 .text._ZN13geometry_msgs19TwistWithCovariance11deserializeEPh
                0x0000000008008d68       0x60 src/main.o
                0x0000000008008d68                geometry_msgs::TwistWithCovariance::deserialize(unsigned char*)
 .text._ZN13geometry_msgs19TwistWithCovariance7getTypeEv
                0x0000000008008dc8       0x1c src/main.o
                0x0000000008008dc8                geometry_msgs::TwistWithCovariance::getType()
 .text._ZN13geometry_msgs19TwistWithCovariance6getMD5Ev
                0x0000000008008de4       0x1c src/main.o
                0x0000000008008de4                geometry_msgs::TwistWithCovariance::getMD5()
 .text._ZN8std_msgs6HeaderC2Ev
                0x0000000008008e00       0x40 src/main.o
                0x0000000008008e00                std_msgs::Header::Header()
                0x0000000008008e00                std_msgs::Header::Header()
 .text._ZNK8std_msgs6Header9serializeEPh
                0x0000000008008e40      0x130 src/main.o
                0x0000000008008e40                std_msgs::Header::serialize(unsigned char*) const
 .text._ZN8std_msgs6Header11deserializeEPh
                0x0000000008008f70      0x180 src/main.o
                0x0000000008008f70                std_msgs::Header::deserialize(unsigned char*)
 .text._ZN8std_msgs6Header7getTypeEv
                0x00000000080090f0       0x1c src/main.o
                0x00000000080090f0                std_msgs::Header::getType()
 .text._ZN8std_msgs6Header6getMD5Ev
                0x000000000800910c       0x1c src/main.o
                0x000000000800910c                std_msgs::Header::getMD5()
 .text._ZN8nav_msgs8OdometryC2Ev
                0x0000000008009128       0x4c src/main.o
                0x0000000008009128                nav_msgs::Odometry::Odometry()
                0x0000000008009128                nav_msgs::Odometry::Odometry()
 .text._ZNK8nav_msgs8Odometry9serializeEPh
                0x0000000008009174       0x9e src/main.o
                0x0000000008009174                nav_msgs::Odometry::serialize(unsigned char*) const
 .text._ZN8nav_msgs8Odometry11deserializeEPh
                0x0000000008009212       0xca src/main.o
                0x0000000008009212                nav_msgs::Odometry::deserialize(unsigned char*)
 .text._ZN8nav_msgs8Odometry7getTypeEv
                0x00000000080092dc       0x1c src/main.o
                0x00000000080092dc                nav_msgs::Odometry::getType()
 .text._ZN8nav_msgs8Odometry6getMD5Ev
                0x00000000080092f8       0x1c src/main.o
                0x00000000080092f8                nav_msgs::Odometry::getMD5()
 .text._ZN11sensor_msgs3ImuC2Ev
                0x0000000008009314       0x94 src/main.o
                0x0000000008009314                sensor_msgs::Imu::Imu()
                0x0000000008009314                sensor_msgs::Imu::Imu()
 .text._ZNK11sensor_msgs3Imu9serializeEPh
                0x00000000080093a8      0x12a src/main.o
                0x00000000080093a8                sensor_msgs::Imu::serialize(unsigned char*) const
 .text._ZN11sensor_msgs3Imu11deserializeEPh
                0x00000000080094d2      0x112 src/main.o
                0x00000000080094d2                sensor_msgs::Imu::deserialize(unsigned char*)
 .text._ZN11sensor_msgs3Imu7getTypeEv
                0x00000000080095e4       0x1c src/main.o
                0x00000000080095e4                sensor_msgs::Imu::getType()
 .text._ZN11sensor_msgs3Imu6getMD5Ev
                0x0000000008009600       0x1c src/main.o
                0x0000000008009600                sensor_msgs::Imu::getMD5()
 .text._ZN13geometry_msgs9TransformC2Ev
                0x000000000800961c       0x38 src/main.o
                0x000000000800961c                geometry_msgs::Transform::Transform()
                0x000000000800961c                geometry_msgs::Transform::Transform()
 .text._ZNK13geometry_msgs9Transform9serializeEPh
                0x0000000008009654       0x4a src/main.o
                0x0000000008009654                geometry_msgs::Transform::serialize(unsigned char*) const
 .text._ZN13geometry_msgs9Transform11deserializeEPh
                0x000000000800969e       0x4a src/main.o
                0x000000000800969e                geometry_msgs::Transform::deserialize(unsigned char*)
 .text._ZN13geometry_msgs9Transform7getTypeEv
                0x00000000080096e8       0x1c src/main.o
                0x00000000080096e8                geometry_msgs::Transform::getType()
 .text._ZN13geometry_msgs9Transform6getMD5Ev
                0x0000000008009704       0x1c src/main.o
                0x0000000008009704                geometry_msgs::Transform::getMD5()
 .text._ZN13geometry_msgs16TransformStampedC2Ev
                0x0000000008009720       0x44 src/main.o
                0x0000000008009720                geometry_msgs::TransformStamped::TransformStamped()
                0x0000000008009720                geometry_msgs::TransformStamped::TransformStamped()
 .text._ZNK13geometry_msgs16TransformStamped9serializeEPh
                0x0000000008009764       0x84 src/main.o
                0x0000000008009764                geometry_msgs::TransformStamped::serialize(unsigned char*) const
 .text._ZN13geometry_msgs16TransformStamped11deserializeEPh
                0x00000000080097e8       0xb0 src/main.o
                0x00000000080097e8                geometry_msgs::TransformStamped::deserialize(unsigned char*)
 .text._ZN13geometry_msgs16TransformStamped7getTypeEv
                0x0000000008009898       0x1c src/main.o
                0x0000000008009898                geometry_msgs::TransformStamped::getType()
 .text._ZN13geometry_msgs16TransformStamped6getMD5Ev
                0x00000000080098b4       0x1c src/main.o
                0x00000000080098b4                geometry_msgs::TransformStamped::getMD5()
 .text._ZN2tfL23createQuaternionFromYawEd
                0x00000000080098d0       0x98 src/main.o
 .text._ZN2tf9tfMessageC2Ev
                0x0000000008009968       0x3c src/main.o
                0x0000000008009968                tf::tfMessage::tfMessage()
                0x0000000008009968                tf::tfMessage::tfMessage()
 .text._ZNK2tf9tfMessage9serializeEPh
                0x00000000080099a4       0xb8 src/main.o
                0x00000000080099a4                tf::tfMessage::serialize(unsigned char*) const
 .text._ZN2tf9tfMessage11deserializeEPh
                0x0000000008009a5c       0xd4 src/main.o
                0x0000000008009a5c                tf::tfMessage::deserialize(unsigned char*)
 .text._ZN2tf9tfMessage7getTypeEv
                0x0000000008009b30       0x1c src/main.o
                0x0000000008009b30                tf::tfMessage::getType()
 .text._ZN2tf9tfMessage6getMD5Ev
                0x0000000008009b4c       0x1c src/main.o
                0x0000000008009b4c                tf::tfMessage::getMD5()
 .text._ZN2tf20TransformBroadcasterC2Ev
                0x0000000008009b68       0x30 src/main.o
                0x0000000008009b68                tf::TransformBroadcaster::TransformBroadcaster()
                0x0000000008009b68                tf::TransformBroadcaster::TransformBroadcaster()
 .text._ZN2tf20TransformBroadcaster4initERN3ros11NodeHandle_I13STM32HardwareLi25ELi25ELi1024ELi1024EEE
                0x0000000008009b98       0x1e src/main.o
                0x0000000008009b98                tf::TransformBroadcaster::init(ros::NodeHandle_<STM32Hardware, 25, 25, 1024, 1024>&)
 .text._ZN2tf20TransformBroadcaster13sendTransformERN13geometry_msgs16TransformStampedE
                0x0000000008009bb6       0x2c src/main.o
                0x0000000008009bb6                tf::TransformBroadcaster::sendTransform(geometry_msgs::TransformStamped&)
 *fill*         0x0000000008009be2        0x2 
 .text.main     0x0000000008009be4      0x13c src/main.o
                0x0000000008009be4                main
 .text.TIM6_DAC_IRQHandler
                0x0000000008009d20       0x88 src/main.o
                0x0000000008009d20                TIM6_DAC_IRQHandler
 .text._Z8ROS_Initv
                0x0000000008009da8       0x74 src/main.o
                0x0000000008009da8                ROS_Init()
 *fill*         0x0000000008009e1c        0x4 
 .text._Z10ROS_Updatev
                0x0000000008009e20      0x124 src/main.o
                0x0000000008009e20                ROS_Update()
 .text._Z14cmdVelCallbackRKN13geometry_msgs5TwistE
                0x0000000008009f44       0xe8 src/main.o
                0x0000000008009f44                cmdVelCallback(geometry_msgs::Twist const&)
 .text._ZN3ros3MsgaSERKS0_
                0x000000000800a02c       0x18 src/main.o
                0x000000000800a02c                ros::Msg::operator=(ros::Msg const&)
 .text._ZN13geometry_msgs10QuaternionaSERKS0_
                0x000000000800a044       0x40 src/main.o
                0x000000000800a044                geometry_msgs::Quaternion::operator=(geometry_msgs::Quaternion const&)
 .text._Z13publishImuMsgv
                0x000000000800a084      0x178 src/main.o
                0x000000000800a084                publishImuMsg()
 .text._Z23publishDriveInformationv
                0x000000000800a1fc       0x78 src/main.o
                0x000000000800a1fc                publishDriveInformation()
 .text._Z14updateTFPrefixv
                0x000000000800a274      0x204 src/main.o
                0x000000000800a274                updateTFPrefix()
 .text._Z14updateOdometryv
                0x000000000800a478      0x1a8 src/main.o
                0x000000000800a478                updateOdometry()
 .text._ZN8std_msgs6HeaderaSERKS0_
                0x000000000800a620       0x40 src/main.o
                0x000000000800a620                std_msgs::Header::operator=(std_msgs::Header const&)
 .text._Z8updateTFRN13geometry_msgs16TransformStampedE
                0x000000000800a660       0x54 src/main.o
                0x000000000800a660                updateTF(geometry_msgs::TransformStamped&)
 .text._Z10updateTimev
                0x000000000800a6b4       0x3c src/main.o
                0x000000000800a6b4                updateTime()
 .text._Z6rosNowv
                0x000000000800a6f0       0x20 src/main.o
                0x000000000800a6f0                rosNow()
 .text._Z8initOdomv
                0x000000000800a710       0x68 src/main.o
                0x000000000800a710                initOdom()
 .text._ZN3ros3Msg8varToArrIPhmEEvT_T0_
                0x000000000800a778       0x3c src/main.o
                0x000000000800a778                void ros::Msg::varToArr<unsigned char*, unsigned long>(unsigned char*, unsigned long)
 .text._ZN3ros3Msg8arrToVarImPhEEvRT_T0_
                0x000000000800a7b4       0x4a src/main.o
                0x000000000800a7b4                void ros::Msg::arrToVar<unsigned long, unsigned char*>(unsigned long&, unsigned char*)
 .text._ZN3ros11NodeHandle_I13STM32HardwareLi25ELi25ELi1024ELi1024EE9advertiseERNS_9PublisherE
                0x000000000800a7fe       0x60 src/main.o
                0x000000000800a7fe                ros::NodeHandle_<STM32Hardware, 25, 25, 1024, 1024>::advertise(ros::Publisher&)
 *fill*         0x000000000800a85e        0x2 
 .text._ZN3ros15NodeHandleBase_C2Ev
                0x000000000800a860       0x20 src/main.o
                0x000000000800a860                ros::NodeHandleBase_::NodeHandleBase_()
                0x000000000800a860                ros::NodeHandleBase_::NodeHandleBase_()
 .text._ZN3ros11NodeHandle_I13STM32HardwareLi25ELi25ELi1024ELi1024EEC2Ev
                0x000000000800a880       0xfc src/main.o
                0x000000000800a880                ros::NodeHandle_<STM32Hardware, 25, 25, 1024, 1024>::NodeHandle_()
                0x000000000800a880                ros::NodeHandle_<STM32Hardware, 25, 25, 1024, 1024>::NodeHandle_()
 .text._ZN3ros11Subscriber_C2Ev
                0x000000000800a97c       0x20 src/main.o
                0x000000000800a97c                ros::Subscriber_::Subscriber_()
                0x000000000800a97c                ros::Subscriber_::Subscriber_()
 .text._ZN3ros10SubscriberIN13geometry_msgs5TwistEvEC2EPKcPFvRKS2_Ei
                0x000000000800a99c       0x48 src/main.o
                0x000000000800a99c                ros::Subscriber<geometry_msgs::Twist, void>::Subscriber(char const*, void (*)(geometry_msgs::Twist const&), int)
                0x000000000800a99c                ros::Subscriber<geometry_msgs::Twist, void>::Subscriber(char const*, void (*)(geometry_msgs::Twist const&), int)
 .text._ZN3ros11NodeHandle_I13STM32HardwareLi25ELi25ELi1024ELi1024EE8spinOnceEv
                0x000000000800a9e4      0x3ac src/main.o
                0x000000000800a9e4                ros::NodeHandle_<STM32Hardware, 25, 25, 1024, 1024>::spinOnce()
 .text._ZN3ros11NodeHandle_I13STM32HardwareLi25ELi25ELi1024ELi1024EE8initNodeEv
                0x000000000800ad90       0x3a src/main.o
                0x000000000800ad90                ros::NodeHandle_<STM32Hardware, 25, 25, 1024, 1024>::initNode()
 .text._ZN3ros11NodeHandle_I13STM32HardwareLi25ELi25ELi1024ELi1024EE11getHardwareEv
                0x000000000800adca       0x18 src/main.o
                0x000000000800adca                ros::NodeHandle_<STM32Hardware, 25, 25, 1024, 1024>::getHardware()
 .text._ZN3ros11NodeHandle_I13STM32HardwareLi25ELi25ELi1024ELi1024EE9subscribeINS_10SubscriberIN13geometry_msgs5TwistEvEEEEbRT_
                0x000000000800ade2       0x56 src/main.o
                0x000000000800ade2                bool ros::NodeHandle_<STM32Hardware, 25, 25, 1024, 1024>::subscribe<ros::Subscriber<geometry_msgs::Twist, void> >(ros::Subscriber<geometry_msgs::Twist, void>&)
 .text._ZN3ros11NodeHandle_I13STM32HardwareLi25ELi25ELi1024ELi1024EE8getParamEPKcPPcii
                0x000000000800ae38       0x78 src/main.o
                0x000000000800ae38                ros::NodeHandle_<STM32Hardware, 25, 25, 1024, 1024>::getParam(char const*, char**, int, int)
 .text._ZN3ros11NodeHandle_I13STM32HardwareLi25ELi25ELi1024ELi1024EE7loginfoEPKc
                0x000000000800aeb0       0x1c src/main.o
                0x000000000800aeb0                ros::NodeHandle_<STM32Hardware, 25, 25, 1024, 1024>::loginfo(char const*)
 .text._ZN3ros11NodeHandle_I13STM32HardwareLi25ELi25ELi1024ELi1024EE3nowEv
                0x000000000800aecc       0x74 src/main.o
                0x000000000800aecc                ros::NodeHandle_<STM32Hardware, 25, 25, 1024, 1024>::now()
 .text._ZN3ros11NodeHandle_I13STM32HardwareLi25ELi25ELi1024ELi1024EE15requestSyncTimeEv
                0x000000000800af40       0x3a src/main.o
                0x000000000800af40                ros::NodeHandle_<STM32Hardware, 25, 25, 1024, 1024>::requestSyncTime()
 .text._ZN3ros11NodeHandle_I13STM32HardwareLi25ELi25ELi1024ELi1024EE15negotiateTopicsEv
                0x000000000800af7a      0x1be src/main.o
                0x000000000800af7a                ros::NodeHandle_<STM32Hardware, 25, 25, 1024, 1024>::negotiateTopics()
 .text._ZN3ros11NodeHandle_I13STM32HardwareLi25ELi25ELi1024ELi1024EE8syncTimeEPh
                0x000000000800b138       0x94 src/main.o
                0x000000000800b138                ros::NodeHandle_<STM32Hardware, 25, 25, 1024, 1024>::syncTime(unsigned char*)
 .text._ZN3ros11NodeHandle_I13STM32HardwareLi25ELi25ELi1024ELi1024EE12requestParamEPKci
                0x000000000800b1cc       0x90 src/main.o
                0x000000000800b1cc                ros::NodeHandle_<STM32Hardware, 25, 25, 1024, 1024>::requestParam(char const*, int)
 .text._ZN3ros11NodeHandle_I13STM32HardwareLi25ELi25ELi1024ELi1024EE7logwarnEPKc
                0x000000000800b25c       0x1c src/main.o
                0x000000000800b25c                ros::NodeHandle_<STM32Hardware, 25, 25, 1024, 1024>::logwarn(char const*)
 .text._ZN3ros11NodeHandle_I13STM32HardwareLi25ELi25ELi1024ELi1024EE3logEcPKc
                0x000000000800b278       0x38 src/main.o
                0x000000000800b278                ros::NodeHandle_<STM32Hardware, 25, 25, 1024, 1024>::log(char, char const*)
 .text._ZN3ros11NodeHandle_I13STM32HardwareLi25ELi25ELi1024ELi1024EE7publishEiPKNS_3MsgE
                0x000000000800b2b0      0x124 src/main.o
                0x000000000800b2b0                ros::NodeHandle_<STM32Hardware, 25, 25, 1024, 1024>::publish(int, ros::Msg const*)
 .text._ZN3ros11NodeHandle_I13STM32HardwareLi25ELi25ELi1024ELi1024EE6setNowERNS_4TimeE
                0x000000000800b3d4       0x7c src/main.o
                0x000000000800b3d4                ros::NodeHandle_<STM32Hardware, 25, 25, 1024, 1024>::setNow(ros::Time&)
 .text._ZN3ros11NodeHandle_I13STM32HardwareLi25ELi25ELi1024ELi1024EE8logerrorEPKc
                0x000000000800b450       0x1c src/main.o
                0x000000000800b450                ros::NodeHandle_<STM32Hardware, 25, 25, 1024, 1024>::logerror(char const*)
 .text._Z41__static_initialization_and_destruction_0ii
                0x000000000800b46c       0xc8 src/main.o
 .text._ZN3ros10SubscriberIN13geometry_msgs5TwistEvE8callbackEPh
                0x000000000800b534       0x2a src/main.o
                0x000000000800b534                ros::Subscriber<geometry_msgs::Twist, void>::callback(unsigned char*)
 .text._ZN3ros10SubscriberIN13geometry_msgs5TwistEvE15getEndpointTypeEv
                0x000000000800b55e       0x18 src/main.o
                0x000000000800b55e                ros::Subscriber<geometry_msgs::Twist, void>::getEndpointType()
 .text._ZN3ros10SubscriberIN13geometry_msgs5TwistEvE10getMsgTypeEv
                0x000000000800b576       0x1c src/main.o
                0x000000000800b576                ros::Subscriber<geometry_msgs::Twist, void>::getMsgType()
 .text._ZN3ros10SubscriberIN13geometry_msgs5TwistEvE9getMsgMD5Ev
                0x000000000800b592       0x1c src/main.o
                0x000000000800b592                ros::Subscriber<geometry_msgs::Twist, void>::getMsgMD5()
 .text._ZN3ros11NodeHandle_I13STM32HardwareLi25ELi25ELi1024ELi1024EE9connectedEv
                0x000000000800b5ae       0x1a src/main.o
                0x000000000800b5ae                ros::NodeHandle_<STM32Hardware, 25, 25, 1024, 1024>::connected()
 .text._GLOBAL__sub_I_BIOSTimingDelay
                0x000000000800b5c8       0x10 src/main.o
 .text._ZN3ros16normalizeSecNSecERmS0_
                0x000000000800b5d8       0x58 src/ros_lib/time.o
                0x000000000800b5d8                ros::normalizeSecNSec(unsigned long&, unsigned long&)
 .text.Reset_Handler
                0x000000000800b630       0x50 src/startup_stm32f40xx.o
                0x000000000800b630                Reset_Handler
 .text.Default_Handler
                0x000000000800b680        0x2 src/startup_stm32f40xx.o
                0x000000000800b680                RTC_Alarm_IRQHandler
                0x000000000800b680                HASH_RNG_IRQHandler
                0x000000000800b680                EXTI2_IRQHandler
                0x000000000800b680                TIM8_CC_IRQHandler
                0x000000000800b680                TIM1_CC_IRQHandler
                0x000000000800b680                DMA2_Stream5_IRQHandler
                0x000000000800b680                DMA1_Stream5_IRQHandler
                0x000000000800b680                PVD_IRQHandler
                0x000000000800b680                SDIO_IRQHandler
                0x000000000800b680                TAMP_STAMP_IRQHandler
                0x000000000800b680                CAN2_RX1_IRQHandler
                0x000000000800b680                EXTI3_IRQHandler
                0x000000000800b680                I2C3_ER_IRQHandler
                0x000000000800b680                EXTI0_IRQHandler
                0x000000000800b680                I2C2_EV_IRQHandler
                0x000000000800b680                DMA1_Stream2_IRQHandler
                0x000000000800b680                CAN1_RX0_IRQHandler
                0x000000000800b680                FPU_IRQHandler
                0x000000000800b680                OTG_HS_WKUP_IRQHandler
                0x000000000800b680                CAN2_SCE_IRQHandler
                0x000000000800b680                DMA2_Stream2_IRQHandler
                0x000000000800b680                SPI1_IRQHandler
                0x000000000800b680                TIM1_BRK_TIM9_IRQHandler
                0x000000000800b680                DCMI_IRQHandler
                0x000000000800b680                CAN2_RX0_IRQHandler
                0x000000000800b680                DMA2_Stream3_IRQHandler
                0x000000000800b680                USART6_IRQHandler
                0x000000000800b680                CRYP_IRQHandler
                0x000000000800b680                CAN1_RX1_IRQHandler
                0x000000000800b680                DMA2_Stream0_IRQHandler
                0x000000000800b680                I2C1_EV_IRQHandler
                0x000000000800b680                DMA1_Stream6_IRQHandler
                0x000000000800b680                DMA1_Stream1_IRQHandler
                0x000000000800b680                RCC_IRQHandler
                0x000000000800b680                TIM8_BRK_TIM12_IRQHandler
                0x000000000800b680                Default_Handler
                0x000000000800b680                EXTI15_10_IRQHandler
                0x000000000800b680                ADC_IRQHandler
                0x000000000800b680                DMA1_Stream7_IRQHandler
                0x000000000800b680                CAN2_TX_IRQHandler
                0x000000000800b680                DMA2_Stream7_IRQHandler
                0x000000000800b680                I2C3_EV_IRQHandler
                0x000000000800b680                EXTI9_5_IRQHandler
                0x000000000800b680                RTC_WKUP_IRQHandler
                0x000000000800b680                ETH_WKUP_IRQHandler
                0x000000000800b680                SPI2_IRQHandler
                0x000000000800b680                OTG_HS_EP1_IN_IRQHandler
                0x000000000800b680                DMA1_Stream0_IRQHandler
                0x000000000800b680                CAN1_TX_IRQHandler
                0x000000000800b680                EXTI4_IRQHandler
                0x000000000800b680                FSMC_IRQHandler
                0x000000000800b680                ETH_IRQHandler
                0x000000000800b680                OTG_HS_EP1_OUT_IRQHandler
                0x000000000800b680                WWDG_IRQHandler
                0x000000000800b680                OTG_FS_WKUP_IRQHandler
                0x000000000800b680                TIM1_TRG_COM_TIM11_IRQHandler
                0x000000000800b680                OTG_HS_IRQHandler
                0x000000000800b680                EXTI1_IRQHandler
                0x000000000800b680                I2C2_ER_IRQHandler
                0x000000000800b680                DMA2_Stream1_IRQHandler
                0x000000000800b680                CAN1_SCE_IRQHandler
                0x000000000800b680                FLASH_IRQHandler
                0x000000000800b680                DMA2_Stream4_IRQHandler
                0x000000000800b680                USART1_IRQHandler
                0x000000000800b680                OTG_FS_IRQHandler
                0x000000000800b680                SPI3_IRQHandler
                0x000000000800b680                DMA1_Stream4_IRQHandler
                0x000000000800b680                I2C1_ER_IRQHandler
                0x000000000800b680                DMA2_Stream6_IRQHandler
                0x000000000800b680                DMA1_Stream3_IRQHandler
 *fill*         0x000000000800b682        0x2 
 .text.STTStateInit
                0x000000000800b684       0x18 src/state.o
                0x000000000800b684                STTStateInit
 .text.STTEventChecker
                0x000000000800b69c      0x12c src/state.o
                0x000000000800b69c                STTEventChecker
 .text.STTStop  0x000000000800b7c8       0x18 src/state.o
                0x000000000800b7c8                STTStop
 .text.STTPendingStateVelocity
                0x000000000800b7e0       0x50 src/state.o
                0x000000000800b7e0                STTPendingStateVelocity
 .text.STTVelocityStateVelocity
                0x000000000800b830       0x50 src/state.o
                0x000000000800b830                STTVelocityStateVelocity
 .text.NMI_Handler
                0x000000000800b880        0xe src/stm32f4xx_it.o
                0x000000000800b880                NMI_Handler
 .text.HardFault_Handler
                0x000000000800b88e        0x6 src/stm32f4xx_it.o
                0x000000000800b88e                HardFault_Handler
 .text.MemManage_Handler
                0x000000000800b894        0x6 src/stm32f4xx_it.o
                0x000000000800b894                MemManage_Handler
 .text.BusFault_Handler
                0x000000000800b89a        0x6 src/stm32f4xx_it.o
                0x000000000800b89a                BusFault_Handler
 .text.UsageFault_Handler
                0x000000000800b8a0        0x6 src/stm32f4xx_it.o
                0x000000000800b8a0                UsageFault_Handler
 .text.SVC_Handler
                0x000000000800b8a6        0xe src/stm32f4xx_it.o
                0x000000000800b8a6                SVC_Handler
 .text.DebugMon_Handler
                0x000000000800b8b4        0xe src/stm32f4xx_it.o
                0x000000000800b8b4                DebugMon_Handler
 .text.PendSV_Handler
                0x000000000800b8c2        0xe src/stm32f4xx_it.o
                0x000000000800b8c2                PendSV_Handler
 .text._getpid  0x000000000800b8d0       0x1c src/syscalls.o
                0x000000000800b8d0                _getpid
 .text._kill    0x000000000800b8ec       0x24 src/syscalls.o
                0x000000000800b8ec                _kill
 .text._exit    0x000000000800b910        0xa src/syscalls.o
                0x000000000800b910                _exit
 *fill*         0x000000000800b91a        0x2 
 .text._sbrk    0x000000000800b91c       0x40 src/syscalls.o
                0x000000000800b91c                _sbrk
 .text.SYSSystemInit
                0x000000000800b95c      0x3b0 src/system.o
                0x000000000800b95c                SYSSystemInit
 .text.SYSSystem5ms
                0x000000000800bd0c      0x23c src/system.o
                0x000000000800bd0c                SYSSystem5ms
 .text.SYSSystemAct
                0x000000000800bf48      0x398 src/system.o
                0x000000000800bf48                SYSSystemAct
 .text.SystemInit
                0x000000000800c2e0       0x6c src/system_stm32f4xx.o
                0x000000000800c2e0                SystemInit
 .text.SystemCoreClockUpdate
                0x000000000800c34c       0xf8 src/system_stm32f4xx.o
                0x000000000800c34c                SystemCoreClockUpdate
 .text.SetSysClock
                0x000000000800c444       0xf8 src/system_stm32f4xx.o
 .text.ts_itoa  0x000000000800c53c       0x94 src/tiny_printf.o
                0x000000000800c53c                ts_itoa
 .text.ts_formatstring
                0x000000000800c5d0      0x47c src/tiny_printf.o
                0x000000000800c5d0                ts_formatstring
 .text.siprintf
                0x000000000800ca4c       0x2c src/tiny_printf.o
                0x000000000800ca4c                sprintf
                0x000000000800ca4c                siprintf
 .text.reverse  0x000000000800ca78       0x5c src/tiny_printf.o
                0x000000000800ca78                reverse
 .text.__cxa_pure_virtual
                0x000000000800cad4        0x6 /opt/Atollic_TrueSTUDIO_for_STM32_x86_64_9.3.0/ARMTools/bin/../lib/gcc/arm-atollic-eabi/6.3.1/../../../../arm-atollic-eabi/lib/armv7e-m/fpu/libstdc++_nano.a(pure.o)
                0x000000000800cad4                __cxa_pure_virtual
 .text._ZN10__cxxabiv111__terminateEPFvvE
                0x000000000800cada        0x8 /opt/Atollic_TrueSTUDIO_for_STM32_x86_64_9.3.0/ARMTools/bin/../lib/gcc/arm-atollic-eabi/6.3.1/../../../../arm-atollic-eabi/lib/armv7e-m/fpu/libstdc++_nano.a(eh_terminate.o)
                0x000000000800cada                __cxxabiv1::__terminate(void (*)())
 *fill*         0x000000000800cae2        0x2 
 .text._ZSt13get_terminatev
                0x000000000800cae4       0x10 /opt/Atollic_TrueSTUDIO_for_STM32_x86_64_9.3.0/ARMTools/bin/../lib/gcc/arm-atollic-eabi/6.3.1/../../../../arm-atollic-eabi/lib/armv7e-m/fpu/libstdc++_nano.a(eh_terminate.o)
                0x000000000800cae4                std::get_terminate()
 .text._ZSt9terminatev
                0x000000000800caf4        0xa /opt/Atollic_TrueSTUDIO_for_STM32_x86_64_9.3.0/ARMTools/bin/../lib/gcc/arm-atollic-eabi/6.3.1/../../../../arm-atollic-eabi/lib/armv7e-m/fpu/libstdc++_nano.a(eh_terminate.o)
                0x000000000800caf4                std::terminate()
 *fill*         0x000000000800cafe        0x2 
 .text.cos      0x000000000800cb00       0x88 /opt/Atollic_TrueSTUDIO_for_STM32_x86_64_9.3.0/ARMTools/bin/../lib/gcc/arm-atollic-eabi/6.3.1/../../../../arm-atollic-eabi/lib/armv7e-m/fpu/libm.a(lib_a-s_cos.o)
                0x000000000800cb00                cos
 .text.sin      0x000000000800cb88       0x90 /opt/Atollic_TrueSTUDIO_for_STM32_x86_64_9.3.0/ARMTools/bin/../lib/gcc/arm-atollic-eabi/6.3.1/../../../../arm-atollic-eabi/lib/armv7e-m/fpu/libm.a(lib_a-s_sin.o)
                0x000000000800cb88                sin
 .text.pow      0x000000000800cc18      0x2f0 /opt/Atollic_TrueSTUDIO_for_STM32_x86_64_9.3.0/ARMTools/bin/../lib/gcc/arm-atollic-eabi/6.3.1/../../../../arm-atollic-eabi/lib/armv7e-m/fpu/libm.a(lib_a-w_pow.o)
                0x000000000800cc18                pow
 .text.__ieee754_pow
                0x000000000800cf08      0xa24 /opt/Atollic_TrueSTUDIO_for_STM32_x86_64_9.3.0/ARMTools/bin/../lib/gcc/arm-atollic-eabi/6.3.1/../../../../arm-atollic-eabi/lib/armv7e-m/fpu/libm.a(lib_a-e_pow.o)
                0x000000000800cf08                __ieee754_pow
 *fill*         0x000000000800d92c        0x4 
 .text.__ieee754_rem_pio2
                0x000000000800d930      0x3e4 /opt/Atollic_TrueSTUDIO_for_STM32_x86_64_9.3.0/ARMTools/bin/../lib/gcc/arm-atollic-eabi/6.3.1/../../../../arm-atollic-eabi/lib/armv7e-m/fpu/libm.a(lib_a-e_rem_pio2.o)
                0x000000000800d930                __ieee754_rem_pio2
 .text.__ieee754_sqrt
                0x000000000800dd14      0x160 /opt/Atollic_TrueSTUDIO_for_STM32_x86_64_9.3.0/ARMTools/bin/../lib/gcc/arm-atollic-eabi/6.3.1/../../../../arm-atollic-eabi/lib/armv7e-m/fpu/libm.a(lib_a-e_sqrt.o)
                0x000000000800dd14                __ieee754_sqrt
 *fill*         0x000000000800de74        0x4 
 .text.__kernel_cos
                0x000000000800de78      0x1cc /opt/Atollic_TrueSTUDIO_for_STM32_x86_64_9.3.0/ARMTools/bin/../lib/gcc/arm-atollic-eabi/6.3.1/../../../../arm-atollic-eabi/lib/armv7e-m/fpu/libm.a(lib_a-k_cos.o)
                0x000000000800de78                __kernel_cos
 *fill*         0x000000000800e044        0x4 
 .text.__kernel_rem_pio2
                0x000000000800e048      0x69c /opt/Atollic_TrueSTUDIO_for_STM32_x86_64_9.3.0/ARMTools/bin/../lib/gcc/arm-atollic-eabi/6.3.1/../../../../arm-atollic-eabi/lib/armv7e-m/fpu/libm.a(lib_a-k_rem_pio2.o)
                0x000000000800e048                __kernel_rem_pio2
 *fill*         0x000000000800e6e4        0x4 
 .text.__kernel_sin
                0x000000000800e6e8      0x174 /opt/Atollic_TrueSTUDIO_for_STM32_x86_64_9.3.0/ARMTools/bin/../lib/gcc/arm-atollic-eabi/6.3.1/../../../../arm-atollic-eabi/lib/armv7e-m/fpu/libm.a(lib_a-k_sin.o)
                0x000000000800e6e8                __kernel_sin
 .text.fabs     0x000000000800e85c        0xe /opt/Atollic_TrueSTUDIO_for_STM32_x86_64_9.3.0/ARMTools/bin/../lib/gcc/arm-atollic-eabi/6.3.1/../../../../arm-atollic-eabi/lib/armv7e-m/fpu/libm.a(lib_a-s_fabs.o)
                0x000000000800e85c                fabs
 .text.finite   0x000000000800e86a       0x10 /opt/Atollic_TrueSTUDIO_for_STM32_x86_64_9.3.0/ARMTools/bin/../lib/gcc/arm-atollic-eabi/6.3.1/../../../../arm-atollic-eabi/lib/armv7e-m/fpu/libm.a(lib_a-s_finite.o)
                0x000000000800e86a                finite
 *fill*         0x000000000800e87a        0x6 
 .text.floor    0x000000000800e880      0x108 /opt/Atollic_TrueSTUDIO_for_STM32_x86_64_9.3.0/ARMTools/bin/../lib/gcc/arm-atollic-eabi/6.3.1/../../../../arm-atollic-eabi/lib/armv7e-m/fpu/libm.a(lib_a-s_floor.o)
                0x000000000800e880                floor
 .text.matherr  0x000000000800e988        0x4 /opt/Atollic_TrueSTUDIO_for_STM32_x86_64_9.3.0/ARMTools/bin/../lib/gcc/arm-atollic-eabi/6.3.1/../../../../arm-atollic-eabi/lib/armv7e-m/fpu/libm.a(lib_a-s_matherr.o)
                0x000000000800e988                matherr
 *fill*         0x000000000800e98c        0x4 
 .text.nan      0x000000000800e990       0x10 /opt/Atollic_TrueSTUDIO_for_STM32_x86_64_9.3.0/ARMTools/bin/../lib/gcc/arm-atollic-eabi/6.3.1/../../../../arm-atollic-eabi/lib/armv7e-m/fpu/libm.a(lib_a-s_nan.o)
                0x000000000800e990                nan
 .text.rint     0x000000000800e9a0      0x110 /opt/Atollic_TrueSTUDIO_for_STM32_x86_64_9.3.0/ARMTools/bin/../lib/gcc/arm-atollic-eabi/6.3.1/../../../../arm-atollic-eabi/lib/armv7e-m/fpu/libm.a(lib_a-s_rint.o)
                0x000000000800e9a0                rint
 .text.scalbn   0x000000000800eab0       0xf4 /opt/Atollic_TrueSTUDIO_for_STM32_x86_64_9.3.0/ARMTools/bin/../lib/gcc/arm-atollic-eabi/6.3.1/../../../../arm-atollic-eabi/lib/armv7e-m/fpu/libm.a(lib_a-s_scalbn.o)
                0x000000000800eab0                scalbn
 .text.copysign
                0x000000000800eba4       0x1a /opt/Atollic_TrueSTUDIO_for_STM32_x86_64_9.3.0/ARMTools/bin/../lib/gcc/arm-atollic-eabi/6.3.1/../../../../arm-atollic-eabi/lib/armv7e-m/fpu/libm.a(lib_a-s_copysign.o)
                0x000000000800eba4                copysign
 .text.abort    0x000000000800ebbe        0xe /opt/Atollic_TrueSTUDIO_for_STM32_x86_64_9.3.0/ARMTools/bin/../lib/gcc/arm-atollic-eabi/6.3.1/../../../../arm-atollic-eabi/lib/armv7e-m/fpu/libc_nano.a(lib_a-abort.o)
                0x000000000800ebbe                abort
 .text.__errno  0x000000000800ebcc        0xc /opt/Atollic_TrueSTUDIO_for_STM32_x86_64_9.3.0/ARMTools/bin/../lib/gcc/arm-atollic-eabi/6.3.1/../../../../arm-atollic-eabi/lib/armv7e-m/fpu/libc_nano.a(lib_a-errno.o)
                0x000000000800ebcc                __errno
 .text.__libc_init_array
                0x000000000800ebd8       0x48 /opt/Atollic_TrueSTUDIO_for_STM32_x86_64_9.3.0/ARMTools/bin/../lib/gcc/arm-atollic-eabi/6.3.1/../../../../arm-atollic-eabi/lib/armv7e-m/fpu/libc_nano.a(lib_a-init.o)
                0x000000000800ebd8                __libc_init_array
 .text.memcpy   0x000000000800ec20       0x16 /opt/Atollic_TrueSTUDIO_for_STM32_x86_64_9.3.0/ARMTools/bin/../lib/gcc/arm-atollic-eabi/6.3.1/../../../../arm-atollic-eabi/lib/armv7e-m/fpu/libc_nano.a(lib_a-memcpy-stub.o)
                0x000000000800ec20                memcpy
 *fill*         0x000000000800ec36        0x2 
 .text.realloc  0x000000000800ec38       0x10 /opt/Atollic_TrueSTUDIO_for_STM32_x86_64_9.3.0/ARMTools/bin/../lib/gcc/arm-atollic-eabi/6.3.1/../../../../arm-atollic-eabi/lib/armv7e-m/fpu/libc_nano.a(lib_a-realloc.o)
                0x000000000800ec38                realloc
 .text._raise_r
                0x000000000800ec48       0x50 /opt/Atollic_TrueSTUDIO_for_STM32_x86_64_9.3.0/ARMTools/bin/../lib/gcc/arm-atollic-eabi/6.3.1/../../../../arm-atollic-eabi/lib/armv7e-m/fpu/libc_nano.a(lib_a-signal.o)
                0x000000000800ec48                _raise_r
 .text.raise    0x000000000800ec98       0x10 /opt/Atollic_TrueSTUDIO_for_STM32_x86_64_9.3.0/ARMTools/bin/../lib/gcc/arm-atollic-eabi/6.3.1/../../../../arm-atollic-eabi/lib/armv7e-m/fpu/libc_nano.a(lib_a-signal.o)
                0x000000000800ec98                raise
 .text._kill_r  0x000000000800eca8       0x24 /opt/Atollic_TrueSTUDIO_for_STM32_x86_64_9.3.0/ARMTools/bin/../lib/gcc/arm-atollic-eabi/6.3.1/../../../../arm-atollic-eabi/lib/armv7e-m/fpu/libc_nano.a(lib_a-signalr.o)
                0x000000000800eca8                _kill_r
 .text._getpid_r
                0x000000000800eccc        0x4 /opt/Atollic_TrueSTUDIO_for_STM32_x86_64_9.3.0/ARMTools/bin/../lib/gcc/arm-atollic-eabi/6.3.1/../../../../arm-atollic-eabi/lib/armv7e-m/fpu/libc_nano.a(lib_a-signalr.o)
                0x000000000800eccc                _getpid_r
 .text.sscanf   0x000000000800ecd0       0x54 /opt/Atollic_TrueSTUDIO_for_STM32_x86_64_9.3.0/ARMTools/bin/../lib/gcc/arm-atollic-eabi/6.3.1/../../../../arm-atollic-eabi/lib/armv7e-m/fpu/libc_nano.a(lib_a-sscanf.o)
                0x000000000800ecd0                sscanf
                0x000000000800ecd0                siscanf
 .text.__seofread
                0x000000000800ed24        0x4 /opt/Atollic_TrueSTUDIO_for_STM32_x86_64_9.3.0/ARMTools/bin/../lib/gcc/arm-atollic-eabi/6.3.1/../../../../arm-atollic-eabi/lib/armv7e-m/fpu/libc_nano.a(lib_a-stdio.o)
                0x000000000800ed24                __seofread
 .text.strcpy   0x000000000800ed28       0x10 /opt/Atollic_TrueSTUDIO_for_STM32_x86_64_9.3.0/ARMTools/bin/../lib/gcc/arm-atollic-eabi/6.3.1/../../../../arm-atollic-eabi/lib/armv7e-m/fpu/libc_nano.a(lib_a-strcpy.o)
                0x000000000800ed28                strcpy
 .text._free_r  0x000000000800ed38       0x9c /opt/Atollic_TrueSTUDIO_for_STM32_x86_64_9.3.0/ARMTools/bin/../lib/gcc/arm-atollic-eabi/6.3.1/../../../../arm-atollic-eabi/lib/armv7e-m/fpu/libc_nano.a(lib_a-nano-freer.o)
                0x000000000800ed38                _free_r
 .text._malloc_r
                0x000000000800edd4       0xbc /opt/Atollic_TrueSTUDIO_for_STM32_x86_64_9.3.0/ARMTools/bin/../lib/gcc/arm-atollic-eabi/6.3.1/../../../../arm-atollic-eabi/lib/armv7e-m/fpu/libc_nano.a(lib_a-nano-mallocr.o)
                0x000000000800edd4                _malloc_r
 .text._realloc_r
                0x000000000800ee90       0x4c /opt/Atollic_TrueSTUDIO_for_STM32_x86_64_9.3.0/ARMTools/bin/../lib/gcc/arm-atollic-eabi/6.3.1/../../../../arm-atollic-eabi/lib/armv7e-m/fpu/libc_nano.a(lib_a-nano-reallocr.o)
                0x000000000800ee90                _realloc_r
 .text._sungetc_r
                0x000000000800eedc       0x7a /opt/Atollic_TrueSTUDIO_for_STM32_x86_64_9.3.0/ARMTools/bin/../lib/gcc/arm-atollic-eabi/6.3.1/../../../../arm-atollic-eabi/lib/armv7e-m/fpu/libc_nano.a(lib_a-nano-svfscanf.o)
                0x000000000800eedc                _sungetc_r
 .text.__ssrefill_r
                0x000000000800ef56       0x3a /opt/Atollic_TrueSTUDIO_for_STM32_x86_64_9.3.0/ARMTools/bin/../lib/gcc/arm-atollic-eabi/6.3.1/../../../../arm-atollic-eabi/lib/armv7e-m/fpu/libc_nano.a(lib_a-nano-svfscanf.o)
                0x000000000800ef56                __ssrefill_r
 .text.__ssvfscanf_r
                0x000000000800ef90      0x2a8 /opt/Atollic_TrueSTUDIO_for_STM32_x86_64_9.3.0/ARMTools/bin/../lib/gcc/arm-atollic-eabi/6.3.1/../../../../arm-atollic-eabi/lib/armv7e-m/fpu/libc_nano.a(lib_a-nano-svfscanf.o)
                0x000000000800ef90                __ssvfscanf_r
                0x000000000800ef90                __ssvfiscanf_r
 .text._scanf_chars
                0x000000000800f238       0xc8 /opt/Atollic_TrueSTUDIO_for_STM32_x86_64_9.3.0/ARMTools/bin/../lib/gcc/arm-atollic-eabi/6.3.1/../../../../arm-atollic-eabi/lib/armv7e-m/fpu/libc_nano.a(lib_a-nano-vfscanf_i.o)
                0x000000000800f238                _scanf_chars
 .text._scanf_i
                0x000000000800f300      0x1e8 /opt/Atollic_TrueSTUDIO_for_STM32_x86_64_9.3.0/ARMTools/bin/../lib/gcc/arm-atollic-eabi/6.3.1/../../../../arm-atollic-eabi/lib/armv7e-m/fpu/libc_nano.a(lib_a-nano-vfscanf_i.o)
                0x000000000800f300                _scanf_i
 .text._sbrk_r  0x000000000800f4e8       0x20 /opt/Atollic_TrueSTUDIO_for_STM32_x86_64_9.3.0/ARMTools/bin/../lib/gcc/arm-atollic-eabi/6.3.1/../../../../arm-atollic-eabi/lib/armv7e-m/fpu/libc_nano.a(lib_a-sbrkr.o)
                0x000000000800f4e8                _sbrk_r
 .text.__sccl   0x000000000800f508       0x60 /opt/Atollic_TrueSTUDIO_for_STM32_x86_64_9.3.0/ARMTools/bin/../lib/gcc/arm-atollic-eabi/6.3.1/../../../../arm-atollic-eabi/lib/armv7e-m/fpu/libc_nano.a(lib_a-sccl.o)
                0x000000000800f508                __sccl
 .text._strtol_l.isra.0
                0x000000000800f568      0x100 /opt/Atollic_TrueSTUDIO_for_STM32_x86_64_9.3.0/ARMTools/bin/../lib/gcc/arm-atollic-eabi/6.3.1/../../../../arm-atollic-eabi/lib/armv7e-m/fpu/libc_nano.a(lib_a-strtol.o)
 .text._strtol_r
                0x000000000800f668       0x24 /opt/Atollic_TrueSTUDIO_for_STM32_x86_64_9.3.0/ARMTools/bin/../lib/gcc/arm-atollic-eabi/6.3.1/../../../../arm-atollic-eabi/lib/armv7e-m/fpu/libc_nano.a(lib_a-strtol.o)
                0x000000000800f668                _strtol_r
 .text._strtoul_l.isra.0
                0x000000000800f68c       0xfa /opt/Atollic_TrueSTUDIO_for_STM32_x86_64_9.3.0/ARMTools/bin/../lib/gcc/arm-atollic-eabi/6.3.1/../../../../arm-atollic-eabi/lib/armv7e-m/fpu/libc_nano.a(lib_a-strtoul.o)
 *fill*         0x000000000800f786        0x2 
 .text._strtoul_r
                0x000000000800f788       0x24 /opt/Atollic_TrueSTUDIO_for_STM32_x86_64_9.3.0/ARMTools/bin/../lib/gcc/arm-atollic-eabi/6.3.1/../../../../arm-atollic-eabi/lib/armv7e-m/fpu/libc_nano.a(lib_a-strtoul.o)
                0x000000000800f788                _strtoul_r
 .text.__submore
                0x000000000800f7ac       0x76 /opt/Atollic_TrueSTUDIO_for_STM32_x86_64_9.3.0/ARMTools/bin/../lib/gcc/arm-atollic-eabi/6.3.1/../../../../arm-atollic-eabi/lib/armv7e-m/fpu/libc_nano.a(lib_a-ungetc.o)
                0x000000000800f7ac                __submore
 .text.__locale_ctype_ptr_l
                0x000000000800f822        0x6 /opt/Atollic_TrueSTUDIO_for_STM32_x86_64_9.3.0/ARMTools/bin/../lib/gcc/arm-atollic-eabi/6.3.1/../../../../arm-atollic-eabi/lib/armv7e-m/fpu/libc_nano.a(lib_a-locale.o)
                0x000000000800f822                __locale_ctype_ptr_l
 .text.__locale_ctype_ptr
                0x000000000800f828       0x1c /opt/Atollic_TrueSTUDIO_for_STM32_x86_64_9.3.0/ARMTools/bin/../lib/gcc/arm-atollic-eabi/6.3.1/../../../../arm-atollic-eabi/lib/armv7e-m/fpu/libc_nano.a(lib_a-locale.o)
                0x000000000800f828                __locale_ctype_ptr
 .text.__ascii_mbtowc
                0x000000000800f844       0x24 /opt/Atollic_TrueSTUDIO_for_STM32_x86_64_9.3.0/ARMTools/bin/../lib/gcc/arm-atollic-eabi/6.3.1/../../../../arm-atollic-eabi/lib/armv7e-m/fpu/libc_nano.a(lib_a-mbtowc_r.o)
                0x000000000800f844                __ascii_mbtowc
 .text.__malloc_lock
                0x000000000800f868        0x2 /opt/Atollic_TrueSTUDIO_for_STM32_x86_64_9.3.0/ARMTools/bin/../lib/gcc/arm-atollic-eabi/6.3.1/../../../../arm-atollic-eabi/lib/armv7e-m/fpu/libc_nano.a(lib_a-mlock.o)
                0x000000000800f868                __malloc_lock
 .text.__malloc_unlock
                0x000000000800f86a        0x2 /opt/Atollic_TrueSTUDIO_for_STM32_x86_64_9.3.0/ARMTools/bin/../lib/gcc/arm-atollic-eabi/6.3.1/../../../../arm-atollic-eabi/lib/armv7e-m/fpu/libc_nano.a(lib_a-mlock.o)
                0x000000000800f86a                __malloc_unlock
 .text._malloc_usable_size_r
                0x000000000800f86c       0x12 /opt/Atollic_TrueSTUDIO_for_STM32_x86_64_9.3.0/ARMTools/bin/../lib/gcc/arm-atollic-eabi/6.3.1/../../../../arm-atollic-eabi/lib/armv7e-m/fpu/libc_nano.a(lib_a-nano-msizer.o)
                0x000000000800f86c                _malloc_usable_size_r
 .text.__ascii_wctomb
                0x000000000800f87e       0x1a /opt/Atollic_TrueSTUDIO_for_STM32_x86_64_9.3.0/ARMTools/bin/../lib/gcc/arm-atollic-eabi/6.3.1/../../../../arm-atollic-eabi/lib/armv7e-m/fpu/libc_nano.a(lib_a-wctomb_r.o)
                0x000000000800f87e                __ascii_wctomb
 *(.glue_7)
 .glue_7        0x000000000800f898        0x0 linker stubs
 *(.glue_7t)
 .glue_7t       0x000000000800f898        0x0 linker stubs
 *(.eh_frame)
 .eh_frame      0x000000000800f898        0x0 /opt/Atollic_TrueSTUDIO_for_STM32_x86_64_9.3.0/ARMTools/bin/../lib/gcc/arm-atollic-eabi/6.3.1/armv7e-m/fpu/crtbegin.o
 *(.init)
 .init          0x000000000800f898        0x4 /opt/Atollic_TrueSTUDIO_for_STM32_x86_64_9.3.0/ARMTools/bin/../lib/gcc/arm-atollic-eabi/6.3.1/armv7e-m/fpu/crti.o
                0x000000000800f898                _init
 .init          0x000000000800f89c        0x8 /opt/Atollic_TrueSTUDIO_for_STM32_x86_64_9.3.0/ARMTools/bin/../lib/gcc/arm-atollic-eabi/6.3.1/armv7e-m/fpu/crtn.o
 *(.fini)
 .fini          0x000000000800f8a4        0x4 /opt/Atollic_TrueSTUDIO_for_STM32_x86_64_9.3.0/ARMTools/bin/../lib/gcc/arm-atollic-eabi/6.3.1/armv7e-m/fpu/crti.o
                0x000000000800f8a4                _fini
 .fini          0x000000000800f8a8        0x8 /opt/Atollic_TrueSTUDIO_for_STM32_x86_64_9.3.0/ARMTools/bin/../lib/gcc/arm-atollic-eabi/6.3.1/armv7e-m/fpu/crtn.o
                0x000000000800f8b0                . = ALIGN (0x4)
                0x000000000800f8b0                _etext = .

.vfp11_veneer   0x000000000800f8b0        0x0
 .vfp11_veneer  0x000000000800f8b0        0x0 linker stubs

.v4_bx          0x000000000800f8b0        0x0
 .v4_bx         0x000000000800f8b0        0x0 linker stubs

.iplt           0x000000000800f8b0        0x0
 .iplt          0x000000000800f8b0        0x0 /opt/Atollic_TrueSTUDIO_for_STM32_x86_64_9.3.0/ARMTools/bin/../lib/gcc/arm-atollic-eabi/6.3.1/armv7e-m/fpu/crtbegin.o

.rodata         0x000000000800f8b0      0xc14
                0x000000000800f8b0                . = ALIGN (0x4)
 *(.rodata)
 .rodata        0x000000000800f8b0        0x7 src/interrupt.o
 *fill*         0x000000000800f8b7        0x1 
 .rodata        0x000000000800f8b8      0x600 src/main.o
 .rodata        0x000000000800feb8        0xc /opt/Atollic_TrueSTUDIO_for_STM32_x86_64_9.3.0/ARMTools/bin/../lib/gcc/arm-atollic-eabi/6.3.1/../../../../arm-atollic-eabi/lib/armv7e-m/fpu/libc_nano.a(lib_a-nano-vfscanf_i.o)
 *(.rodata*)
 .rodata._ZN14rosserial_msgsL12REQUESTPARAME
                0x000000000800fec4       0x1c src/main.o
 .rodata._ZTVN3ros10SubscriberIN13geometry_msgs5TwistEvEE
                0x000000000800fee0       0x18 src/main.o
                0x000000000800fee0                vtable for ros::Subscriber<geometry_msgs::Twist, void>
 .rodata._ZTVN3ros11NodeHandle_I13STM32HardwareLi25ELi25ELi1024ELi1024EEE
                0x000000000800fef8       0x14 src/main.o
                0x000000000800fef8                vtable for ros::NodeHandle_<STM32Hardware, 25, 25, 1024, 1024>
 .rodata._ZTVN2tf9tfMessageE
                0x000000000800ff0c       0x18 src/main.o
                0x000000000800ff0c                vtable for tf::tfMessage
 .rodata._ZTVN13geometry_msgs16TransformStampedE
                0x000000000800ff24       0x18 src/main.o
                0x000000000800ff24                vtable for geometry_msgs::TransformStamped
 .rodata._ZTVN13geometry_msgs9TransformE
                0x000000000800ff3c       0x18 src/main.o
                0x000000000800ff3c                vtable for geometry_msgs::Transform
 .rodata._ZTVN11sensor_msgs3ImuE
                0x000000000800ff54       0x18 src/main.o
                0x000000000800ff54                vtable for sensor_msgs::Imu
 .rodata._ZTVN8nav_msgs8OdometryE
                0x000000000800ff6c       0x18 src/main.o
                0x000000000800ff6c                vtable for nav_msgs::Odometry
 .rodata._ZTVN8std_msgs6HeaderE
                0x000000000800ff84       0x18 src/main.o
                0x000000000800ff84                vtable for std_msgs::Header
 .rodata._ZTVN13geometry_msgs19TwistWithCovarianceE
                0x000000000800ff9c       0x18 src/main.o
                0x000000000800ff9c                vtable for geometry_msgs::TwistWithCovariance
 .rodata._ZTVN13geometry_msgs18PoseWithCovarianceE
                0x000000000800ffb4       0x18 src/main.o
                0x000000000800ffb4                vtable for geometry_msgs::PoseWithCovariance
 .rodata._ZTVN13geometry_msgs4PoseE
                0x000000000800ffcc       0x18 src/main.o
                0x000000000800ffcc                vtable for geometry_msgs::Pose
 .rodata._ZTVN13geometry_msgs10QuaternionE
                0x000000000800ffe4       0x18 src/main.o
                0x000000000800ffe4                vtable for geometry_msgs::Quaternion
 .rodata._ZTVN13geometry_msgs5PointE
                0x000000000800fffc       0x18 src/main.o
                0x000000000800fffc                vtable for geometry_msgs::Point
 .rodata._ZTVN13geometry_msgs5TwistE
                0x0000000008010014       0x18 src/main.o
                0x0000000008010014                vtable for geometry_msgs::Twist
 .rodata._ZTVN13geometry_msgs7Vector3E
                0x000000000801002c       0x18 src/main.o
                0x000000000801002c                vtable for geometry_msgs::Vector3
 .rodata._ZTVN8std_msgs6StringE
                0x0000000008010044       0x18 src/main.o
                0x0000000008010044                vtable for std_msgs::String
 .rodata._ZTVN3ros11Subscriber_E
                0x000000000801005c       0x18 src/main.o
                0x000000000801005c                vtable for ros::Subscriber_
 .rodata._ZTVN3ros15NodeHandleBase_E
                0x0000000008010074       0x14 src/main.o
                0x0000000008010074                vtable for ros::NodeHandleBase_
 .rodata._ZTVN8std_msgs4TimeE
                0x0000000008010088       0x18 src/main.o
                0x0000000008010088                vtable for std_msgs::Time
 .rodata._ZTVN14rosserial_msgs9TopicInfoE
                0x00000000080100a0       0x18 src/main.o
                0x00000000080100a0                vtable for rosserial_msgs::TopicInfo
 .rodata._ZTVN14rosserial_msgs20RequestParamResponseE
                0x00000000080100b8       0x18 src/main.o
                0x00000000080100b8                vtable for rosserial_msgs::RequestParamResponse
 .rodata._ZTVN14rosserial_msgs19RequestParamRequestE
                0x00000000080100d0       0x18 src/main.o
                0x00000000080100d0                vtable for rosserial_msgs::RequestParamRequest
 .rodata._ZTVN14rosserial_msgs3LogE
                0x00000000080100e8       0x18 src/main.o
                0x00000000080100e8                vtable for rosserial_msgs::Log
 .rodata._ZTVN3ros3MsgE
                0x0000000008010100       0x18 src/main.o
                0x0000000008010100                vtable for ros::Msg
 .rodata.pow.str1.1
                0x0000000008010118        0x4 /opt/Atollic_TrueSTUDIO_for_STM32_x86_64_9.3.0/ARMTools/bin/../lib/gcc/arm-atollic-eabi/6.3.1/../../../../arm-atollic-eabi/lib/armv7e-m/fpu/libm.a(lib_a-w_pow.o)
 .rodata.__ieee754_pow.str1.1