interrupt.c:14:6:SysTick_Handler	8	static
interrupt.c:22:6:TIM1_UP_TIM10_IRQHandler	8	static
interrupt.c:50:6:TIM2_IRQHandler	8	static
interrupt.c:75:6:TIM3_IRQHandler	8	static
interrupt.c:98:6:TIM4_IRQHandler	8	static
interrupt.c:121:6:TIM5_IRQHandler	8	static
interrupt.c:146:6:TIM7_IRQHandler	8	static
interrupt.c:155:6:TIM8_UP_TIM13_IRQHandler	8	static
interrupt.c:185:6:TIM1_BRK_TIM9_IRQHandler	8	static
interrupt.c:196:6:TIM1_TRG_COM_TIM11_IRQHandler	8	static
interrupt.c:206:6:TIM8_BRK_TIM12_IRQHandler	8	static
interrupt.c:216:6:TIM8_TRG_COM_TIM14_IRQHandler	8	static
interrupt.c:227:6:EXTI15_10_IRQHandler	8	static
