usb_core.c:96:13:USB_OTG_EnableCommonInt	24	static
usb_core.c:124:20:USB_OTG_CoreReset	32	static
usb_core.c:169:13:USB_OTG_WritePacket	40	static
usb_core.c:199:7:USB_OTG_ReadPacket	40	static
usb_core.c:223:13:USB_OTG_SelectCore	32	static
usb_core.c:330:13:USB_OTG_CoreInit	32	static
usb_core.c:450:13:USB_OTG_EnableGlobalInt	24	static
usb_core.c:468:13:USB_OTG_DisableGlobalInt	24	static
usb_core.c:485:13:USB_OTG_FlushTxFifo	32	static
usb_core.c:515:13:USB_OTG_FlushRxFifo	32	static
usb_core.c:545:13:USB_OTG_SetCurrentMode	24	static
usb_core.c:580:10:USB_OTG_GetMode	16	static
usb_core.c:591:9:USB_OTG_IsDeviceMode	16	static
usb_core.c:602:9:USB_OTG_IsHostMode	16	static
usb_core.c:613:10:USB_OTG_ReadCoreItr	24	static
usb_core.c:627:10:USB_OTG_ReadOtgItr	16	static
usb_core.c:638:13:USB_OTG_CoreInitHost	40	static
usb_core.c:742:9:USB_OTG_IsEvenFrame	16	static
usb_core.c:753:6:USB_OTG_DriveVbus	24	static
usb_core.c:782:13:USB_OTG_EnableHostInt	24	static
usb_core.c:823:6:USB_OTG_InitFSLSPClkSel	24	static
usb_core.c:838:10:USB_OTG_ReadHPRT0	24	static
usb_core.c:856:10:USB_OTG_ReadHostAllChannels_intr	16	static
usb_core.c:869:10:USB_OTG_ResetPort	24	static
usb_core.c:890:13:USB_OTG_HC_Init	40	static
usb_core.c:1000:13:USB_OTG_HC_StartXfer	56	static
usb_core.c:1117:13:USB_OTG_HC_Halt	48	static
usb_core.c:1159:13:USB_OTG_HC_DoPing	32	static
usb_core.c:1182:6:USB_OTG_StopHost	24	static
