msg.h:64:14:static int ros::Msg::serializeAvrFloat64(unsigned char*, float)	32	static
msg.h:102:14:static int ros::Msg::deserializeAvrFloat64(const unsigned char*, float*)	24	static
msg.h:45:7:ros::Msg::Msg()	16	static
Log.h:25:5:rosserial_msgs::Log::Log()	16	static
Log.h:31:17:virtual int rosserial_msgs::Log::serialize(unsigned char*) const	24	static
Log.h:44:17:virtual int rosserial_msgs::Log::deserialize(unsigned char*)	32	static
Log.h:61:18:virtual const char* rosserial_msgs::Log::getType()	16	static
Log.h:62:18:virtual const char* rosserial_msgs::Log::getMD5()	16	static
RequestParam.h:19:5:rosserial_msgs::RequestParamRequest::RequestParamRequest()	16	static
RequestParam.h:24:17:virtual int rosserial_msgs::RequestParamRequest::serialize(unsigned char*) const	24	static
RequestParam.h:35:17:virtual int rosserial_msgs::RequestParamRequest::deserialize(unsigned char*)	32	static
RequestParam.h:50:18:virtual const char* rosserial_msgs::RequestParamRequest::getType()	16	static
RequestParam.h:51:18:virtual const char* rosserial_msgs::RequestParamRequest::getMD5()	16	static
RequestParam.h:71:5:rosserial_msgs::RequestParamResponse::RequestParamResponse()	16	static
RequestParam.h:78:17:virtual int rosserial_msgs::RequestParamResponse::serialize(unsigned char*) const	48	static
RequestParam.h:130:17:virtual int rosserial_msgs::RequestParamResponse::deserialize(unsigned char*)	64	static
RequestParam.h:200:18:virtual const char* rosserial_msgs::RequestParamResponse::getType()	16	static
RequestParam.h:201:18:virtual const char* rosserial_msgs::RequestParamResponse::getMD5()	16	static
TopicInfo.h:34:5:rosserial_msgs::TopicInfo::TopicInfo()	16	static
TopicInfo.h:43:17:virtual int rosserial_msgs::TopicInfo::serialize(unsigned char*) const	40	static
TopicInfo.h:77:17:virtual int rosserial_msgs::TopicInfo::deserialize(unsigned char*)	48	static
TopicInfo.h:124:18:virtual const char* rosserial_msgs::TopicInfo::getType()	16	static
TopicInfo.h:125:18:virtual const char* rosserial_msgs::TopicInfo::getMD5()	16	static
time.h:51:3:ros::Time::Time()	16	static
Time.h:19:5:std_msgs::Time::Time()	16	static
Time.h:24:17:virtual int std_msgs::Time::serialize(unsigned char*) const	24	static
Time.h:40:17:virtual int std_msgs::Time::deserialize(unsigned char*)	24	static
Time.h:56:18:virtual const char* std_msgs::Time::getType()	16	static
Time.h:57:18:virtual const char* std_msgs::Time::getMD5()	16	static
publisher.h:48:3:ros::Publisher::Publisher(const char*, ros::Msg*, int)	24	static
publisher.h:53:7:int ros::Publisher::publish(const ros::Msg*)	16	static
publisher.h:57:7:int ros::Publisher::getEndpointType()	16	static
hardwareserial.h:11:2:HardwareSerial::HardwareSerial(Serial_TypeDef)	16	static
STM32Hardware.h:15:5:STM32Hardware::STM32Hardware()	16	static
STM32Hardware.h:25:10:void STM32Hardware::setBaud(long int)	16	static
STM32Hardware.h:31:10:void STM32Hardware::init()	16	static
STM32Hardware.h:35:9:int STM32Hardware::read()	16	static
STM32Hardware.h:43:10:void STM32Hardware::write(uint8_t*, int)	32	static
STM32Hardware.h:49:19:long unsigned int STM32Hardware::time()	16	static
String.h:18:5:std_msgs::String::String()	16	static
String.h:23:17:virtual int std_msgs::String::serialize(unsigned char*) const	24	static
String.h:34:17:virtual int std_msgs::String::deserialize(unsigned char*)	32	static
String.h:49:18:virtual const char* std_msgs::String::getType()	16	static
String.h:50:18:virtual const char* std_msgs::String::getMD5()	16	static
Vector3.h:22:5:geometry_msgs::Vector3::Vector3()	16	static
Vector3.h:29:17:virtual int geometry_msgs::Vector3::serialize(unsigned char*) const	24	static
Vector3.h:38:17:virtual int geometry_msgs::Vector3::deserialize(unsigned char*)	24	static
Vector3.h:47:18:virtual const char* geometry_msgs::Vector3::getType()	16	static
Vector3.h:48:18:virtual const char* geometry_msgs::Vector3::getMD5()	16	static
Twist.h:21:5:geometry_msgs::Twist::Twist()	16	static
Twist.h:27:17:virtual int geometry_msgs::Twist::serialize(unsigned char*) const	24	static
Twist.h:35:17:virtual int geometry_msgs::Twist::deserialize(unsigned char*)	24	static
Twist.h:43:18:virtual const char* geometry_msgs::Twist::getType()	16	static
Twist.h:44:18:virtual const char* geometry_msgs::Twist::getMD5()	16	static
Point.h:22:5:geometry_msgs::Point::Point()	16	static
Point.h:29:17:virtual int geometry_msgs::Point::serialize(unsigned char*) const	24	static
Point.h:38:17:virtual int geometry_msgs::Point::deserialize(unsigned char*)	24	static
Point.h:47:18:virtual const char* geometry_msgs::Point::getType()	16	static
Point.h:48:18:virtual const char* geometry_msgs::Point::getMD5()	16	static
Quaternion.h:24:5:geometry_msgs::Quaternion::Quaternion()	16	static
Quaternion.h:32:17:virtual int geometry_msgs::Quaternion::serialize(unsigned char*) const	24	static
Quaternion.h:42:17:virtual int geometry_msgs::Quaternion::deserialize(unsigned char*)	24	static
Quaternion.h:52:18:virtual const char* geometry_msgs::Quaternion::getType()	16	static
Quaternion.h:53:18:virtual const char* geometry_msgs::Quaternion::getMD5()	16	static
Pose.h:22:5:geometry_msgs::Pose::Pose()	16	static
Pose.h:28:17:virtual int geometry_msgs::Pose::serialize(unsigned char*) const	24	static
Pose.h:36:17:virtual int geometry_msgs::Pose::deserialize(unsigned char*)	24	static
Pose.h:44:18:virtual const char* geometry_msgs::Pose::getType()	16	static
Pose.h:45:18:virtual const char* geometry_msgs::Pose::getMD5()	16	static
PoseWithCovariance.h:20:5:geometry_msgs::PoseWithCovariance::PoseWithCovariance()	16	static
PoseWithCovariance.h:26:17:virtual int geometry_msgs::PoseWithCovariance::serialize(unsigned char*) const	24	static
PoseWithCovariance.h:36:17:virtual int geometry_msgs::PoseWithCovariance::deserialize(unsigned char*)	24	static
PoseWithCovariance.h:46:18:virtual const char* geometry_msgs::PoseWithCovariance::getType()	16	static
PoseWithCovariance.h:47:18:virtual const char* geometry_msgs::PoseWithCovariance::getMD5()	16	static
TwistWithCovariance.h:20:5:geometry_msgs::TwistWithCovariance::TwistWithCovariance()	16	static
TwistWithCovariance.h:26:17:virtual int geometry_msgs::TwistWithCovariance::serialize(unsigned char*) const	24	static
TwistWithCovariance.h:36:17:virtual int geometry_msgs::TwistWithCovariance::deserialize(unsigned char*)	24	static
TwistWithCovariance.h:46:18:virtual const char* geometry_msgs::TwistWithCovariance::getType()	16	static
TwistWithCovariance.h:47:18:virtual const char* geometry_msgs::TwistWithCovariance::getMD5()	16	static
Header.h:23:5:std_msgs::Header::Header()	16	static
Header.h:30:17:virtual int std_msgs::Header::serialize(unsigned char*) const	24	static
Header.h:56:17:virtual int std_msgs::Header::deserialize(unsigned char*)	32	static
Header.h:86:18:virtual const char* std_msgs::Header::getType()	16	static
Header.h:87:18:virtual const char* std_msgs::Header::getMD5()	16	static
Odometry.h:27:5:nav_msgs::Odometry::Odometry()	16	static
Odometry.h:35:17:virtual int nav_msgs::Odometry::serialize(unsigned char*) const	24	static
Odometry.h:49:17:virtual int nav_msgs::Odometry::deserialize(unsigned char*)	32	static
Odometry.h:67:18:virtual const char* nav_msgs::Odometry::getType()	16	static
Odometry.h:68:18:virtual const char* nav_msgs::Odometry::getMD5()	16	static
Imu.h:30:5:sensor_msgs::Imu::Imu()	16	static
Imu.h:41:17:virtual int sensor_msgs::Imu::serialize(unsigned char*) const	32	static
Imu.h:60:17:virtual int sensor_msgs::Imu::deserialize(unsigned char*)	32	static
Imu.h:79:18:virtual const char* sensor_msgs::Imu::getType()	16	static
Imu.h:80:18:virtual const char* sensor_msgs::Imu::getMD5()	16	static
Transform.h:22:5:geometry_msgs::Transform::Transform()	16	static
Transform.h:28:17:virtual int geometry_msgs::Transform::serialize(unsigned char*) const	24	static
Transform.h:36:17:virtual int geometry_msgs::Transform::deserialize(unsigned char*)	24	static
Transform.h:44:18:virtual const char* geometry_msgs::Transform::getType()	16	static
Transform.h:45:18:virtual const char* geometry_msgs::Transform::getMD5()	16	static
TransformStamped.h:24:5:geometry_msgs::TransformStamped::TransformStamped()	16	static
TransformStamped.h:31:17:virtual int geometry_msgs::TransformStamped::serialize(unsigned char*) const	24	static
TransformStamped.h:44:17:virtual int geometry_msgs::TransformStamped::deserialize(unsigned char*)	32	static
TransformStamped.h:61:18:virtual const char* geometry_msgs::TransformStamped::getType()	16	static
TransformStamped.h:62:18:virtual const char* geometry_msgs::TransformStamped::getMD5()	16	static
tf.h:43:41:geometry_msgs::Quaternion tf::createQuaternionFromYaw(double)	32	static
tfMessage.h:21:5:tf::tfMessage::tfMessage()	16	static
tfMessage.h:26:17:virtual int tf::tfMessage::serialize(unsigned char*) const	32	static
tfMessage.h:40:17:virtual int tf::tfMessage::deserialize(unsigned char*)	32	static
tfMessage.h:58:18:virtual const char* tf::tfMessage::getType()	16	static
tfMessage.h:59:18:virtual const char* tf::tfMessage::getMD5()	16	static
transform_broadcaster.h:47:3:tf::TransformBroadcaster::TransformBroadcaster()	16	static
transform_broadcaster.h:49:8:void tf::TransformBroadcaster::init(ros::NodeHandle&)	16	static
transform_broadcaster.h:54:8:void tf::TransformBroadcaster::sendTransform(geometry_msgs::TransformStamped&)	16	static
main.cpp:78:5:int main()	16	static
main.cpp:126:7:void TIM6_DAC_IRQHandler()	8	static
main.cpp:144:6:void ROS_Init()	8	static
main.cpp:163:6:void ROS_Update()	128	static
main.cpp:180:6:void cmdVelCallback(const geometry_msgs::Twist&)	24	static
msg.h:45:7:ros::Msg& ros::Msg::operator=(const ros::Msg&)	16	static
Quaternion.h:12:9:geometry_msgs::Quaternion& geometry_msgs::Quaternion::operator=(const geometry_msgs::Quaternion&)	16	static
main.cpp:192:6:void publishImuMsg()	24	static
main.cpp:211:6:void publishDriveInformation()	24	static
main.cpp:238:6:void updateTFPrefix()	80	static
main.cpp:311:6:void updateOdometry()	40	static
Header.h:13:9:std_msgs::Header& std_msgs::Header::operator=(const std_msgs::Header&)	16	static
main.cpp:342:6:void updateTF(geometry_msgs::TransformStamped&)	16	static
main.cpp:355:6:void updateTime()	24	static
main.cpp:364:11:ros::Time rosNow()	16	static
main.cpp:372:6:void initOdom()	4	static
msg.h:129:15:static void ros::Msg::varToArr(A, V) [with A = unsigned char*; V = long unsigned int]	24	static
msg.h:137:15:static void ros::Msg::arrToVar(V&, A) [with V = long unsigned int; A = unsigned char*]	24	static
node_handle.h:414:8:bool ros::NodeHandle_<Hardware, MAX_SUBSCRIBERS, MAX_PUBLISHERS, INPUT_SIZE, OUTPUT_SIZE>::advertise(ros::Publisher&) [with Hardware = STM32Hardware; int MAX_SUBSCRIBERS = 25; int MAX_PUBLISHERS = 25; int INPUT_SIZE = 1024; int OUTPUT_SIZE = 1024]	24	static
node_handle.h:49:7:ros::NodeHandleBase_::NodeHandleBase_()	16	static
node_handle.h:127:3:ros::NodeHandle_<Hardware, MAX_SUBSCRIBERS, MAX_PUBLISHERS, INPUT_SIZE, OUTPUT_SIZE>::NodeHandle_() [with Hardware = STM32Hardware; int MAX_SUBSCRIBERS = 25; int MAX_PUBLISHERS = 25; int INPUT_SIZE = 1024; int OUTPUT_SIZE = 1024]	32	static
subscriber.h:44:7:ros::Subscriber_::Subscriber_()	16	static
subscriber.h:107:3:ros::Subscriber<MsgT, void>::Subscriber(const char*, ros::Subscriber<MsgT, void>::CallbackT, int) [with MsgT = geometry_msgs::Twist]	24	static
node_handle.h:211:15:int ros::NodeHandle_<Hardware, MAX_SUBSCRIBERS, MAX_PUBLISHERS, INPUT_SIZE, OUTPUT_SIZE>::spinOnce() [with Hardware = STM32Hardware; int MAX_SUBSCRIBERS = 25; int MAX_PUBLISHERS = 25; int INPUT_SIZE = 1024; int OUTPUT_SIZE = 1024]	24	static
node_handle.h:158:8:void ros::NodeHandle_<Hardware, MAX_SUBSCRIBERS, MAX_PUBLISHERS, INPUT_SIZE, OUTPUT_SIZE>::initNode() [with Hardware = STM32Hardware; int MAX_SUBSCRIBERS = 25; int MAX_PUBLISHERS = 25; int INPUT_SIZE = 1024; int OUTPUT_SIZE = 1024]	16	static
node_handle.h:152:13:Hardware* ros::NodeHandle_<Hardware, MAX_SUBSCRIBERS, MAX_PUBLISHERS, INPUT_SIZE, OUTPUT_SIZE>::getHardware() [with Hardware = STM32Hardware; int MAX_SUBSCRIBERS = 25; int MAX_PUBLISHERS = 25; int INPUT_SIZE = 1024; int OUTPUT_SIZE = 1024]	16	static
node_handle.h:431:8:bool ros::NodeHandle_<Hardware, MAX_SUBSCRIBERS, MAX_PUBLISHERS, INPUT_SIZE, OUTPUT_SIZE>::subscribe(SubscriberT&) [with SubscriberT = ros::Subscriber<geometry_msgs::Twist>; Hardware = STM32Hardware; int MAX_SUBSCRIBERS = 25; int MAX_PUBLISHERS = 25; int INPUT_SIZE = 1024; int OUTPUT_SIZE = 1024]	24	static
node_handle.h:645:8:bool ros::NodeHandle_<Hardware, MAX_SUBSCRIBERS, MAX_PUBLISHERS, INPUT_SIZE, OUTPUT_SIZE>::getParam(const char*, char**, int, int) [with Hardware = STM32Hardware; int MAX_SUBSCRIBERS = 25; int MAX_PUBLISHERS = 25; int INPUT_SIZE = 1024; int OUTPUT_SIZE = 1024]	32	static
node_handle.h:564:8:void ros::NodeHandle_<Hardware, MAX_SUBSCRIBERS, MAX_PUBLISHERS, INPUT_SIZE, OUTPUT_SIZE>::loginfo(const char*) [with Hardware = STM32Hardware; int MAX_SUBSCRIBERS = 25; int MAX_PUBLISHERS = 25; int INPUT_SIZE = 1024; int OUTPUT_SIZE = 1024]	16	static
node_handle.h:391:8:ros::Time ros::NodeHandle_<Hardware, MAX_SUBSCRIBERS, MAX_PUBLISHERS, INPUT_SIZE, OUTPUT_SIZE>::now() [with Hardware = STM32Hardware; int MAX_SUBSCRIBERS = 25; int MAX_PUBLISHERS = 25; int INPUT_SIZE = 1024; int OUTPUT_SIZE = 1024]	24	static
node_handle.h:371:8:void ros::NodeHandle_<Hardware, MAX_SUBSCRIBERS, MAX_PUBLISHERS, INPUT_SIZE, OUTPUT_SIZE>::requestSyncTime() [with Hardware = STM32Hardware; int MAX_SUBSCRIBERS = 25; int MAX_PUBLISHERS = 25; int INPUT_SIZE = 1024; int OUTPUT_SIZE = 1024]	32	static
node_handle.h:479:8:void ros::NodeHandle_<Hardware, MAX_SUBSCRIBERS, MAX_PUBLISHERS, INPUT_SIZE, OUTPUT_SIZE>::negotiateTopics() [with Hardware = STM32Hardware; int MAX_SUBSCRIBERS = 25; int MAX_PUBLISHERS = 25; int INPUT_SIZE = 1024; int OUTPUT_SIZE = 1024]	56	static
node_handle.h:378:8:void ros::NodeHandle_<Hardware, MAX_SUBSCRIBERS, MAX_PUBLISHERS, INPUT_SIZE, OUTPUT_SIZE>::syncTime(uint8_t*) [with Hardware = STM32Hardware; int MAX_SUBSCRIBERS = 25; int MAX_PUBLISHERS = 25; int INPUT_SIZE = 1024; int OUTPUT_SIZE = 1024]	32	static
node_handle.h:589:8:bool ros::NodeHandle_<Hardware, MAX_SUBSCRIBERS, MAX_PUBLISHERS, INPUT_SIZE, OUTPUT_SIZE>::requestParam(const char*, int) [with Hardware = STM32Hardware; int MAX_SUBSCRIBERS = 25; int MAX_PUBLISHERS = 25; int INPUT_SIZE = 1024; int OUTPUT_SIZE = 1024]	40	static
node_handle.h:568:8:void ros::NodeHandle_<Hardware, MAX_SUBSCRIBERS, MAX_PUBLISHERS, INPUT_SIZE, OUTPUT_SIZE>::logwarn(const char*) [with Hardware = STM32Hardware; int MAX_SUBSCRIBERS = 25; int MAX_PUBLISHERS = 25; int INPUT_SIZE = 1024; int OUTPUT_SIZE = 1024]	16	static
node_handle.h:551:8:void ros::NodeHandle_<Hardware, MAX_SUBSCRIBERS, MAX_PUBLISHERS, INPUT_SIZE, OUTPUT_SIZE>::log(char, const char*) [with Hardware = STM32Hardware; int MAX_SUBSCRIBERS = 25; int MAX_PUBLISHERS = 25; int INPUT_SIZE = 1024; int OUTPUT_SIZE = 1024]	40	static
node_handle.h:510:15:int ros::NodeHandle_<Hardware, MAX_SUBSCRIBERS, MAX_PUBLISHERS, INPUT_SIZE, OUTPUT_SIZE>::publish(int, const ros::Msg*) [with Hardware = STM32Hardware; int MAX_SUBSCRIBERS = 25; int MAX_PUBLISHERS = 25; int INPUT_SIZE = 1024; int OUTPUT_SIZE = 1024]	40	static
node_handle.h:401:8:void ros::NodeHandle_<Hardware, MAX_SUBSCRIBERS, MAX_PUBLISHERS, INPUT_SIZE, OUTPUT_SIZE>::setNow(ros::Time&) [with Hardware = STM32Hardware; int MAX_SUBSCRIBERS = 25; int MAX_PUBLISHERS = 25; int INPUT_SIZE = 1024; int OUTPUT_SIZE = 1024]	24	static
node_handle.h:572:8:void ros::NodeHandle_<Hardware, MAX_SUBSCRIBERS, MAX_PUBLISHERS, INPUT_SIZE, OUTPUT_SIZE>::logerror(const char*) [with Hardware = STM32Hardware; int MAX_SUBSCRIBERS = 25; int MAX_PUBLISHERS = 25; int INPUT_SIZE = 1024; int OUTPUT_SIZE = 1024]	16	static
main.cpp:386:1:void __static_initialization_and_destruction_0(int, int)	16	static
subscriber.h:114:16:void ros::Subscriber<MsgT, void>::callback(unsigned char*) [with MsgT = geometry_msgs::Twist]	16	static
subscriber.h:128:15:int ros::Subscriber<MsgT, void>::getEndpointType() [with MsgT = geometry_msgs::Twist]	16	static
subscriber.h:120:24:const char* ros::Subscriber<MsgT, void>::getMsgType() [with MsgT = geometry_msgs::Twist]	16	static
subscriber.h:124:24:const char* ros::Subscriber<MsgT, void>::getMsgMD5() [with MsgT = geometry_msgs::Twist]	16	static
node_handle.h:362:16:bool ros::NodeHandle_<Hardware, MAX_SUBSCRIBERS, MAX_PUBLISHERS, INPUT_SIZE, OUTPUT_SIZE>::connected() [with Hardware = STM32Hardware; int MAX_SUBSCRIBERS = 25; int MAX_PUBLISHERS = 25; int INPUT_SIZE = 1024; int OUTPUT_SIZE = 1024]	16	static
main.cpp:386:1:cpp)	8	static
